Archive member included to satisfy reference by file (symbol)

d:/mounriver/mounriver_studio/toolchain/risc-v embedded gcc/bin/../lib/gcc/riscv-none-embed/8.2.0/rv32imac/ilp32\libgcc.a(adddf3.o)
                              ./zf_common/zf_common_function.o (__adddf3)
d:/mounriver/mounriver_studio/toolchain/risc-v embedded gcc/bin/../lib/gcc/riscv-none-embed/8.2.0/rv32imac/ilp32\libgcc.a(divdf3.o)
                              ./zf_common/zf_common_function.o (__divdf3)
d:/mounriver/mounriver_studio/toolchain/risc-v embedded gcc/bin/../lib/gcc/riscv-none-embed/8.2.0/rv32imac/ilp32\libgcc.a(eqdf2.o)
                              ./zf_common/zf_common_function.o (__eqdf2)
d:/mounriver/mounriver_studio/toolchain/risc-v embedded gcc/bin/../lib/gcc/riscv-none-embed/8.2.0/rv32imac/ilp32\libgcc.a(ledf2.o)
                              ./zf_common/zf_common_function.o (__ltdf2)
d:/mounriver/mounriver_studio/toolchain/risc-v embedded gcc/bin/../lib/gcc/riscv-none-embed/8.2.0/rv32imac/ilp32\libgcc.a(muldf3.o)
                              ./zf_common/zf_common_function.o (__muldf3)
d:/mounriver/mounriver_studio/toolchain/risc-v embedded gcc/bin/../lib/gcc/riscv-none-embed/8.2.0/rv32imac/ilp32\libgcc.a(subdf3.o)
                              ./zf_common/zf_common_function.o (__subdf3)
d:/mounriver/mounriver_studio/toolchain/risc-v embedded gcc/bin/../lib/gcc/riscv-none-embed/8.2.0/rv32imac/ilp32\libgcc.a(fixdfsi.o)
                              ./zf_common/zf_common_function.o (__fixdfsi)
d:/mounriver/mounriver_studio/toolchain/risc-v embedded gcc/bin/../lib/gcc/riscv-none-embed/8.2.0/rv32imac/ilp32\libgcc.a(floatsidf.o)
                              ./zf_common/zf_common_function.o (__floatsidf)
d:/mounriver/mounriver_studio/toolchain/risc-v embedded gcc/bin/../lib/gcc/riscv-none-embed/8.2.0/rv32imac/ilp32\libgcc.a(addsf3.o)
                              ./zf_device/zf_device_ips114.o (__addsf3)
d:/mounriver/mounriver_studio/toolchain/risc-v embedded gcc/bin/../lib/gcc/riscv-none-embed/8.2.0/rv32imac/ilp32\libgcc.a(divsf3.o)
                              ./zf_device/zf_device_ips114.o (__divsf3)
d:/mounriver/mounriver_studio/toolchain/risc-v embedded gcc/bin/../lib/gcc/riscv-none-embed/8.2.0/rv32imac/ilp32\libgcc.a(eqsf2.o)
                              ./zf_common/zf_common_function.o (__eqsf2)
d:/mounriver/mounriver_studio/toolchain/risc-v embedded gcc/bin/../lib/gcc/riscv-none-embed/8.2.0/rv32imac/ilp32\libgcc.a(lesf2.o)
                              ./zf_common/zf_common_function.o (__ltsf2)
d:/mounriver/mounriver_studio/toolchain/risc-v embedded gcc/bin/../lib/gcc/riscv-none-embed/8.2.0/rv32imac/ilp32\libgcc.a(mulsf3.o)
                              ./zf_device/zf_device_ips114.o (__mulsf3)
d:/mounriver/mounriver_studio/toolchain/risc-v embedded gcc/bin/../lib/gcc/riscv-none-embed/8.2.0/rv32imac/ilp32\libgcc.a(subsf3.o)
                              ./zf_device/zf_device_ips114.o (__subsf3)
d:/mounriver/mounriver_studio/toolchain/risc-v embedded gcc/bin/../lib/gcc/riscv-none-embed/8.2.0/rv32imac/ilp32\libgcc.a(fixsfsi.o)
                              ./zf_device/zf_device_ips114.o (__fixsfsi)
d:/mounriver/mounriver_studio/toolchain/risc-v embedded gcc/bin/../lib/gcc/riscv-none-embed/8.2.0/rv32imac/ilp32\libgcc.a(floatsisf.o)
                              ./zf_device/zf_device_ips114.o (__floatsisf)
d:/mounriver/mounriver_studio/toolchain/risc-v embedded gcc/bin/../lib/gcc/riscv-none-embed/8.2.0/rv32imac/ilp32\libgcc.a(floatunsisf.o)
                              ./zf_device/zf_device_ips114.o (__floatunsisf)
d:/mounriver/mounriver_studio/toolchain/risc-v embedded gcc/bin/../lib/gcc/riscv-none-embed/8.2.0/rv32imac/ilp32\libgcc.a(_clzsi2.o)
                              d:/mounriver/mounriver_studio/toolchain/risc-v embedded gcc/bin/../lib/gcc/riscv-none-embed/8.2.0/rv32imac/ilp32\libgcc.a(adddf3.o) (__clzsi2)
d:/mounriver/mounriver_studio/toolchain/risc-v embedded gcc/bin/../lib/gcc/riscv-none-embed/8.2.0/rv32imac/ilp32\libgcc.a(_clz.o)
                              d:/mounriver/mounriver_studio/toolchain/risc-v embedded gcc/bin/../lib/gcc/riscv-none-embed/8.2.0/rv32imac/ilp32\libgcc.a(_clzsi2.o) (__clz_tab)
d:/mounriver/mounriver_studio/toolchain/risc-v embedded gcc/bin/../lib/gcc/riscv-none-embed/8.2.0/../../../../riscv-none-embed/lib/rv32imac/ilp32\libg_nano.a(lib_a-memcpy.o)
                              ./zf_common/zf_common_debug.o (memcpy)
d:/mounriver/mounriver_studio/toolchain/risc-v embedded gcc/bin/../lib/gcc/riscv-none-embed/8.2.0/../../../../riscv-none-embed/lib/rv32imac/ilp32\libg_nano.a(lib_a-memset.o)
                              ./zf_driver/zf_driver_flash.o (memset)
d:/mounriver/mounriver_studio/toolchain/risc-v embedded gcc/bin/../lib/gcc/riscv-none-embed/8.2.0/../../../../riscv-none-embed/lib/rv32imac/ilp32\libg_nano.a(lib_a-nano-vfprintf_float.o)
                              (_printf_float)
[...]
Memory Configuration

Name             Origin             Length             Attributes
RAM              0x0000000020000000 0x0000000000010000 xrw
FLASH            0x0000000000000000 0x0000000000040000 xr
*default*        0x0000000000000000 0xffffffffffffffff

Linker script and memory map

LOAD ./zf_driver/zf_driver_adc.o
LOAD ./zf_driver/zf_driver_delay.o
LOAD ./zf_driver/zf_driver_dvp.o
LOAD ./zf_driver/zf_driver_encoder.o
LOAD ./zf_driver/zf_driver_exti.o
LOAD ./zf_driver/zf_driver_flash.o
LOAD ./zf_driver/zf_driver_gpio.o
LOAD ./zf_driver/zf_driver_irq.o
LOAD ./zf_driver/zf_driver_pit.o
LOAD ./zf_driver/zf_driver_pwm.o
LOAD ./zf_driver/zf_driver_soft_iic.o
LOAD ./zf_driver/zf_driver_spi.o
LOAD ./zf_driver/zf_driver_timer.o
LOAD ./zf_driver/zf_driver_uart.o
LOAD ./zf_driver/zf_driver_usb_cdc.o
LOAD ./zf_device/zf_device_absolute_encoder.o
LOAD ./zf_device/zf_device_bluetooth_ch9141.o
LOAD ./zf_device/zf_device_bluetooth_ch9141_ch2.o
LOAD ./zf_device/zf_device_camera.o
LOAD ./zf_device/zf_device_icm20602.o
LOAD ./zf_device/zf_device_ips114.o
LOAD ./zf_device/zf_device_ips200_parallel8.o
LOAD ./zf_device/zf_device_mpu6050.o
LOAD ./zf_device/zf_device_mt9v03x_dvp.o
LOAD ./zf_device/zf_device_oled.o
LOAD ./zf_device/zf_device_scc8660_dvp.o
LOAD ./zf_device/zf_device_tft180.o
LOAD ./zf_device/zf_device_type.o
LOAD ./zf_device/zf_device_virtual_oscilloscope.o
LOAD ./zf_device/zf_device_wireless_ch573.o
LOAD ./zf_device/zf_device_wireless_uart.o
LOAD ./zf_common/zf_common_clock.o
LOAD ./zf_common/zf_common_debug.o
LOAD ./zf_common/zf_common_fifo.o
LOAD ./zf_common/zf_common_font.o
LOAD ./zf_common/zf_common_function.o
LOAD ./zf_common/zf_common_interrupt.o
LOAD ./user_c/isr.o
LOAD ./user_c/main.o
LOAD ./sdk/Startup/startup_ch32v30x.o
LOAD ./sdk/Startup/system_ch32v30x.o
LOAD ./sdk/Peripheral/ch32v30x_adc.o
LOAD ./sdk/Peripheral/ch32v30x_bkp.o
LOAD ./sdk/Peripheral/ch32v30x_can.o
LOAD ./sdk/Peripheral/ch32v30x_crc.o
LOAD ./sdk/Peripheral/ch32v30x_dac.o
LOAD ./sdk/Peripheral/ch32v30x_dbgmcu.o
LOAD ./sdk/Peripheral/ch32v30x_dma.o
LOAD ./sdk/Peripheral/ch32v30x_dvp.o
LOAD ./sdk/Peripheral/ch32v30x_eth.o
LOAD ./sdk/Peripheral/ch32v30x_exti.o
LOAD ./sdk/Peripheral/ch32v30x_flash.o
LOAD ./sdk/Peripheral/ch32v30x_fsmc.o
LOAD ./sdk/Peripheral/ch32v30x_gpio.o
LOAD ./sdk/Peripheral/ch32v30x_i2c.o
LOAD ./sdk/Peripheral/ch32v30x_iwdg.o
LOAD ./sdk/Peripheral/ch32v30x_misc.o
LOAD ./sdk/Peripheral/ch32v30x_opa.o
LOAD ./sdk/Peripheral/ch32v30x_pwr.o
LOAD ./sdk/Peripheral/ch32v30x_rcc.o
LOAD ./sdk/Peripheral/ch32v30x_rng.o
LOAD ./sdk/Peripheral/ch32v30x_rtc.o
LOAD ./sdk/Peripheral/ch32v30x_sdio.o
LOAD ./sdk/Peripheral/ch32v30x_spi.o
LOAD ./sdk/Peripheral/ch32v30x_tim.o
LOAD ./sdk/Peripheral/ch32v30x_usart.o
LOAD ./sdk/Peripheral/ch32v30x_usbotg_device.o
LOAD ./sdk/Peripheral/ch32v30x_wwdg.o
LOAD ./sdk/Core/core_riscv.o
LOAD d:/mounriver/mounriver_studio/toolchain/risc-v embedded gcc/bin/../lib/gcc/riscv-none-embed/8.2.0/../../../../riscv-none-embed/lib/rv32imac/ilp32\libm.a
LOAD d:/mounriver/mounriver_studio/toolchain/risc-v embedded gcc/bin/../lib/gcc/riscv-none-embed/8.2.0/rv32imac/ilp32\libgcc.a
LOAD d:/mounriver/mounriver_studio/toolchain/risc-v embedded gcc/bin/../lib/gcc/riscv-none-embed/8.2.0/../../../../riscv-none-embed/lib/rv32imac/ilp32\libg_nano.a
LOAD d:/mounriver/mounriver_studio/toolchain/risc-v embedded gcc/bin/../lib/gcc/riscv-none-embed/8.2.0/../../../../riscv-none-embed/lib/rv32imac/ilp32\libc_nano.a
LOAD d:/mounriver/mounriver_studio/toolchain/risc-v embedded gcc/bin/../lib/gcc/riscv-none-embed/8.2.0/rv32imac/ilp32\libgcc.a
START GROUP
LOAD d:/mounriver/mounriver_studio/toolchain/risc-v embedded gcc/bin/../lib/gcc/riscv-none-embed/8.2.0/rv32imac/ilp32\libgcc.a
LOAD d:/mounriver/mounriver_studio/toolchain/risc-v embedded gcc/bin/../lib/gcc/riscv-none-embed/8.2.0/../../../../riscv-none-embed/lib/rv32imac/ilp32\libc_nano.a
LOAD d:/mounriver/mounriver_studio/toolchain/risc-v embedded gcc/bin/../lib/gcc/riscv-none-embed/8.2.0/../../../../riscv-none-embed/lib/rv32imac/ilp32\libnosys.a
END GROUP
START GROUP
LOAD d:/mounriver/mounriver_studio/toolchain/risc-v embedded gcc/bin/../lib/gcc/riscv-none-embed/8.2.0/rv32imac/ilp32\libgcc.a
LOAD d:/mounriver/mounriver_studio/toolchain/risc-v embedded gcc/bin/../lib/gcc/riscv-none-embed/8.2.0/../../../../riscv-none-embed/lib/rv32imac/ilp32\libc_nano.a
LOAD d:/mounriver/mounriver_studio/toolchain/risc-v embedded gcc/bin/../lib/gcc/riscv-none-embed/8.2.0/../../../../riscv-none-embed/lib/rv32imac/ilp32\libnosys.a
END GROUP
                0x0000000000000800                __stack_size = 0x800
                [!provide]                        PROVIDE (_stack_size = __stack_size)

.init           0x0000000000000000       0x38
                0x0000000000000000                _sinit = .
                0x0000000000000000                . = ALIGN (0x4)
 *(SORT_NONE(.init))
 .init          0x0000000000000000       0x38 ./sdk/Startup/startup_ch32v30x.o
                0x0000000000000000                _start
                0x0000000000000038                . = ALIGN (0x4)
                0x0000000000000038                _einit = .

.vector         0x0000000000000038      0x1c8
 *(.vector)
 .vector        0x0000000000000038      0x1a0 ./sdk/Startup/startup_ch32v30x.o
                0x0000000000000200                . = ALIGN (0x40)
 *fill*         0x00000000000001d8       0x28 

.text           0x0000000000000200     0xa2d4
                0x0000000000000200                . = ALIGN (0x4)
 *(.text)
 .text          0x0000000000000200       0x14 ./zf_driver/zf_driver_irq.o
                0x0000000000000200                dis_interrupt
                0x0000000000000206                en_interrupt
 .text          0x0000000000000214       0xa8 d:/mounriver/mounriver_studio/toolchain/risc-v embedded gcc/bin/../lib/gcc/riscv-none-embed/8.2.0/../../../../riscv-none-embed/lib/rv32imac/ilp32\libg_nano.a(lib_a-memset.o)
                0x0000000000000214                memset
 *(.text.*)
 .text.system_delay
                0x00000000000002bc       0x5c ./zf_driver/zf_driver_delay.o
                0x00000000000002bc                system_delay
 .text.gpio_toggle_level
                0x0000000000000318       0x66 ./zf_driver/zf_driver_gpio.o
                0x0000000000000318                gpio_toggle_level
 .text.gpio_init
                0x000000000000037e      0x196 ./zf_driver/zf_driver_gpio.o
                0x000000000000037e                gpio_init
 .text.spi_gpio_init
                0x0000000000000514      0x204 ./zf_driver/zf_driver_spi.o
                0x0000000000000514                spi_gpio_init
 .text.spi_init
                0x0000000000000718      0x264 ./zf_driver/zf_driver_spi.o
                0x0000000000000718                spi_init
 .text.spi_write_8bit
                0x000000000000097c       0x56 ./zf_driver/zf_driver_spi.o
                0x000000000000097c                spi_write_8bit
 .text.spi_write_16bit
                0x00000000000009d2       0xa6 ./zf_driver/zf_driver_spi.o
                0x00000000000009d2                spi_write_16bit
 .text.uart_gpio_init
                0x0000000000000a78      0x408 ./zf_driver/zf_driver_uart.o
                0x0000000000000a78                uart_gpio_init
 .text.uart_rx_interrupt
                0x0000000000000e80       0x86 ./zf_driver/zf_driver_uart.o
                0x0000000000000e80                uart_rx_interrupt
 .text.uart_query_byte
                0x0000000000000f06       0x5e ./zf_driver/zf_driver_uart.o
                0x0000000000000f06                uart_query_byte
 .text.uart_init
                0x0000000000000f64      0x2b0 ./zf_driver/zf_driver_uart.o
                0x0000000000000f64                uart_init
 .text.bluetooth_ch9141_uart_callback_ch1
                0x0000000000001214       0x28 ./zf_device/zf_device_bluetooth_ch9141.o
                0x0000000000001214                bluetooth_ch9141_uart_callback_ch1
 .text.bluetooth_ch9141_uart_callback_ch2
                0x000000000000123c       0x28 ./zf_device/zf_device_bluetooth_ch9141_ch2.o
                0x000000000000123c                bluetooth_ch9141_uart_callback_ch2
 .text.camera_uart_handler
                0x0000000000001264       0x36 ./zf_device/zf_device_camera.o
                0x0000000000001264                camera_uart_handler
 .text.camera_dvp_handler
                0x000000000000129a       0x2c ./zf_device/zf_device_camera.o
                0x000000000000129a                camera_dvp_handler
 .text.mt9v03x_uart_callback_dvp
                0x00000000000012c6       0x64 ./zf_device/zf_device_mt9v03x_dvp.o
                0x00000000000012c6                mt9v03x_uart_callback_dvp
 .text.mt9v03x_handler_dvp
                0x000000000000132a       0x14 ./zf_device/zf_device_mt9v03x_dvp.o
                0x000000000000132a                mt9v03x_handler_dvp
 .text.scc8660_uart_callback_dvp
                0x000000000000133e       0x64 ./zf_device/zf_device_scc8660_dvp.o
                0x000000000000133e                scc8660_uart_callback_dvp
 .text.scc8660_vsync_dvp
                0x00000000000013a2       0x14 ./zf_device/zf_device_scc8660_dvp.o
                0x00000000000013a2                scc8660_vsync_dvp
 .text.tft180_write_index
                0x00000000000013b6       0x7c ./zf_device/zf_device_tft180.o
 .text.tft180_set_region
                0x0000000000001432      0x1ec ./zf_device/zf_device_tft180.o
 .text.tft180_clear
                0x000000000000161e       0x78 ./zf_device/zf_device_tft180.o
                0x000000000000161e                tft180_clear
 .text.tft180_set_dir
                0x0000000000001696       0x4e ./zf_device/zf_device_tft180.o
                0x0000000000001696                tft180_set_dir
 .text.tft180_set_color
                0x00000000000016e4       0x34 ./zf_device/zf_device_tft180.o
                0x00000000000016e4                tft180_set_color
 .text.tft180_show_char
                0x0000000000001718      0x142 ./zf_device/zf_device_tft180.o
                0x0000000000001718                tft180_show_char
 .text.tft180_show_string
                0x000000000000185a       0xc6 ./zf_device/zf_device_tft180.o
                0x000000000000185a                tft180_show_string
 .text.tft180_init
                0x0000000000001920      0x470 ./zf_device/zf_device_tft180.o
                0x0000000000001920                tft180_init
 .text.wireless_ch573_callback
                0x0000000000001d90       0x28 ./zf_device/zf_device_wireless_ch573.o
                0x0000000000001d90                wireless_ch573_callback
 .text.wireless_uart_callback
                0x0000000000001db8       0x28 ./zf_device/zf_device_wireless_uart.o
                0x0000000000001db8                wireless_uart_callback
 .text.clock_init
                0x0000000000001de0       0x28 ./zf_common/zf_common_clock.o
                0x0000000000001de0                clock_init
 .text.clock_reset
                0x0000000000001e08       0x76 ./zf_common/zf_common_clock.o
 .text.clock_set_freq
                0x0000000000001e7e      0x260 ./zf_common/zf_common_clock.o
 .text.__NOP    0x00000000000020de       0x10 ./zf_common/zf_common_debug.o
 .text.debug_init
                0x00000000000020ee       0x34 ./zf_common/zf_common_debug.o
                0x00000000000020ee                debug_init
 .text.debug_assert_handler
                0x0000000000002122       0x44 ./zf_common/zf_common_debug.o
                0x0000000000002122                debug_assert_handler
 .text._write   0x0000000000002166       0x7c ./zf_common/zf_common_debug.o
                0x0000000000002166                _write
 .text.fifo_head_offset
                0x00000000000021e2       0x4e ./zf_common/zf_common_fifo.o
                0x00000000000021e2                fifo_head_offset
 .text.fifo_write_buffer
                0x0000000000002230      0x100 ./zf_common/zf_common_fifo.o
                0x0000000000002230                fifo_write_buffer
 .text.NVIC_EnableIRQ
                0x0000000000002330       0x32 ./zf_common/zf_common_interrupt.o
 .text.NVIC_DisableIRQ
                0x0000000000002362       0x32 ./zf_common/zf_common_interrupt.o
 .text.interrupt_enable
                0x0000000000002394       0x1c ./zf_common/zf_common_interrupt.o
                0x0000000000002394                interrupt_enable
 .text.interrupt_disable
                0x00000000000023b0       0x1c ./zf_common/zf_common_interrupt.o
                0x00000000000023b0                interrupt_disable
 .text.interrupt_init
                0x00000000000023cc        0xe ./zf_common/zf_common_interrupt.o
                0x00000000000023cc                interrupt_init
 .text.interrupt_global_enable
                0x00000000000023da       0x2e ./zf_common/zf_common_interrupt.o
                0x00000000000023da                interrupt_global_enable
 .text.interrupt_global_disable
                0x0000000000002408       0x28 ./zf_common/zf_common_interrupt.o
                0x0000000000002408                interrupt_global_disable
 .text.USART1_IRQHandler
                0x0000000000002430       0x34 ./user_c/isr.o
                0x0000000000002430                USART1_IRQHandler
 .text.USART2_IRQHandler
                0x0000000000002464       0x62 ./user_c/isr.o
                0x0000000000002464                USART2_IRQHandler
 .text.USART3_IRQHandler
                0x00000000000024c6       0x34 ./user_c/isr.o
                0x00000000000024c6                USART3_IRQHandler
 .text.UART4_IRQHandler
                0x00000000000024fa       0x34 ./user_c/isr.o
                0x00000000000024fa                UART4_IRQHandler
 .text.UART5_IRQHandler
                0x000000000000252e       0x30 ./user_c/isr.o
                0x000000000000252e                UART5_IRQHandler
 .text.UART6_IRQHandler
                0x000000000000255e       0x34 ./user_c/isr.o
                0x000000000000255e                UART6_IRQHandler
 .text.UART7_IRQHandler
                0x0000000000002592       0x4c ./user_c/isr.o
                0x0000000000002592                UART7_IRQHandler
 .text.UART8_IRQHandler
                0x00000000000025de       0x2c ./user_c/isr.o
                0x00000000000025de                UART8_IRQHandler
 .text.DVP_IRQHandler
                0x000000000000260a       0x3e ./user_c/isr.o
                0x000000000000260a                DVP_IRQHandler
 .text.EXTI0_IRQHandler
                0x0000000000002648       0x24 ./user_c/isr.o
                0x0000000000002648                EXTI0_IRQHandler
 .text.EXTI1_IRQHandler
                0x000000000000266c       0x24 ./user_c/isr.o
                0x000000000000266c                EXTI1_IRQHandler
 .text.EXTI2_IRQHandler
                0x0000000000002690       0x24 ./user_c/isr.o
                0x0000000000002690                EXTI2_IRQHandler
 .text.EXTI3_IRQHandler
                0x00000000000026b4       0x24 ./user_c/isr.o
                0x00000000000026b4                EXTI3_IRQHandler
 .text.EXTI4_IRQHandler
                0x00000000000026d8       0x24 ./user_c/isr.o
                0x00000000000026d8                EXTI4_IRQHandler
 .text.EXTI9_5_IRQHandler
                0x00000000000026fc       0x7c ./user_c/isr.o
                0x00000000000026fc                EXTI9_5_IRQHandler
 .text.EXTI15_10_IRQHandler
                0x0000000000002778       0x7c ./user_c/isr.o
                0x0000000000002778                EXTI15_10_IRQHandler
 .text.TIM1_UP_IRQHandler
                0x00000000000027f4       0x30 ./user_c/isr.o
                0x00000000000027f4                TIM1_UP_IRQHandler
 .text.TIM2_IRQHandler
                0x0000000000002824       0x30 ./user_c/isr.o
                0x0000000000002824                TIM2_IRQHandler
 .text.TIM3_IRQHandler
                0x0000000000002854       0x30 ./user_c/isr.o
                0x0000000000002854                TIM3_IRQHandler
 .text.TIM4_IRQHandler
                0x0000000000002884       0x30 ./user_c/isr.o
                0x0000000000002884                TIM4_IRQHandler
 .text.TIM5_IRQHandler
                0x00000000000028b4       0x30 ./user_c/isr.o
                0x00000000000028b4                TIM5_IRQHandler
 .text.TIM6_IRQHandler
                0x00000000000028e4       0x28 ./user_c/isr.o
                0x00000000000028e4                TIM6_IRQHandler
 .text.TIM7_IRQHandler
                0x000000000000290c       0x30 ./user_c/isr.o
                0x000000000000290c                TIM7_IRQHandler
 .text.TIM8_UP_IRQHandler
                0x000000000000293c       0x30 ./user_c/isr.o
                0x000000000000293c                TIM8_UP_IRQHandler
 .text.TIM9_UP_IRQHandler
                0x000000000000296c       0x30 ./user_c/isr.o
                0x000000000000296c                TIM9_UP_IRQHandler
 .text.TIM10_UP_IRQHandler
                0x000000000000299c       0x28 ./user_c/isr.o
                0x000000000000299c                TIM10_UP_IRQHandler
 .text.NMI_Handler
                0x00000000000029c4       0x10 ./user_c/isr.o
                0x00000000000029c4                NMI_Handler
 .text.HardFault_Handler
                0x00000000000029d4        0x8 ./user_c/isr.o
                0x00000000000029d4                HardFault_Handler
 .text.Blink    0x00000000000029dc       0x3c ./user_c/main.o
                0x00000000000029dc                Blink
 .text.Init     0x0000000000002a18       0x24 ./user_c/main.o
                0x0000000000002a18                Init
 .text.main     0x0000000000002a3c       0x5e ./user_c/main.o
                0x0000000000002a3c                main
 .text.vector_handler
                0x0000000000002a9a       0xbe ./sdk/Startup/startup_ch32v30x.o
                0x0000000000002a9e                Ecall_M_Mode_Handler
                0x0000000000002aa0                Ecall_U_Mode_Handler
                0x0000000000002aa2                Break_Point_Handler
                0x0000000000002aa4                SysTick_Handler
                0x0000000000002aa6                SW_handler
                0x0000000000002aa8                WWDG_IRQHandler
                0x0000000000002aaa                PVD_IRQHandler
                0x0000000000002aac                TAMPER_IRQHandler
                0x0000000000002aae                RTC_IRQHandler
                0x0000000000002ab0                FLASH_IRQHandler
                0x0000000000002ab2                RCC_IRQHandler
                0x0000000000002abe                DMA1_Channel1_IRQHandler
                0x0000000000002ac0                DMA1_Channel2_IRQHandler
                0x0000000000002ac2                DMA1_Channel3_IRQHandler
                0x0000000000002ac4                DMA1_Channel4_IRQHandler
                0x0000000000002ac6                DMA1_Channel5_IRQHandler
                0x0000000000002ac8                DMA1_Channel6_IRQHandler
                0x0000000000002aca                DMA1_Channel7_IRQHandler
                0x0000000000002acc                ADC1_2_IRQHandler
                0x0000000000002ace                USB_HP_CAN1_TX_IRQHandler
                0x0000000000002ad0                USB_LP_CAN1_RX0_IRQHandler
                0x0000000000002ad2                CAN1_RX1_IRQHandler
                0x0000000000002ad4                CAN1_SCE_IRQHandler
                0x0000000000002ad8                TIM1_BRK_IRQHandler
                0x0000000000002adc                TIM1_TRG_COM_IRQHandler
                0x0000000000002ade                TIM1_CC_IRQHandler
                0x0000000000002ae6                I2C1_EV_IRQHandler
                0x0000000000002ae8                I2C1_ER_IRQHandler
                0x0000000000002aea                I2C2_EV_IRQHandler
                0x0000000000002aec                I2C2_ER_IRQHandler
                0x0000000000002aee                SPI1_IRQHandler
                0x0000000000002af0                SPI2_IRQHandler
                0x0000000000002afa                RTCAlarm_IRQHandler
                0x0000000000002afc                USBWakeUp_IRQHandler
                0x0000000000002afe                TIM8_BRK_IRQHandler
                0x0000000000002b02                TIM8_TRG_COM_IRQHandler
                0x0000000000002b04                TIM8_CC_IRQHandler
                0x0000000000002b06                RNG_IRQHandler
                0x0000000000002b08                FSMC_IRQHandler
                0x0000000000002b0a                SDIO_IRQHandler
                0x0000000000002b0e                SPI3_IRQHandler
                0x0000000000002b18                DMA2_Channel1_IRQHandler
                0x0000000000002b1a                DMA2_Channel2_IRQHandler
                0x0000000000002b1c                DMA2_Channel3_IRQHandler
                0x0000000000002b1e                DMA2_Channel4_IRQHandler
                0x0000000000002b20                DMA2_Channel5_IRQHandler
                0x0000000000002b22                ETH_IRQHandler
                0x0000000000002b24                ETH_WKUP_IRQHandler
                0x0000000000002b26                CAN2_TX_IRQHandler
                0x0000000000002b28                CAN2_RX0_IRQHandler
                0x0000000000002b2a                CAN2_RX1_IRQHandler
                0x0000000000002b2c                CAN2_SCE_IRQHandler
                0x0000000000002b30                USBHSWakeup_IRQHandler
                0x0000000000002b32                USBHS_IRQHandler
                0x0000000000002b3c                TIM9_BRK_IRQHandler
                0x0000000000002b40                TIM9_TRG_COM_IRQHandler
                0x0000000000002b42                TIM9_CC_IRQHandler
                0x0000000000002b44                TIM10_BRK_IRQHandler
                0x0000000000002b48                TIM10_TRG_COM_IRQHandler
                0x0000000000002b4a                TIM10_CC_IRQHandler
                0x0000000000002b4c                DMA2_Channel6_IRQHandler
                0x0000000000002b4e                DMA2_Channel7_IRQHandler
                0x0000000000002b50                DMA2_Channel8_IRQHandler
                0x0000000000002b52                DMA2_Channel9_IRQHandler
                0x0000000000002b54                DMA2_Channel10_IRQHandler
                0x0000000000002b56                DMA2_Channel11_IRQHandler
 .text.handle_reset
                0x0000000000002b58       0x8e ./sdk/Startup/startup_ch32v30x.o
                0x0000000000002b58                handle_reset
 .text.SystemInit
                0x0000000000002be6       0x7c ./sdk/Startup/system_ch32v30x.o
                0x0000000000002be6                SystemInit
 .text.SetSysClock
                0x0000000000002c62       0x14 ./sdk/Startup/system_ch32v30x.o
 .text.SetSysClockTo144
                0x0000000000002c76      0x162 ./sdk/Startup/system_ch32v30x.o
 .text.EXTI_GetITStatus
                0x0000000000002dd8       0x56 ./sdk/Peripheral/ch32v30x_exti.o
                0x0000000000002dd8                EXTI_GetITStatus
 .text.EXTI_ClearITPendingBit
                0x0000000000002e2e       0x20 ./sdk/Peripheral/ch32v30x_exti.o
                0x0000000000002e2e                EXTI_ClearITPendingBit
 .text.GPIO_Init
                0x0000000000002e4e      0x22a ./sdk/Peripheral/ch32v30x_gpio.o
                0x0000000000002e4e                GPIO_Init
 .text.GPIO_WriteBit
                0x0000000000003078       0x38 ./sdk/Peripheral/ch32v30x_gpio.o
                0x0000000000003078                GPIO_WriteBit
 .text.GPIO_PinRemapConfig
                0x00000000000030b0      0x13c ./sdk/Peripheral/ch32v30x_gpio.o
                0x00000000000030b0                GPIO_PinRemapConfig
 .text.RCC_GetClocksFreq
                0x00000000000031ec      0x2c6 ./sdk/Peripheral/ch32v30x_rcc.o
                0x00000000000031ec                RCC_GetClocksFreq
 .text.RCC_APB2PeriphClockCmd
                0x00000000000034b2       0x46 ./sdk/Peripheral/ch32v30x_rcc.o
                0x00000000000034b2                RCC_APB2PeriphClockCmd
 .text.RCC_APB1PeriphClockCmd
                0x00000000000034f8       0x46 ./sdk/Peripheral/ch32v30x_rcc.o
                0x00000000000034f8                RCC_APB1PeriphClockCmd
 .text.RCC_APB2PeriphResetCmd
                0x000000000000353e       0x46 ./sdk/Peripheral/ch32v30x_rcc.o
                0x000000000000353e                RCC_APB2PeriphResetCmd
 .text.RCC_APB1PeriphResetCmd
                0x0000000000003584       0x46 ./sdk/Peripheral/ch32v30x_rcc.o
                0x0000000000003584                RCC_APB1PeriphResetCmd
 .text.SPI_I2S_DeInit
                0x00000000000035ca       0x76 ./sdk/Peripheral/ch32v30x_spi.o
                0x00000000000035ca                SPI_I2S_DeInit
 .text.SPI_Init
                0x0000000000003640       0xf8 ./sdk/Peripheral/ch32v30x_spi.o
                0x0000000000003640                SPI_Init
 .text.SPI_Cmd  0x0000000000003738       0x5a ./sdk/Peripheral/ch32v30x_spi.o
                0x0000000000003738                SPI_Cmd
 .text.TIM_GetITStatus
                0x0000000000003792       0x70 ./sdk/Peripheral/ch32v30x_tim.o
                0x0000000000003792                TIM_GetITStatus
 .text.TIM_ClearITPendingBit
                0x0000000000003802       0x2e ./sdk/Peripheral/ch32v30x_tim.o
                0x0000000000003802                TIM_ClearITPendingBit
 .text.USART_Init
                0x0000000000003830      0x234 ./sdk/Peripheral/ch32v30x_usart.o
                0x0000000000003830                USART_Init
 .text.USART_Cmd
                0x0000000000003a64       0x60 ./sdk/Peripheral/ch32v30x_usart.o
                0x0000000000003a64                USART_Cmd
 .text.USART_ITConfig
                0x0000000000003ac4       0xc4 ./sdk/Peripheral/ch32v30x_usart.o
                0x0000000000003ac4                USART_ITConfig
 .text.USART_SendData
                0x0000000000003b88       0x2e ./sdk/Peripheral/ch32v30x_usart.o
                0x0000000000003b88                USART_SendData
 .text.USART_GetFlagStatus
                0x0000000000003bb6       0x46 ./sdk/Peripheral/ch32v30x_usart.o
                0x0000000000003bb6                USART_GetFlagStatus
 .text.USART_GetITStatus
                0x0000000000003bfc      0x102 ./sdk/Peripheral/ch32v30x_usart.o
                0x0000000000003bfc                USART_GetITStatus
 .text.USART_ClearITPendingBit
                0x0000000000003cfe       0x4e ./sdk/Peripheral/ch32v30x_usart.o
                0x0000000000003cfe                USART_ClearITPendingBit
 .text.DevEP1_IN_Deal
                0x0000000000003d4c       0x3e ./sdk/Peripheral/ch32v30x_usbotg_device.o
                0x0000000000003d4c                DevEP1_IN_Deal
 .text.DevEP2_IN_Deal
                0x0000000000003d8a       0x3e ./sdk/Peripheral/ch32v30x_usbotg_device.o
                0x0000000000003d8a                DevEP2_IN_Deal
 .text.DevEP1_OUT_Deal
                0x0000000000003dc8       0x66 ./sdk/Peripheral/ch32v30x_usbotg_device.o
                0x0000000000003dc8                DevEP1_OUT_Deal
 .text.DevEP2_OUT_Deal
                0x0000000000003e2e       0x66 ./sdk/Peripheral/ch32v30x_usbotg_device.o
                0x0000000000003e2e                DevEP2_OUT_Deal
 .text.OTG_FS_IRQHandler
                0x0000000000003e94      0xc74 ./sdk/Peripheral/ch32v30x_usbotg_device.o
                0x0000000000003e94                OTG_FS_IRQHandler
 .text.__adddf3
                0x0000000000004b08      0x730 d:/mounriver/mounriver_studio/toolchain/risc-v embedded gcc/bin/../lib/gcc/riscv-none-embed/8.2.0/rv32imac/ilp32\libgcc.a(adddf3.o)
                0x0000000000004b08                __adddf3
 .text.__divdf3
                0x0000000000005238      0x5b4 d:/mounriver/mounriver_studio/toolchain/risc-v embedded gcc/bin/../lib/gcc/riscv-none-embed/8.2.0/rv32imac/ilp32\libgcc.a(divdf3.o)
                0x0000000000005238                __divdf3
 .text.__eqdf2  0x00000000000057ec       0x6a d:/mounriver/mounriver_studio/toolchain/risc-v embedded gcc/bin/../lib/gcc/riscv-none-embed/8.2.0/rv32imac/ilp32\libgcc.a(eqdf2.o)
                0x00000000000057ec                __nedf2
                0x00000000000057ec                __eqdf2
 .text.__ledf2  0x0000000000005856       0xb6 d:/mounriver/mounriver_studio/toolchain/risc-v embedded gcc/bin/../lib/gcc/riscv-none-embed/8.2.0/rv32imac/ilp32\libgcc.a(ledf2.o)
                0x0000000000005856                __ledf2
                0x0000000000005856                __ltdf2
 .text.__muldf3
                0x000000000000590c      0x4b8 d:/mounriver/mounriver_studio/toolchain/risc-v embedded gcc/bin/../lib/gcc/riscv-none-embed/8.2.0/rv32imac/ilp32\libgcc.a(muldf3.o)
                0x000000000000590c                __muldf3
 .text.__subdf3
                0x0000000000005dc4      0x73a d:/mounriver/mounriver_studio/toolchain/risc-v embedded gcc/bin/../lib/gcc/riscv-none-embed/8.2.0/rv32imac/ilp32\libgcc.a(subdf3.o)
                0x0000000000005dc4                __subdf3
 .text.__fixdfsi
                0x00000000000064fe       0x68 d:/mounriver/mounriver_studio/toolchain/risc-v embedded gcc/bin/../lib/gcc/riscv-none-embed/8.2.0/rv32imac/ilp32\libgcc.a(fixdfsi.o)
                0x00000000000064fe                __fixdfsi
 .text.__floatsidf
                0x0000000000006566       0x70 d:/mounriver/mounriver_studio/toolchain/risc-v embedded gcc/bin/../lib/gcc/riscv-none-embed/8.2.0/rv32imac/ilp32\libgcc.a(floatsidf.o)
                0x0000000000006566                __floatsidf
 .text.__clzsi2
                0x00000000000065d6       0x76 d:/mounriver/mounriver_studio/toolchain/risc-v embedded gcc/bin/../lib/gcc/riscv-none-embed/8.2.0/rv32imac/ilp32\libgcc.a(_clzsi2.o)
                0x00000000000065d6                __clzsi2
 .text.memcpy   0x000000000000664c       0xb6 d:/mounriver/mounriver_studio/toolchain/risc-v embedded gcc/bin/../lib/gcc/riscv-none-embed/8.2.0/../../../../riscv-none-embed/lib/rv32imac/ilp32\libg_nano.a(lib_a-memcpy.o)
                0x000000000000664c                memcpy
 .text.__cvt    0x0000000000006702       0xee d:/mounriver/mounriver_studio/toolchain/risc-v embedded gcc/bin/../lib/gcc/riscv-none-embed/8.2.0/../../../../riscv-none-embed/lib/rv32imac/ilp32\libg_nano.a(lib_a-nano-vfprintf_float.o)
                0x0000000000006702                __cvt
 .text.__exponent
                0x00000000000067f0       0x8c d:/mounriver/mounriver_studio/toolchain/risc-v embedded gcc/bin/../lib/gcc/riscv-none-embed/8.2.0/../../../../riscv-none-embed/lib/rv32imac/ilp32\libg_nano.a(lib_a-nano-vfprintf_float.o)
                0x00000000000067f0                __exponent
 .text._printf_float
                0x000000000000687c      0x4c4 d:/mounriver/mounriver_studio/toolchain/risc-v embedded gcc/bin/../lib/gcc/riscv-none-embed/8.2.0/../../../../riscv-none-embed/lib/rv32imac/ilp32\libg_nano.a(lib_a-nano-vfprintf_float.o)
                0x000000000000687c                _printf_float
 .text._printf_common
                0x0000000000006d40      0x10c d:/mounriver/mounriver_studio/toolchain/risc-v embedded gcc/bin/../lib/gcc/riscv-none-embed/8.2.0/../../../../riscv-none-embed/lib/rv32imac/ilp32\libg_nano.a(lib_a-nano-vfprintf_i.o)
                0x0000000000006d40                _printf_common
 .text._printf_i
                0x0000000000006e4c      0x2ac d:/mounriver/mounriver_studio/toolchain/risc-v embedded gcc/bin/../lib/gcc/riscv-none-embed/8.2.0/../../../../riscv-none-embed/lib/rv32imac/ilp32\libg_nano.a(lib_a-nano-vfprintf_i.o)
                0x0000000000006e4c                _printf_i
 .text.printf   0x00000000000070f8       0x42 d:/mounriver/mounriver_studio/toolchain/risc-v embedded gcc/bin/../lib/gcc/riscv-none-embed/8.2.0/../../../../riscv-none-embed/lib/rv32imac/ilp32\libg_nano.a(lib_a-printf.o)
                0x00000000000070f8                iprintf
                0x00000000000070f8                printf
 .text.strlen   0x000000000000713a       0x12 d:/mounriver/mounriver_studio/toolchain/risc-v embedded gcc/bin/../lib/gcc/riscv-none-embed/8.2.0/../../../../riscv-none-embed/lib/rv32imac/ilp32\libg_nano.a(lib_a-strlen.o)
                0x000000000000713a                strlen
 .text.__swbuf_r
                0x000000000000714c       0xc6 d:/mounriver/mounriver_studio/toolchain/risc-v embedded gcc/bin/../lib/gcc/riscv-none-embed/8.2.0/../../../../riscv-none-embed/lib/rv32imac/ilp32\libg_nano.a(lib_a-wbuf.o)
                0x000000000000714c                __swbuf_r
 .text.__swsetup_r
                0x0000000000007212      0x112 d:/mounriver/mounriver_studio/toolchain/risc-v embedded gcc/bin/../lib/gcc/riscv-none-embed/8.2.0/../../../../riscv-none-embed/lib/rv32imac/ilp32\libg_nano.a(lib_a-wsetup.o)
                0x0000000000007212                __swsetup_r
 .text.quorem   0x0000000000007324      0x13a d:/mounriver/mounriver_studio/toolchain/risc-v embedded gcc/bin/../lib/gcc/riscv-none-embed/8.2.0/../../../../riscv-none-embed/lib/rv32imac/ilp32\libg_nano.a(lib_a-dtoa.o)
 .text._dtoa_r  0x000000000000745e      0xc1e d:/mounriver/mounriver_studio/toolchain/risc-v embedded gcc/bin/../lib/gcc/riscv-none-embed/8.2.0/../../../../riscv-none-embed/lib/rv32imac/ilp32\libg_nano.a(lib_a-dtoa.o)
                0x000000000000745e                _dtoa_r
 .text.__sflush_r
                0x000000000000807c      0x13e d:/mounriver/mounriver_studio/toolchain/risc-v embedded gcc/bin/../lib/gcc/riscv-none-embed/8.2.0/../../../../riscv-none-embed/lib/rv32imac/ilp32\libg_nano.a(lib_a-fflush.o)
                0x000000000000807c                __sflush_r
 .text._fflush_r
                0x00000000000081ba       0x66 d:/mounriver/mounriver_studio/toolchain/risc-v embedded gcc/bin/../lib/gcc/riscv-none-embed/8.2.0/../../../../riscv-none-embed/lib/rv32imac/ilp32\libg_nano.a(lib_a-fflush.o)
                0x00000000000081ba                _fflush_r
 .text.std      0x0000000000008220       0x6a d:/mounriver/mounriver_studio/toolchain/risc-v embedded gcc/bin/../lib/gcc/riscv-none-embed/8.2.0/../../../../riscv-none-embed/lib/rv32imac/ilp32\libg_nano.a(lib_a-findfp.o)
 .text._cleanup_r
                0x000000000000828a        0xa d:/mounriver/mounriver_studio/toolchain/risc-v embedded gcc/bin/../lib/gcc/riscv-none-embed/8.2.0/../../../../riscv-none-embed/lib/rv32imac/ilp32\libg_nano.a(lib_a-findfp.o)
                0x000000000000828a                _cleanup_r
 .text.__sfmoreglue
                0x0000000000008294       0x48 d:/mounriver/mounriver_studio/toolchain/risc-v embedded gcc/bin/../lib/gcc/riscv-none-embed/8.2.0/../../../../riscv-none-embed/lib/rv32imac/ilp32\libg_nano.a(lib_a-findfp.o)
                0x0000000000008294                __sfmoreglue
 .text.__sinit  0x00000000000082dc       0x6c d:/mounriver/mounriver_studio/toolchain/risc-v embedded gcc/bin/../lib/gcc/riscv-none-embed/8.2.0/../../../../riscv-none-embed/lib/rv32imac/ilp32\libg_nano.a(lib_a-findfp.o)
                0x00000000000082dc                __sinit
 .text.__sfp    0x0000000000008348       0xa0 d:/mounriver/mounriver_studio/toolchain/risc-v embedded gcc/bin/../lib/gcc/riscv-none-embed/8.2.0/../../../../riscv-none-embed/lib/rv32imac/ilp32\libg_nano.a(lib_a-findfp.o)
                0x0000000000008348                __sfp
 .text._fwalk_reent
                0x00000000000083e8       0x6c d:/mounriver/mounriver_studio/toolchain/risc-v embedded gcc/bin/../lib/gcc/riscv-none-embed/8.2.0/../../../../riscv-none-embed/lib/rv32imac/ilp32\libg_nano.a(lib_a-fwalk.o)
                0x00000000000083e8                _fwalk_reent
 .text._localeconv_r
                0x0000000000008454       0x18 d:/mounriver/mounriver_studio/toolchain/risc-v embedded gcc/bin/../lib/gcc/riscv-none-embed/8.2.0/../../../../riscv-none-embed/lib/rv32imac/ilp32\libg_nano.a(lib_a-localeconv.o)
                0x0000000000008454                _localeconv_r
 .text.__swhatbuf_r
                0x000000000000846c       0x5a d:/mounriver/mounriver_studio/toolchain/risc-v embedded gcc/bin/../lib/gcc/riscv-none-embed/8.2.0/../../../../riscv-none-embed/lib/rv32imac/ilp32\libg_nano.a(lib_a-makebuf.o)
                0x000000000000846c                __swhatbuf_r
 .text.__smakebuf_r
                0x00000000000084c6       0xa2 d:/mounriver/mounriver_studio/toolchain/risc-v embedded gcc/bin/../lib/gcc/riscv-none-embed/8.2.0/../../../../riscv-none-embed/lib/rv32imac/ilp32\libg_nano.a(lib_a-makebuf.o)
                0x00000000000084c6                __smakebuf_r
 .text.malloc   0x0000000000008568        0xc d:/mounriver/mounriver_studio/toolchain/risc-v embedded gcc/bin/../lib/gcc/riscv-none-embed/8.2.0/../../../../riscv-none-embed/lib/rv32imac/ilp32\libg_nano.a(lib_a-malloc.o)
                0x0000000000008568                malloc
 .text.memchr   0x0000000000008574       0x1a d:/mounriver/mounriver_studio/toolchain/risc-v embedded gcc/bin/../lib/gcc/riscv-none-embed/8.2.0/../../../../riscv-none-embed/lib/rv32imac/ilp32\libg_nano.a(lib_a-memchr.o)
                0x0000000000008574                memchr
 .text._Balloc  0x000000000000858e       0x88 d:/mounriver/mounriver_studio/toolchain/risc-v embedded gcc/bin/../lib/gcc/riscv-none-embed/8.2.0/../../../../riscv-none-embed/lib/rv32imac/ilp32\libg_nano.a(lib_a-mprec.o)
                0x000000000000858e                _Balloc
 .text._Bfree   0x0000000000008616       0x44 d:/mounriver/mounriver_studio/toolchain/risc-v embedded gcc/bin/../lib/gcc/riscv-none-embed/8.2.0/../../../../riscv-none-embed/lib/rv32imac/ilp32\libg_nano.a(lib_a-mprec.o)
                0x0000000000008616                _Bfree
 .text.__multadd
                0x000000000000865a       0x98 d:/mounriver/mounriver_studio/toolchain/risc-v embedded gcc/bin/../lib/gcc/riscv-none-embed/8.2.0/../../../../riscv-none-embed/lib/rv32imac/ilp32\libg_nano.a(lib_a-mprec.o)
                0x000000000000865a                __multadd
 .text.__hi0bits
                0x00000000000086f2       0x46 d:/mounriver/mounriver_studio/toolchain/risc-v embedded gcc/bin/../lib/gcc/riscv-none-embed/8.2.0/../../../../riscv-none-embed/lib/rv32imac/ilp32\libg_nano.a(lib_a-mprec.o)
                0x00000000000086f2                __hi0bits
 .text.__lo0bits
                0x0000000000008738       0x6a d:/mounriver/mounriver_studio/toolchain/risc-v embedded gcc/bin/../lib/gcc/riscv-none-embed/8.2.0/../../../../riscv-none-embed/lib/rv32imac/ilp32\libg_nano.a(lib_a-mprec.o)
                0x0000000000008738                __lo0bits
 .text.__i2b    0x00000000000087a2       0x1c d:/mounriver/mounriver_studio/toolchain/risc-v embedded gcc/bin/../lib/gcc/riscv-none-embed/8.2.0/../../../../riscv-none-embed/lib/rv32imac/ilp32\libg_nano.a(lib_a-mprec.o)
                0x00000000000087a2                __i2b
 .text.__multiply
                0x00000000000087be      0x144 d:/mounriver/mounriver_studio/toolchain/risc-v embedded gcc/bin/../lib/gcc/riscv-none-embed/8.2.0/../../../../riscv-none-embed/lib/rv32imac/ilp32\libg_nano.a(lib_a-mprec.o)
                0x00000000000087be                __multiply
 .text.__pow5mult
                0x0000000000008902       0xbe d:/mounriver/mounriver_studio/toolchain/risc-v embedded gcc/bin/../lib/gcc/riscv-none-embed/8.2.0/../../../../riscv-none-embed/lib/rv32imac/ilp32\libg_nano.a(lib_a-mprec.o)
                0x0000000000008902                __pow5mult
 .text.__lshift
                0x00000000000089c0       0xce d:/mounriver/mounriver_studio/toolchain/risc-v embedded gcc/bin/../lib/gcc/riscv-none-embed/8.2.0/../../../../riscv-none-embed/lib/rv32imac/ilp32\libg_nano.a(lib_a-mprec.o)
                0x00000000000089c0                __lshift
 .text.__mcmp   0x0000000000008a8e       0x32 d:/mounriver/mounriver_studio/toolchain/risc-v embedded gcc/bin/../lib/gcc/riscv-none-embed/8.2.0/../../../../riscv-none-embed/lib/rv32imac/ilp32\libg_nano.a(lib_a-mprec.o)
                0x0000000000008a8e                __mcmp
 .text.__mdiff  0x0000000000008ac0       0xf2 d:/mounriver/mounriver_studio/toolchain/risc-v embedded gcc/bin/../lib/gcc/riscv-none-embed/8.2.0/../../../../riscv-none-embed/lib/rv32imac/ilp32\libg_nano.a(lib_a-mprec.o)
                0x0000000000008ac0                __mdiff
 .text.__d2b    0x0000000000008bb2       0xd4 d:/mounriver/mounriver_studio/toolchain/risc-v embedded gcc/bin/../lib/gcc/riscv-none-embed/8.2.0/../../../../riscv-none-embed/lib/rv32imac/ilp32\libg_nano.a(lib_a-mprec.o)
                0x0000000000008bb2                __d2b
 .text._calloc_r
                0x0000000000008c86       0x26 d:/mounriver/mounriver_studio/toolchain/risc-v embedded gcc/bin/../lib/gcc/riscv-none-embed/8.2.0/../../../../riscv-none-embed/lib/rv32imac/ilp32\libg_nano.a(lib_a-nano-callocr.o)
                0x0000000000008c86                _calloc_r
 .text._free_r  0x0000000000008cac       0xa4 d:/mounriver/mounriver_studio/toolchain/risc-v embedded gcc/bin/../lib/gcc/riscv-none-embed/8.2.0/../../../../riscv-none-embed/lib/rv32imac/ilp32\libg_nano.a(lib_a-nano-freer.o)
                0x0000000000008cac                _free_r
 .text._malloc_r
                0x0000000000008d50       0xce d:/mounriver/mounriver_studio/toolchain/risc-v embedded gcc/bin/../lib/gcc/riscv-none-embed/8.2.0/../../../../riscv-none-embed/lib/rv32imac/ilp32\libg_nano.a(lib_a-nano-mallocr.o)
                0x0000000000008d50                _malloc_r
 .text.__sfputc_r
                0x0000000000008e1e       0x2a d:/mounriver/mounriver_studio/toolchain/risc-v embedded gcc/bin/../lib/gcc/riscv-none-embed/8.2.0/../../../../riscv-none-embed/lib/rv32imac/ilp32\libg_nano.a(lib_a-nano-vfprintf.o)
 .text.__sfputs_r
                0x0000000000008e48       0x44 d:/mounriver/mounriver_studio/toolchain/risc-v embedded gcc/bin/../lib/gcc/riscv-none-embed/8.2.0/../../../../riscv-none-embed/lib/rv32imac/ilp32\libg_nano.a(lib_a-nano-vfprintf.o)
                0x0000000000008e48                __sfputs_r
 .text._vfprintf_r
                0x0000000000008e8c      0x2a0 d:/mounriver/mounriver_studio/toolchain/risc-v embedded gcc/bin/../lib/gcc/riscv-none-embed/8.2.0/../../../../riscv-none-embed/lib/rv32imac/ilp32\libg_nano.a(lib_a-nano-vfprintf.o)
                0x0000000000008e8c                _vfprintf_r
                0x0000000000008e8c                _vfiprintf_r
 .text._sbrk_r  0x000000000000912c       0x28 d:/mounriver/mounriver_studio/toolchain/risc-v embedded gcc/bin/../lib/gcc/riscv-none-embed/8.2.0/../../../../riscv-none-embed/lib/rv32imac/ilp32\libg_nano.a(lib_a-sbrkr.o)
                0x000000000000912c                _sbrk_r
 .text.__sread  0x0000000000009154       0x30 d:/mounriver/mounriver_studio/toolchain/risc-v embedded gcc/bin/../lib/gcc/riscv-none-embed/8.2.0/../../../../riscv-none-embed/lib/rv32imac/ilp32\libg_nano.a(lib_a-stdio.o)
                0x0000000000009154                __sread
 .text.__swrite
                0x0000000000009184       0x4e d:/mounriver/mounriver_studio/toolchain/risc-v embedded gcc/bin/../lib/gcc/riscv-none-embed/8.2.0/../../../../riscv-none-embed/lib/rv32imac/ilp32\libg_nano.a(lib_a-stdio.o)
                0x0000000000009184                __swrite
 .text.__sseek  0x00000000000091d2       0x36 d:/mounriver/mounriver_studio/toolchain/risc-v embedded gcc/bin/../lib/gcc/riscv-none-embed/8.2.0/../../../../riscv-none-embed/lib/rv32imac/ilp32\libg_nano.a(lib_a-stdio.o)
                0x00000000000091d2                __sseek
 .text.__sclose
                0x0000000000009208        0x6 d:/mounriver/mounriver_studio/toolchain/risc-v embedded gcc/bin/../lib/gcc/riscv-none-embed/8.2.0/../../../../riscv-none-embed/lib/rv32imac/ilp32\libg_nano.a(lib_a-stdio.o)
                0x0000000000009208                __sclose
 .text._write_r
                0x000000000000920e       0x2e d:/mounriver/mounriver_studio/toolchain/risc-v embedded gcc/bin/../lib/gcc/riscv-none-embed/8.2.0/../../../../riscv-none-embed/lib/rv32imac/ilp32\libg_nano.a(lib_a-writer.o)
                0x000000000000920e                _write_r
 .text._close_r
                0x000000000000923c       0x28 d:/mounriver/mounriver_studio/toolchain/risc-v embedded gcc/bin/../lib/gcc/riscv-none-embed/8.2.0/../../../../riscv-none-embed/lib/rv32imac/ilp32\libg_nano.a(lib_a-closer.o)
                0x000000000000923c                _close_r
 .text._fstat_r
                0x0000000000009264       0x2a d:/mounriver/mounriver_studio/toolchain/risc-v embedded gcc/bin/../lib/gcc/riscv-none-embed/8.2.0/../../../../riscv-none-embed/lib/rv32imac/ilp32\libg_nano.a(lib_a-fstatr.o)
                0x0000000000009264                _fstat_r
 .text._isatty_r
                0x000000000000928e       0x28 d:/mounriver/mounriver_studio/toolchain/risc-v embedded gcc/bin/../lib/gcc/riscv-none-embed/8.2.0/../../../../riscv-none-embed/lib/rv32imac/ilp32\libg_nano.a(lib_a-isattyr.o)
                0x000000000000928e                _isatty_r
 .text._lseek_r
                0x00000000000092b6       0x2c d:/mounriver/mounriver_studio/toolchain/risc-v embedded gcc/bin/../lib/gcc/riscv-none-embed/8.2.0/../../../../riscv-none-embed/lib/rv32imac/ilp32\libg_nano.a(lib_a-lseekr.o)
                0x00000000000092b6                _lseek_r
 .text.__ascii_mbtowc
                0x00000000000092e2       0x3a d:/mounriver/mounriver_studio/toolchain/risc-v embedded gcc/bin/../lib/gcc/riscv-none-embed/8.2.0/../../../../riscv-none-embed/lib/rv32imac/ilp32\libg_nano.a(lib_a-mbtowc_r.o)
                0x00000000000092e2                __ascii_mbtowc
 .text.__malloc_lock
                0x000000000000931c        0x2 d:/mounriver/mounriver_studio/toolchain/risc-v embedded gcc/bin/../lib/gcc/riscv-none-embed/8.2.0/../../../../riscv-none-embed/lib/rv32imac/ilp32\libg_nano.a(lib_a-mlock.o)
                0x000000000000931c                __malloc_lock
 .text.__malloc_unlock
                0x000000000000931e        0x2 d:/mounriver/mounriver_studio/toolchain/risc-v embedded gcc/bin/../lib/gcc/riscv-none-embed/8.2.0/../../../../riscv-none-embed/lib/rv32imac/ilp32\libg_nano.a(lib_a-mlock.o)
                0x000000000000931e                __malloc_unlock
 .text._read_r  0x0000000000009320       0x2c d:/mounriver/mounriver_studio/toolchain/risc-v embedded gcc/bin/../lib/gcc/riscv-none-embed/8.2.0/../../../../riscv-none-embed/lib/rv32imac/ilp32\libg_nano.a(lib_a-readr.o)
                0x0000000000009320                _read_r
 .text.__ascii_wctomb
                0x000000000000934c       0x20 d:/mounriver/mounriver_studio/toolchain/risc-v embedded gcc/bin/../lib/gcc/riscv-none-embed/8.2.0/../../../../riscv-none-embed/lib/rv32imac/ilp32\libg_nano.a(lib_a-wctomb_r.o)
                0x000000000000934c                __ascii_wctomb
 .text.__gedf2  0x000000000000936c       0xae d:/mounriver/mounriver_studio/toolchain/risc-v embedded gcc/bin/../lib/gcc/riscv-none-embed/8.2.0/rv32imac/ilp32\libgcc.a(gedf2.o)
                0x000000000000936c                __gedf2
                0x000000000000936c                __gtdf2
 .text.__unorddf2
                0x000000000000941a       0x3c d:/mounriver/mounriver_studio/toolchain/risc-v embedded gcc/bin/../lib/gcc/riscv-none-embed/8.2.0/rv32imac/ilp32\libgcc.a(unorddf2.o)
                0x000000000000941a                __unorddf2
 .text.__floatunsidf
                0x0000000000009456       0x68 d:/mounriver/mounriver_studio/toolchain/risc-v embedded gcc/bin/../lib/gcc/riscv-none-embed/8.2.0/rv32imac/ilp32\libgcc.a(floatunsidf.o)
                0x0000000000009456                __floatunsidf
 .text.__trunctfdf2
                0x00000000000094be      0x21e d:/mounriver/mounriver_studio/toolchain/risc-v embedded gcc/bin/../lib/gcc/riscv-none-embed/8.2.0/rv32imac/ilp32\libgcc.a(trunctfdf2.o)
                0x00000000000094be                __trunctfdf2
 .text._close   0x00000000000096dc        0xc d:/mounriver/mounriver_studio/toolchain/risc-v embedded gcc/bin/../lib/gcc/riscv-none-embed/8.2.0/../../../../riscv-none-embed/lib/rv32imac/ilp32\libnosys.a(close.o)
                0x00000000000096dc                _close
 .text._fstat   0x00000000000096e8        0xc d:/mounriver/mounriver_studio/toolchain/risc-v embedded gcc/bin/../lib/gcc/riscv-none-embed/8.2.0/../../../../riscv-none-embed/lib/rv32imac/ilp32\libnosys.a(fstat.o)
                0x00000000000096e8                _fstat
 .text._isatty  0x00000000000096f4        0xc d:/mounriver/mounriver_studio/toolchain/risc-v embedded gcc/bin/../lib/gcc/riscv-none-embed/8.2.0/../../../../riscv-none-embed/lib/rv32imac/ilp32\libnosys.a(isatty.o)
                0x00000000000096f4                _isatty
 .text._lseek   0x0000000000009700        0xc d:/mounriver/mounriver_studio/toolchain/risc-v embedded gcc/bin/../lib/gcc/riscv-none-embed/8.2.0/../../../../riscv-none-embed/lib/rv32imac/ilp32\libnosys.a(lseek.o)
                0x0000000000009700                _lseek
 .text._read    0x000000000000970c        0xc d:/mounriver/mounriver_studio/toolchain/risc-v embedded gcc/bin/../lib/gcc/riscv-none-embed/8.2.0/../../../../riscv-none-embed/lib/rv32imac/ilp32\libnosys.a(read.o)
                0x000000000000970c                _read
 .text._sbrk    0x0000000000009718       0x20 d:/mounriver/mounriver_studio/toolchain/risc-v embedded gcc/bin/../lib/gcc/riscv-none-embed/8.2.0/../../../../riscv-none-embed/lib/rv32imac/ilp32\libnosys.a(sbrk.o)
                0x0000000000009718                _sbrk
 *(.rodata)
 .rodata        0x0000000000009738       0x57 ./zf_driver/zf_driver_spi.o
 *fill*         0x000000000000978f        0x1 
 .rodata        0x0000000000009790       0x64 ./zf_device/zf_device_tft180.o
 .rodata        0x00000000000097f4       0x45 ./zf_common/zf_common_debug.o
 *fill*         0x0000000000009839        0x3 
 .rodata        0x000000000000983c       0x11 ./user_c/main.o
 *fill*         0x000000000000984d        0x3 
 .rodata        0x0000000000009850       0x41 ./sdk/Peripheral/ch32v30x_usbotg_device.o
 *(.rodata*)
 *fill*         0x0000000000009891        0x3 
 .rodata.gpio_group
                0x0000000000009894       0x14 ./zf_driver/zf_driver_gpio.o
                0x0000000000009894                gpio_group
 .rodata.spi_index
                0x00000000000098a8        0xc ./zf_driver/zf_driver_spi.o
                0x00000000000098a8                spi_index
 .rodata.uart_index
                0x00000000000098b4       0x20 ./zf_driver/zf_driver_uart.o
                0x00000000000098b4                uart_index
 .rodata.tft_ascii
                0x00000000000098d4      0x5f0 ./zf_common/zf_common_font.o
                0x00000000000098d4                tft_ascii
 .rodata.MyDevDescrHD
                0x0000000000009ec4       0x12 ./sdk/Peripheral/ch32v30x_usbotg_device.o
                0x0000000000009ec4                MyDevDescrHD
 *fill*         0x0000000000009ed6        0x2 
 .rodata.MyCfgDescrHD
                0x0000000000009ed8       0x43 ./sdk/Peripheral/ch32v30x_usbotg_device.o
                0x0000000000009ed8                MyCfgDescrHD
 *fill*         0x0000000000009f1b        0x1 
 .rodata.MyReportDescHD
                0x0000000000009f1c       0x14 ./sdk/Peripheral/ch32v30x_usbotg_device.o
                0x0000000000009f1c                MyReportDescHD
 .rodata.MyManuInfoHD
                0x0000000000009f30        0xe ./sdk/Peripheral/ch32v30x_usbotg_device.o
                0x0000000000009f30                MyManuInfoHD
 *fill*         0x0000000000009f3e        0x2 
 .rodata.MyProdInfoHD
                0x0000000000009f40        0xc ./sdk/Peripheral/ch32v30x_usbotg_device.o
                0x0000000000009f40                MyProdInfoHD
 .rodata.MySerNumInfoHD
                0x0000000000009f4c       0x16 ./sdk/Peripheral/ch32v30x_usbotg_device.o
                0x0000000000009f4c                MySerNumInfoHD
 *fill*         0x0000000000009f62        0x2 
 .rodata.MyUSBQUADescHD
                0x0000000000009f64        0xa ./sdk/Peripheral/ch32v30x_usbotg_device.o
                0x0000000000009f64                MyUSBQUADescHD
 *fill*         0x0000000000009f6e        0x2 
 .rodata.OTG_FS_IRQHandler
                0x0000000000009f70       0xbc ./sdk/Peripheral/ch32v30x_usbotg_device.o
 .rodata.__divdf3
                0x000000000000a02c       0x40 d:/mounriver/mounriver_studio/toolchain/risc-v embedded gcc/bin/../lib/gcc/riscv-none-embed/8.2.0/rv32imac/ilp32\libgcc.a(divdf3.o)
 .rodata.__muldf3
                0x000000000000a06c       0x40 d:/mounriver/mounriver_studio/toolchain/risc-v embedded gcc/bin/../lib/gcc/riscv-none-embed/8.2.0/rv32imac/ilp32\libgcc.a(muldf3.o)
 .rodata.__clz_tab
                0x000000000000a0ac      0x100 d:/mounriver/mounriver_studio/toolchain/risc-v embedded gcc/bin/../lib/gcc/riscv-none-embed/8.2.0/rv32imac/ilp32\libgcc.a(_clz.o)
                0x000000000000a0ac                __clz_tab
 *fill*         0x000000000000a1ac        0x4 
 .rodata._printf_float.cst8
                0x000000000000a1b0        0x8 d:/mounriver/mounriver_studio/toolchain/risc-v embedded gcc/bin/../lib/gcc/riscv-none-embed/8.2.0/../../../../riscv-none-embed/lib/rv32imac/ilp32\libg_nano.a(lib_a-nano-vfprintf_float.o)
 .rodata._printf_float.str1.4
                0x000000000000a1b8       0x12 d:/mounriver/mounriver_studio/toolchain/risc-v embedded gcc/bin/../lib/gcc/riscv-none-embed/8.2.0/../../../../riscv-none-embed/lib/rv32imac/ilp32\libg_nano.a(lib_a-nano-vfprintf_float.o)
 *fill*         0x000000000000a1ca        0x2 
 .rodata._printf_i.str1.4
                0x000000000000a1cc       0x25 d:/mounriver/mounriver_studio/toolchain/risc-v embedded gcc/bin/../lib/gcc/riscv-none-embed/8.2.0/../../../../riscv-none-embed/lib/rv32imac/ilp32\libg_nano.a(lib_a-nano-vfprintf_i.o)
 *fill*         0x000000000000a1f1        0x7 
 .rodata._dtoa_r.cst8
                0x000000000000a1f8       0x48 d:/mounriver/mounriver_studio/toolchain/risc-v embedded gcc/bin/../lib/gcc/riscv-none-embed/8.2.0/../../../../riscv-none-embed/lib/rv32imac/ilp32\libg_nano.a(lib_a-dtoa.o)
 .rodata._dtoa_r.str1.4
                0x000000000000a240       0x10 d:/mounriver/mounriver_studio/toolchain/risc-v embedded gcc/bin/../lib/gcc/riscv-none-embed/8.2.0/../../../../riscv-none-embed/lib/rv32imac/ilp32\libg_nano.a(lib_a-dtoa.o)
                                         0x12 (size before relaxing)
 .rodata.__sf_fake_stderr
                0x000000000000a250       0x20 d:/mounriver/mounriver_studio/toolchain/risc-v embedded gcc/bin/../lib/gcc/riscv-none-embed/8.2.0/../../../../riscv-none-embed/lib/rv32imac/ilp32\libg_nano.a(lib_a-findfp.o)
                0x000000000000a250                __sf_fake_stderr
 .rodata.__sf_fake_stdin
                0x000000000000a270       0x20 d:/mounriver/mounriver_studio/toolchain/risc-v embedded gcc/bin/../lib/gcc/riscv-none-embed/8.2.0/../../../../riscv-none-embed/lib/rv32imac/ilp32\libg_nano.a(lib_a-findfp.o)
                0x000000000000a270                __sf_fake_stdin
 .rodata.__sf_fake_stdout
                0x000000000000a290       0x20 d:/mounriver/mounriver_studio/toolchain/risc-v embedded gcc/bin/../lib/gcc/riscv-none-embed/8.2.0/../../../../riscv-none-embed/lib/rv32imac/ilp32\libg_nano.a(lib_a-findfp.o)
                0x000000000000a290                __sf_fake_stdout
 .rodata.__mprec_bigtens
                0x000000000000a2b0       0x28 d:/mounriver/mounriver_studio/toolchain/risc-v embedded gcc/bin/../lib/gcc/riscv-none-embed/8.2.0/../../../../riscv-none-embed/lib/rv32imac/ilp32\libg_nano.a(lib_a-mprec.o)
                0x000000000000a2b0                __mprec_bigtens
 .rodata.__mprec_tens
                0x000000000000a2d8       0xc8 d:/mounriver/mounriver_studio/toolchain/risc-v embedded gcc/bin/../lib/gcc/riscv-none-embed/8.2.0/../../../../riscv-none-embed/lib/rv32imac/ilp32\libg_nano.a(lib_a-mprec.o)
                0x000000000000a2d8                __mprec_tens
 .rodata.p05.3319
                0x000000000000a3a0        0xc d:/mounriver/mounriver_studio/toolchain/risc-v embedded gcc/bin/../lib/gcc/riscv-none-embed/8.2.0/../../../../riscv-none-embed/lib/rv32imac/ilp32\libg_nano.a(lib_a-mprec.o)
 .rodata._vfprintf_r.str1.4
                0x000000000000a3ac       0x13 d:/mounriver/mounriver_studio/toolchain/risc-v embedded gcc/bin/../lib/gcc/riscv-none-embed/8.2.0/../../../../riscv-none-embed/lib/rv32imac/ilp32\libg_nano.a(lib_a-nano-vfprintf.o)
 *fill*         0x000000000000a3bf        0x1 
 .rodata._setlocale_r.str1.4
                0x000000000000a3c0        0xa d:/mounriver/mounriver_studio/toolchain/risc-v embedded gcc/bin/../lib/gcc/riscv-none-embed/8.2.0/../../../../riscv-none-embed/lib/rv32imac/ilp32\libg_nano.a(lib_a-locale.o)
                                          0xd (size before relaxing)
 *fill*         0x000000000000a3ca        0x2 
 .rodata.str1.4
                0x000000000000a3cc        0x4 d:/mounriver/mounriver_studio/toolchain/risc-v embedded gcc/bin/../lib/gcc/riscv-none-embed/8.2.0/../../../../riscv-none-embed/lib/rv32imac/ilp32\libg_nano.a(lib_a-locale.o)
                                          0x2 (size before relaxing)
 .rodata._ctype_
                0x000000000000a3d0      0x101 d:/mounriver/mounriver_studio/toolchain/risc-v embedded gcc/bin/../lib/gcc/riscv-none-embed/8.2.0/../../../../riscv-none-embed/lib/rv32imac/ilp32\libg_nano.a(lib_a-ctype_.o)
                0x000000000000a3d0                _ctype_
 *(.glue_7)
 *(.glue_7t)
 *(.gnu.linkonce.t.*)
                0x000000000000a4d4                . = ALIGN (0x4)
 *fill*         0x000000000000a4d1        0x3 

.rela.dyn       0x000000000000a4d4        0x0
 .rela.init     0x000000000000a4d4        0x0 ./zf_driver/zf_driver_delay.o
 .rela.vector   0x000000000000a4d4        0x0 ./zf_driver/zf_driver_delay.o
 .rela.text.handle_reset
                0x000000000000a4d4        0x0 ./zf_driver/zf_driver_delay.o
 .rela.text._vfprintf_r
                0x000000000000a4d4        0x0 ./zf_driver/zf_driver_delay.o
 .rela.text._sbrk_r
                0x000000000000a4d4        0x0 ./zf_driver/zf_driver_delay.o
 .rela.text._write_r
                0x000000000000a4d4        0x0 ./zf_driver/zf_driver_delay.o
 .rela.text._close_r
                0x000000000000a4d4        0x0 ./zf_driver/zf_driver_delay.o
 .rela.text._fstat_r
                0x000000000000a4d4        0x0 ./zf_driver/zf_driver_delay.o
 .rela.text._isatty_r
                0x000000000000a4d4        0x0 ./zf_driver/zf_driver_delay.o
 .rela.text._lseek_r
                0x000000000000a4d4        0x0 ./zf_driver/zf_driver_delay.o
 .rela.text._read_r
                0x000000000000a4d4        0x0 ./zf_driver/zf_driver_delay.o
 .rela.text._close
                0x000000000000a4d4        0x0 ./zf_driver/zf_driver_delay.o
 .rela.text._fstat
                0x000000000000a4d4        0x0 ./zf_driver/zf_driver_delay.o
 .rela.text._isatty
                0x000000000000a4d4        0x0 ./zf_driver/zf_driver_delay.o
 .rela.text._lseek
                0x000000000000a4d4        0x0 ./zf_driver/zf_driver_delay.o
 .rela.text._read
                0x000000000000a4d4        0x0 ./zf_driver/zf_driver_delay.o
 .rela.text._sbrk
                0x000000000000a4d4        0x0 ./zf_driver/zf_driver_delay.o

.fini           0x000000000000a4d4        0x0
 *(SORT_NONE(.fini))
                0x000000000000a4d4                . = ALIGN (0x4)
                [!provide]                        PROVIDE (_etext = .)
                [!provide]                        PROVIDE (_eitcm = .)

.preinit_array  0x000000000000a4d4        0x0
                [!provide]                        PROVIDE (__preinit_array_start = .)
 *(.preinit_array)
                [!provide]                        PROVIDE (__preinit_array_end = .)

.init_array     0x000000000000a4d4        0x0
                [!provide]                        PROVIDE (__init_array_start = .)
 *(SORT_BY_INIT_PRIORITY(.init_array.*) SORT_BY_INIT_PRIORITY(.ctors.*))
 *(.init_array EXCLUDE_FILE(*crtend?.o *crtend.o *crtbegin?.o *crtbegin.o) .ctors)
                [!provide]                        PROVIDE (__init_array_end = .)

.fini_array     0x000000000000a4d4        0x0
                [!provide]                        PROVIDE (__fini_array_start = .)
 *(SORT_BY_INIT_PRIORITY(.fini_array.*) SORT_BY_INIT_PRIORITY(.dtors.*))
 *(.fini_array EXCLUDE_FILE(*crtend?.o *crtend.o *crtbegin?.o *crtbegin.o) .dtors)
                [!provide]                        PROVIDE (__fini_array_end = .)

.ctors
 *crtbegin.o(.ctors)
 *crtbegin?.o(.ctors)
 *(EXCLUDE_FILE(*crtend?.o *crtend.o) .ctors)
 *(SORT_BY_NAME(.ctors.*))
 *(.ctors)

.dtors
 *crtbegin.o(.dtors)
 *crtbegin?.o(.dtors)
 *(EXCLUDE_FILE(*crtend?.o *crtend.o) .dtors)
 *(SORT_BY_NAME(.dtors.*))
 *(.dtors)

.dalign         0x0000000020000000        0x0 load address 0x000000000000a4d4
                0x0000000020000000                . = ALIGN (0x4)
                0x0000000020000000                PROVIDE (_data_vma = .)

.dlalign        0x000000000000a4d4        0x0
                0x000000000000a4d4                . = ALIGN (0x4)
                0x000000000000a4d4                PROVIDE (_data_lma = .)

.data           0x0000000020000000      0x250 load address 0x000000000000a4d4
 *(.gnu.linkonce.r.*)
 *(.data .data.*)
 .data.APBAHBPrescTable
                0x0000000020000000       0x10 ./sdk/Peripheral/ch32v30x_rcc.o
 .data.TAB_USB_FS_OSC_DESC
                0x0000000020000010       0x43 ./sdk/Peripheral/ch32v30x_usbotg_device.o
                0x0000000020000010                TAB_USB_FS_OSC_DESC
 *fill*         0x0000000020000053        0x1 
 .data.impure_data
                0x0000000020000054       0x60 d:/mounriver/mounriver_studio/toolchain/risc-v embedded gcc/bin/../lib/gcc/riscv-none-embed/8.2.0/../../../../riscv-none-embed/lib/rv32imac/ilp32\libg_nano.a(lib_a-impure.o)
 .data.__global_locale
                0x00000000200000b4      0x16c d:/mounriver/mounriver_studio/toolchain/risc-v embedded gcc/bin/../lib/gcc/riscv-none-embed/8.2.0/../../../../riscv-none-embed/lib/rv32imac/ilp32\libg_nano.a(lib_a-locale.o)
                0x00000000200000b4                __global_locale
 *(.gnu.linkonce.d.*)
                0x0000000020000220                . = ALIGN (0x8)
                0x0000000020000a20                PROVIDE (__global_pointer$ = (. + 0x800))
 *(.sdata .sdata.*)
 .sdata.tft180_pencolor
                0x0000000020000220        0x2 ./zf_device/zf_device_tft180.o
                0x0000000020000220                tft180_pencolor
 .sdata.tft180_bgcolor
                0x0000000020000222        0x2 ./zf_device/zf_device_tft180.o
                0x0000000020000222                tft180_bgcolor
 .sdata.tft180_x_max
                0x0000000020000224        0x1 ./zf_device/zf_device_tft180.o
                0x0000000020000224                tft180_x_max
 .sdata.tft180_y_max
                0x0000000020000225        0x1 ./zf_device/zf_device_tft180.o
                0x0000000020000225                tft180_y_max
 *fill*         0x0000000020000226        0x2 
 .sdata.ADCPrescTable
                0x0000000020000228        0x4 ./sdk/Peripheral/ch32v30x_rcc.o
 .sdata.USBHD_Dev_Speed
                0x000000002000022c        0x1 ./sdk/Peripheral/ch32v30x_usbotg_device.o
                0x000000002000022c                USBHD_Dev_Speed
 *fill*         0x000000002000022d        0x3 
 .sdata.LineCoding
                0x0000000020000230        0x7 ./sdk/Peripheral/ch32v30x_usbotg_device.o
                0x0000000020000230                LineCoding
 *fill*         0x0000000020000237        0x1 
 .sdata._impure_ptr
                0x0000000020000238        0x4 d:/mounriver/mounriver_studio/toolchain/risc-v embedded gcc/bin/../lib/gcc/riscv-none-embed/8.2.0/../../../../riscv-none-embed/lib/rv32imac/ilp32\libg_nano.a(lib_a-impure.o)
                0x0000000020000238                _impure_ptr
 *(.sdata2.*)
 .sdata2.uart_irq
                0x000000002000023c        0x8 ./zf_driver/zf_driver_uart.o
                0x000000002000023c                uart_irq
 .sdata2.MyLangDescrHD
                0x0000000020000244        0x4 ./sdk/Peripheral/ch32v30x_usbotg_device.o
                0x0000000020000244                MyLangDescrHD
 .sdata2._global_impure_ptr
                0x0000000020000248        0x4 d:/mounriver/mounriver_studio/toolchain/risc-v embedded gcc/bin/../lib/gcc/riscv-none-embed/8.2.0/../../../../riscv-none-embed/lib/rv32imac/ilp32\libg_nano.a(lib_a-impure.o)
                0x0000000020000248                _global_impure_ptr
 *(.gnu.linkonce.s.*)
                0x0000000020000250                . = ALIGN (0x8)
 *fill*         0x000000002000024c        0x4 
 *(.srodata.cst16)
 *(.srodata.cst8)
 *(.srodata.cst4)
 *(.srodata.cst2)
 *(.srodata .srodata.*)
                0x0000000020000250                . = ALIGN (0x4)
                0x0000000020000250                PROVIDE (_edata = .)

.bss            0x0000000020000250       0xb4 load address 0x000000000000a724
                0x0000000020000250                . = ALIGN (0x4)
                0x0000000020000250                PROVIDE (_sbss = .)
 *(.sbss*)
 .sbss.bluetooth_ch9141_data
                0x0000000020000250        0x1 ./zf_device/zf_device_bluetooth_ch9141.o
 .sbss.bluetooth_ch9141_data_ch2
                0x0000000020000251        0x1 ./zf_device/zf_device_bluetooth_ch9141_ch2.o
 .sbss.mt9v03x_finish_flag_dvp
                0x0000000020000252        0x1 ./zf_device/zf_device_mt9v03x_dvp.o
                0x0000000020000252                mt9v03x_finish_flag_dvp
 *fill*         0x0000000020000253        0x1 
 .sbss.receive_dvp
                0x0000000020000254        0x3 ./zf_device/zf_device_mt9v03x_dvp.o
 .sbss.receive_num_dvp
                0x0000000020000257        0x1 ./zf_device/zf_device_mt9v03x_dvp.o
 .sbss.uart_receive_flag_dvp
                0x0000000020000258        0x1 ./zf_device/zf_device_mt9v03x_dvp.o
 *fill*         0x0000000020000259        0x3 
 .sbss.scc8660_uart_receive_dvp
                0x000000002000025c        0x3 ./zf_device/zf_device_scc8660_dvp.o
                0x000000002000025c                scc8660_uart_receive_dvp
 .sbss.scc8660_uart_receive_num_dvp
                0x000000002000025f        0x1 ./zf_device/zf_device_scc8660_dvp.o
                0x000000002000025f                scc8660_uart_receive_num_dvp
 .sbss.scc8660_uart_receive_flag_dvp
                0x0000000020000260        0x1 ./zf_device/zf_device_scc8660_dvp.o
                0x0000000020000260                scc8660_uart_receive_flag_dvp
 .sbss.scc8660_finish_flag_dvp
                0x0000000020000261        0x1 ./zf_device/zf_device_scc8660_dvp.o
                0x0000000020000261                scc8660_finish_flag_dvp
 *fill*         0x0000000020000262        0x2 
 .sbss.tft180_display_dir
                0x0000000020000264        0x4 ./zf_device/zf_device_tft180.o
                0x0000000020000264                tft180_display_dir
 .sbss.camera_type
                0x0000000020000268        0x4 ./zf_device/zf_device_type.o
                0x0000000020000268                camera_type
 .sbss.wireless_type
                0x000000002000026c        0x4 ./zf_device/zf_device_type.o
                0x000000002000026c                wireless_type
 .sbss.wireless_ch573_data
                0x0000000020000270        0x1 ./zf_device/zf_device_wireless_ch573.o
 .sbss.wireless_uart_data
                0x0000000020000271        0x1 ./zf_device/zf_device_wireless_uart.o
 *fill*         0x0000000020000272        0x2 
 .sbss.system_clock
                0x0000000020000274        0x4 ./zf_common/zf_common_clock.o
                0x0000000020000274                system_clock
 .sbss.zf_debug_init_flag
                0x0000000020000278        0x1 ./zf_common/zf_common_debug.o
                0x0000000020000278                zf_debug_init_flag
 *fill*         0x0000000020000279        0x3 
 .sbss.interrupt_nest_count
                0x000000002000027c        0x4 ./zf_common/zf_common_interrupt.o
 .sbss.i.6862   0x0000000020000280        0x4 ./user_c/main.o
 .sbss.EP0_DatabufHD
                0x0000000020000284        0x8 ./sdk/Peripheral/ch32v30x_usbotg_device.o
                0x0000000020000284                EP0_DatabufHD
 .sbss.pEP0_RAM_Addr
                0x000000002000028c        0x4 ./sdk/Peripheral/ch32v30x_usbotg_device.o
                0x000000002000028c                pEP0_RAM_Addr
 .sbss.pEP1_RAM_Addr
                0x0000000020000290        0x4 ./sdk/Peripheral/ch32v30x_usbotg_device.o
                0x0000000020000290                pEP1_RAM_Addr
 .sbss.pEP2_RAM_Addr
                0x0000000020000294        0x4 ./sdk/Peripheral/ch32v30x_usbotg_device.o
                0x0000000020000294                pEP2_RAM_Addr
 .sbss.pDescr   0x0000000020000298        0x4 ./sdk/Peripheral/ch32v30x_usbotg_device.o
                0x0000000020000298                pDescr
 .sbss.USBHD_Dev_SetupReqLen
                0x000000002000029c        0x2 ./sdk/Peripheral/ch32v30x_usbotg_device.o
                0x000000002000029c                USBHD_Dev_SetupReqLen
 .sbss.USBHD_Dev_SleepStatus
                0x000000002000029e        0x1 ./sdk/Peripheral/ch32v30x_usbotg_device.o
                0x000000002000029e                USBHD_Dev_SleepStatus
 .sbss.DevConfig
                0x000000002000029f        0x1 ./sdk/Peripheral/ch32v30x_usbotg_device.o
                0x000000002000029f                DevConfig
 .sbss.SetupReqCode
                0x00000000200002a0        0x1 ./sdk/Peripheral/ch32v30x_usbotg_device.o
                0x00000000200002a0                SetupReqCode
 *fill*         0x00000000200002a1        0x1 
 .sbss.SetupReqLen
                0x00000000200002a2        0x2 ./sdk/Peripheral/ch32v30x_usbotg_device.o
                0x00000000200002a2                SetupReqLen
 .sbss.__malloc_free_list
                0x00000000200002a4        0x4 d:/mounriver/mounriver_studio/toolchain/risc-v embedded gcc/bin/../lib/gcc/riscv-none-embed/8.2.0/../../../../riscv-none-embed/lib/rv32imac/ilp32\libg_nano.a(lib_a-nano-mallocr.o)
                0x00000000200002a4                __malloc_free_list
 .sbss.__malloc_sbrk_start
                0x00000000200002a8        0x4 d:/mounriver/mounriver_studio/toolchain/risc-v embedded gcc/bin/../lib/gcc/riscv-none-embed/8.2.0/../../../../riscv-none-embed/lib/rv32imac/ilp32\libg_nano.a(lib_a-nano-mallocr.o)
                0x00000000200002a8                __malloc_sbrk_start
 .sbss.heap_end.1518
                0x00000000200002ac        0x4 d:/mounriver/mounriver_studio/toolchain/risc-v embedded gcc/bin/../lib/gcc/riscv-none-embed/8.2.0/../../../../riscv-none-embed/lib/rv32imac/ilp32\libnosys.a(sbrk.o)
 *(.gnu.linkonce.sb.*)
 *(.bss*)
 .bss.bluetooth_ch9141_fifo
                0x00000000200002b0       0x14 ./zf_device/zf_device_bluetooth_ch9141.o
 .bss.bluetooth_ch9141_fifo_ch2
                0x00000000200002c4       0x14 ./zf_device/zf_device_bluetooth_ch9141_ch2.o
 .bss.wireless_ch573_fifo
                0x00000000200002d8       0x14 ./zf_device/zf_device_wireless_ch573.o
 .bss.wireless_uart_fifo
                0x00000000200002ec       0x14 ./zf_device/zf_device_wireless_uart.o
 *(.gnu.linkonce.b.*)
 *(COMMON*)
 COMMON         0x0000000020000300        0x4 d:/mounriver/mounriver_studio/toolchain/risc-v embedded gcc/bin/../lib/gcc/riscv-none-embed/8.2.0/../../../../riscv-none-embed/lib/rv32imac/ilp32\libg_nano.a(lib_a-reent.o)
                0x0000000020000300                errno
                0x0000000020000304                . = ALIGN (0x4)
                0x0000000020000304                PROVIDE (_ebss = .)
                [!provide]                        PROVIDE (_end = _ebss)
                0x0000000020000304                PROVIDE (end = .)

.stack          0x000000002000f800      0x800
                0x000000002000f800                . = ALIGN (0x4)
                [!provide]                        PROVIDE (_susrstack = .)
                0x0000000020010000                . = (. + __stack_size)
 *fill*         0x000000002000f800      0x800 
                0x0000000020010000                PROVIDE (_eusrstack = .)
OUTPUT(CarMainControler.elf elf32-littleriscv)

.debug_info     0x0000000000000000    0x19553
 .debug_info    0x0000000000000000      0x9fb ./zf_driver/zf_driver_delay.o
 .debug_info    0x00000000000009fb      0xe6f ./zf_driver/zf_driver_gpio.o
 .debug_info    0x000000000000186a       0x26 ./zf_driver/zf_driver_irq.o
 .debug_info    0x0000000000001890     0x1528 ./zf_driver/zf_driver_spi.o
 .debug_info    0x0000000000002db8     0x16ad ./zf_driver/zf_driver_uart.o
 .debug_info    0x0000000000004465      0xf0b ./zf_device/zf_device_bluetooth_ch9141.o
 .debug_info    0x0000000000005370      0xf0b ./zf_device/zf_device_bluetooth_ch9141_ch2.o
 .debug_info    0x000000000000627b      0xc59 ./zf_device/zf_device_camera.o
 .debug_info    0x0000000000006ed4     0x112e ./zf_device/zf_device_mt9v03x_dvp.o
 .debug_info    0x0000000000008002     0x134d ./zf_device/zf_device_scc8660_dvp.o
 .debug_info    0x000000000000934f     0x179b ./zf_device/zf_device_tft180.o
 .debug_info    0x000000000000aaea      0x115 ./zf_device/zf_device_type.o
 .debug_info    0x000000000000abff      0xfca ./zf_device/zf_device_wireless_ch573.o
 .debug_info    0x000000000000bbc9      0xff8 ./zf_device/zf_device_wireless_uart.o
 .debug_info    0x000000000000cbc1      0xbe3 ./zf_common/zf_common_clock.o
 .debug_info    0x000000000000d7a4      0xd67 ./zf_common/zf_common_debug.o
 .debug_info    0x000000000000e50b      0xbe3 ./zf_common/zf_common_fifo.o
 .debug_info    0x000000000000f0ee      0xa4b ./zf_common/zf_common_font.o
 .debug_info    0x000000000000fb39      0xf61 ./zf_common/zf_common_interrupt.o
 .debug_info    0x0000000000010a9a     0x1842 ./user_c/isr.o
 .debug_info    0x00000000000122dc     0x12fa ./user_c/main.o
 .debug_info    0x00000000000135d6       0x22 ./sdk/Startup/startup_ch32v30x.o
 .debug_info    0x00000000000135f8      0x337 ./sdk/Startup/system_ch32v30x.o
 .debug_info    0x000000000001392f      0x35f ./sdk/Peripheral/ch32v30x_exti.o
 .debug_info    0x0000000000013c8e      0x71b ./sdk/Peripheral/ch32v30x_gpio.o
 .debug_info    0x00000000000143a9      0xc6a ./sdk/Peripheral/ch32v30x_rcc.o
 .debug_info    0x0000000000015013      0x95b ./sdk/Peripheral/ch32v30x_spi.o
 .debug_info    0x000000000001596e     0x1dde ./sdk/Peripheral/ch32v30x_tim.o
 .debug_info    0x000000000001774c      0xa4e ./sdk/Peripheral/ch32v30x_usart.o
 .debug_info    0x000000000001819a     0x13b9 ./sdk/Peripheral/ch32v30x_usbotg_device.o

.debug_abbrev   0x0000000000000000     0x40c9
 .debug_abbrev  0x0000000000000000      0x1f6 ./zf_driver/zf_driver_delay.o
 .debug_abbrev  0x00000000000001f6      0x2ad ./zf_driver/zf_driver_gpio.o
 .debug_abbrev  0x00000000000004a3       0x14 ./zf_driver/zf_driver_irq.o
 .debug_abbrev  0x00000000000004b7      0x300 ./zf_driver/zf_driver_spi.o
 .debug_abbrev  0x00000000000007b7      0x2e9 ./zf_driver/zf_driver_uart.o
 .debug_abbrev  0x0000000000000aa0      0x266 ./zf_device/zf_device_bluetooth_ch9141.o
 .debug_abbrev  0x0000000000000d06      0x266 ./zf_device/zf_device_bluetooth_ch9141_ch2.o
 .debug_abbrev  0x0000000000000f6c      0x27e ./zf_device/zf_device_camera.o
 .debug_abbrev  0x00000000000011ea      0x31f ./zf_device/zf_device_mt9v03x_dvp.o
 .debug_abbrev  0x0000000000001509      0x31f ./zf_device/zf_device_scc8660_dvp.o
 .debug_abbrev  0x0000000000001828      0x337 ./zf_device/zf_device_tft180.o
 .debug_abbrev  0x0000000000001b5f       0xb3 ./zf_device/zf_device_type.o
 .debug_abbrev  0x0000000000001c12      0x282 ./zf_device/zf_device_wireless_ch573.o
 .debug_abbrev  0x0000000000001e94      0x293 ./zf_device/zf_device_wireless_uart.o
 .debug_abbrev  0x0000000000002127      0x278 ./zf_common/zf_common_clock.o
 .debug_abbrev  0x000000000000239f      0x2c7 ./zf_common/zf_common_debug.o
 .debug_abbrev  0x0000000000002666      0x278 ./zf_common/zf_common_fifo.o
 .debug_abbrev  0x00000000000028de      0x1dd ./zf_common/zf_common_font.o
 .debug_abbrev  0x0000000000002abb      0x29b ./zf_common/zf_common_interrupt.o
 .debug_abbrev  0x0000000000002d56      0x24e ./user_c/isr.o
 .debug_abbrev  0x0000000000002fa4      0x268 ./user_c/main.o
 .debug_abbrev  0x000000000000320c       0x12 ./sdk/Startup/startup_ch32v30x.o
 .debug_abbrev  0x000000000000321e      0x18e ./sdk/Startup/system_ch32v30x.o
 .debug_abbrev  0x00000000000033ac      0x157 ./sdk/Peripheral/ch32v30x_exti.o
 .debug_abbrev  0x0000000000003503      0x1da ./sdk/Peripheral/ch32v30x_gpio.o
 .debug_abbrev  0x00000000000036dd      0x202 ./sdk/Peripheral/ch32v30x_rcc.o
 .debug_abbrev  0x00000000000038df      0x1b1 ./sdk/Peripheral/ch32v30x_spi.o
 .debug_abbrev  0x0000000000003a90      0x1dc ./sdk/Peripheral/ch32v30x_tim.o
 .debug_abbrev  0x0000000000003c6c      0x1b1 ./sdk/Peripheral/ch32v30x_usart.o
 .debug_abbrev  0x0000000000003e1d      0x2ac ./sdk/Peripheral/ch32v30x_usbotg_device.o

.debug_aranges  0x0000000000000000      0xf20
 .debug_aranges
                0x0000000000000000       0x20 ./zf_driver/zf_driver_delay.o
 .debug_aranges
                0x0000000000000020       0x38 ./zf_driver/zf_driver_gpio.o
 .debug_aranges
                0x0000000000000058       0x20 ./zf_driver/zf_driver_irq.o
 .debug_aranges
                0x0000000000000078       0xb8 ./zf_driver/zf_driver_spi.o
 .debug_aranges
                0x0000000000000130       0x68 ./zf_driver/zf_driver_uart.o
 .debug_aranges
                0x0000000000000198       0x38 ./zf_device/zf_device_bluetooth_ch9141.o
 .debug_aranges
                0x00000000000001d0       0x38 ./zf_device/zf_device_bluetooth_ch9141_ch2.o
 .debug_aranges
                0x0000000000000208       0x48 ./zf_device/zf_device_camera.o
 .debug_aranges
                0x0000000000000250       0x58 ./zf_device/zf_device_mt9v03x_dvp.o
 .debug_aranges
                0x00000000000002a8       0x80 ./zf_device/zf_device_scc8660_dvp.o
 .debug_aranges
                0x0000000000000328       0xa8 ./zf_device/zf_device_tft180.o
 .debug_aranges
                0x00000000000003d0       0x28 ./zf_device/zf_device_type.o
 .debug_aranges
                0x00000000000003f8       0x48 ./zf_device/zf_device_wireless_ch573.o
 .debug_aranges
                0x0000000000000440       0x50 ./zf_device/zf_device_wireless_uart.o
 .debug_aranges
                0x0000000000000490       0x30 ./zf_common/zf_common_clock.o
 .debug_aranges
                0x00000000000004c0       0x50 ./zf_common/zf_common_debug.o
 .debug_aranges
                0x0000000000000510       0x50 ./zf_common/zf_common_fifo.o
 .debug_aranges
                0x0000000000000560       0x18 ./zf_common/zf_common_font.o
 .debug_aranges
                0x0000000000000578       0x60 ./zf_common/zf_common_interrupt.o
 .debug_aranges
                0x00000000000005d8       0xf8 ./user_c/isr.o
 .debug_aranges
                0x00000000000006d0       0x30 ./user_c/main.o
 .debug_aranges
                0x0000000000000700       0x30 ./sdk/Startup/startup_ch32v30x.o
 .debug_aranges
                0x0000000000000730       0x38 ./sdk/Startup/system_ch32v30x.o
 .debug_aranges
                0x0000000000000768       0x58 ./sdk/Peripheral/ch32v30x_exti.o
 .debug_aranges
                0x00000000000007c0       0xa8 ./sdk/Peripheral/ch32v30x_gpio.o
 .debug_aranges
                0x0000000000000868      0x1a8 ./sdk/Peripheral/ch32v30x_rcc.o
 .debug_aranges
                0x0000000000000a10       0xd0 ./sdk/Peripheral/ch32v30x_spi.o
 .debug_aranges
                0x0000000000000ae0      0x2f0 ./sdk/Peripheral/ch32v30x_tim.o
 .debug_aranges
                0x0000000000000dd0      0x100 ./sdk/Peripheral/ch32v30x_usart.o
 .debug_aranges
                0x0000000000000ed0       0x50 ./sdk/Peripheral/ch32v30x_usbotg_device.o

.debug_ranges   0x0000000000000000      0xd30
 .debug_ranges  0x0000000000000000       0x10 ./zf_driver/zf_driver_delay.o
 .debug_ranges  0x0000000000000010       0x28 ./zf_driver/zf_driver_gpio.o
 .debug_ranges  0x0000000000000038       0xa8 ./zf_driver/zf_driver_spi.o
 .debug_ranges  0x00000000000000e0       0x58 ./zf_driver/zf_driver_uart.o
 .debug_ranges  0x0000000000000138       0x28 ./zf_device/zf_device_bluetooth_ch9141.o
 .debug_ranges  0x0000000000000160       0x28 ./zf_device/zf_device_bluetooth_ch9141_ch2.o
 .debug_ranges  0x0000000000000188       0x38 ./zf_device/zf_device_camera.o
 .debug_ranges  0x00000000000001c0       0x48 ./zf_device/zf_device_mt9v03x_dvp.o
 .debug_ranges  0x0000000000000208       0x70 ./zf_device/zf_device_scc8660_dvp.o
 .debug_ranges  0x0000000000000278       0x98 ./zf_device/zf_device_tft180.o
 .debug_ranges  0x0000000000000310       0x18 ./zf_device/zf_device_type.o
 .debug_ranges  0x0000000000000328       0x38 ./zf_device/zf_device_wireless_ch573.o
 .debug_ranges  0x0000000000000360       0x40 ./zf_device/zf_device_wireless_uart.o
 .debug_ranges  0x00000000000003a0       0x20 ./zf_common/zf_common_clock.o
 .debug_ranges  0x00000000000003c0       0x40 ./zf_common/zf_common_debug.o
 .debug_ranges  0x0000000000000400       0x40 ./zf_common/zf_common_fifo.o
 .debug_ranges  0x0000000000000440       0x50 ./zf_common/zf_common_interrupt.o
 .debug_ranges  0x0000000000000490       0xe8 ./user_c/isr.o
 .debug_ranges  0x0000000000000578       0x20 ./user_c/main.o
 .debug_ranges  0x0000000000000598       0x28 ./sdk/Startup/startup_ch32v30x.o
 .debug_ranges  0x00000000000005c0       0x28 ./sdk/Startup/system_ch32v30x.o
 .debug_ranges  0x00000000000005e8       0x48 ./sdk/Peripheral/ch32v30x_exti.o
 .debug_ranges  0x0000000000000630       0x98 ./sdk/Peripheral/ch32v30x_gpio.o
 .debug_ranges  0x00000000000006c8      0x198 ./sdk/Peripheral/ch32v30x_rcc.o
 .debug_ranges  0x0000000000000860       0xc0 ./sdk/Peripheral/ch32v30x_spi.o
 .debug_ranges  0x0000000000000920      0x2e0 ./sdk/Peripheral/ch32v30x_tim.o
 .debug_ranges  0x0000000000000c00       0xf0 ./sdk/Peripheral/ch32v30x_usart.o
 .debug_ranges  0x0000000000000cf0       0x40 ./sdk/Peripheral/ch32v30x_usbotg_device.o

.debug_line     0x0000000000000000    0x11f7d
 .debug_line    0x0000000000000000      0x371 ./zf_driver/zf_driver_delay.o
 .debug_line    0x0000000000000371      0x607 ./zf_driver/zf_driver_gpio.o
 .debug_line    0x0000000000000978       0x9f ./zf_driver/zf_driver_irq.o
 .debug_line    0x0000000000000a17     0x1a5e ./zf_driver/zf_driver_spi.o
 .debug_line    0x0000000000002475      0xc96 ./zf_driver/zf_driver_uart.o
 .debug_line    0x000000000000310b      0x500 ./zf_device/zf_device_bluetooth_ch9141.o
 .debug_line    0x000000000000360b      0x504 ./zf_device/zf_device_bluetooth_ch9141_ch2.o
 .debug_line    0x0000000000003b0f      0x57b ./zf_device/zf_device_camera.o
 .debug_line    0x000000000000408a      0xb6f ./zf_device/zf_device_mt9v03x_dvp.o
 .debug_line    0x0000000000004bf9      0xd76 ./zf_device/zf_device_scc8660_dvp.o
 .debug_line    0x000000000000596f     0x1512 ./zf_device/zf_device_tft180.o
 .debug_line    0x0000000000006e81       0xd0 ./zf_device/zf_device_type.o
 .debug_line    0x0000000000006f51      0x5a2 ./zf_device/zf_device_wireless_ch573.o
 .debug_line    0x00000000000074f3      0x672 ./zf_device/zf_device_wireless_uart.o
 .debug_line    0x0000000000007b65      0x5e3 ./zf_common/zf_common_clock.o
 .debug_line    0x0000000000008148      0x5bd ./zf_common/zf_common_debug.o
 .debug_line    0x0000000000008705      0x62b ./zf_common/zf_common_fifo.o
 .debug_line    0x0000000000008d30      0x18c ./zf_common/zf_common_font.o
 .debug_line    0x0000000000008ebc      0x4c9 ./zf_common/zf_common_interrupt.o
 .debug_line    0x0000000000009385      0xc40 ./user_c/isr.o
 .debug_line    0x0000000000009fc5      0x5d7 ./user_c/main.o
 .debug_line    0x000000000000a59c      0x396 ./sdk/Startup/startup_ch32v30x.o
 .debug_line    0x000000000000a932      0x5f1 ./sdk/Startup/system_ch32v30x.o
 .debug_line    0x000000000000af23      0x594 ./sdk/Peripheral/ch32v30x_exti.o
 .debug_line    0x000000000000b4b7      0xa61 ./sdk/Peripheral/ch32v30x_gpio.o
 .debug_line    0x000000000000bf18     0x12ae ./sdk/Peripheral/ch32v30x_rcc.o
 .debug_line    0x000000000000d1c6      0xaaa ./sdk/Peripheral/ch32v30x_spi.o
 .debug_line    0x000000000000dc70     0x225e ./sdk/Peripheral/ch32v30x_tim.o
 .debug_line    0x000000000000fece      0xc8a ./sdk/Peripheral/ch32v30x_usart.o
 .debug_line    0x0000000000010b58     0x1425 ./sdk/Peripheral/ch32v30x_usbotg_device.o

.debug_str      0x0000000000000000     0x5770
 .debug_str     0x0000000000000000      0x5ac ./zf_driver/zf_driver_delay.o
                                        0x62f (size before relaxing)
 .debug_str     0x00000000000005ac      0x2a2 ./zf_driver/zf_driver_gpio.o
                                        0x856 (size before relaxing)
 .debug_str     0x000000000000084e       0x63 ./zf_driver/zf_driver_irq.o
                                         0xa6 (size before relaxing)
 .debug_str     0x00000000000008b1      0x51c ./zf_driver/zf_driver_spi.o
                                        0xb70 (size before relaxing)
 .debug_str     0x0000000000000dcd      0xa3d ./zf_driver/zf_driver_uart.o
                                       0x114d (size before relaxing)
 .debug_str     0x000000000000180a      0x20c ./zf_device/zf_device_bluetooth_ch9141.o
                                        0xa9d (size before relaxing)
 .debug_str     0x0000000000001a16      0x133 ./zf_device/zf_device_bluetooth_ch9141_ch2.o
                                        0xaad (size before relaxing)
 .debug_str     0x0000000000001b49      0x1e3 ./zf_device/zf_device_camera.o
                                        0x8d0 (size before relaxing)
 .debug_str     0x0000000000001d2c      0x1b9 ./zf_device/zf_device_mt9v03x_dvp.o
                                        0xb5b (size before relaxing)
 .debug_str     0x0000000000001ee5      0x2e8 ./zf_device/zf_device_scc8660_dvp.o
                                        0xd1c (size before relaxing)
 .debug_str     0x00000000000021cd      0x366 ./zf_device/zf_device_tft180.o
                                        0xb71 (size before relaxing)
 .debug_str     0x0000000000002533       0x83 ./zf_device/zf_device_type.o
                                        0x243 (size before relaxing)
 .debug_str     0x00000000000025b6      0x13a ./zf_device/zf_device_wireless_ch573.o
                                        0xb01 (size before relaxing)
 .debug_str     0x00000000000026f0      0x141 ./zf_device/zf_device_wireless_uart.o
                                        0xb08 (size before relaxing)
 .debug_str     0x0000000000002831      0x19b ./zf_common/zf_common_clock.o
                                        0x789 (size before relaxing)
 .debug_str     0x00000000000029cc       0xd8 ./zf_common/zf_common_debug.o
                                        0x938 (size before relaxing)
 .debug_str     0x0000000000002aa4      0x13d ./zf_common/zf_common_fifo.o
                                        0x738 (size before relaxing)
 .debug_str     0x0000000000002be1       0x58 ./zf_common/zf_common_font.o
                                        0x60b (size before relaxing)
 .debug_str     0x0000000000002c39      0x137 ./zf_common/zf_common_interrupt.o
                                        0xcd9 (size before relaxing)
 .debug_str     0x0000000000002d70      0x710 ./user_c/isr.o
                                       0x106a (size before relaxing)
 .debug_str     0x0000000000003480       0x5d ./user_c/main.o
                                        0xdb5 (size before relaxing)
 .debug_str     0x00000000000034dd       0x5c ./sdk/Startup/startup_ch32v30x.o
                                         0xab (size before relaxing)
 .debug_str     0x0000000000003539       0xb3 ./sdk/Startup/system_ch32v30x.o
                                        0x34d (size before relaxing)
 .debug_str     0x00000000000035ec      0x1ff ./sdk/Peripheral/ch32v30x_exti.o
                                        0x3e5 (size before relaxing)
 .debug_str     0x00000000000037eb      0x265 ./sdk/Peripheral/ch32v30x_gpio.o
                                        0x5b2 (size before relaxing)
 .debug_str     0x0000000000003a50      0x640 ./sdk/Peripheral/ch32v30x_rcc.o
                                        0x919 (size before relaxing)
 .debug_str     0x0000000000004090      0x2d9 ./sdk/Peripheral/ch32v30x_spi.o
                                        0x698 (size before relaxing)
 .debug_str     0x0000000000004369      0xae2 ./sdk/Peripheral/ch32v30x_tim.o
                                        0xea5 (size before relaxing)
 .debug_str     0x0000000000004e4b      0x3bc ./sdk/Peripheral/ch32v30x_usart.o
                                        0x72f (size before relaxing)
 .debug_str     0x0000000000005207      0x569 ./sdk/Peripheral/ch32v30x_usbotg_device.o
                                        0xc98 (size before relaxing)

.comment        0x0000000000000000       0x33
 .comment       0x0000000000000000       0x33 ./zf_driver/zf_driver_delay.o
                                         0x34 (size before relaxing)
 .comment       0x0000000000000033       0x34 ./zf_driver/zf_driver_gpio.o
 .comment       0x0000000000000033       0x34 ./zf_driver/zf_driver_spi.o
 .comment       0x0000000000000033       0x34 ./zf_driver/zf_driver_uart.o
 .comment       0x0000000000000033       0x34 ./zf_device/zf_device_bluetooth_ch9141.o
 .comment       0x0000000000000033       0x34 ./zf_device/zf_device_bluetooth_ch9141_ch2.o
 .comment       0x0000000000000033       0x34 ./zf_device/zf_device_camera.o
 .comment       0x0000000000000033       0x34 ./zf_device/zf_device_mt9v03x_dvp.o
 .comment       0x0000000000000033       0x34 ./zf_device/zf_device_scc8660_dvp.o
 .comment       0x0000000000000033       0x34 ./zf_device/zf_device_tft180.o
 .comment       0x0000000000000033       0x34 ./zf_device/zf_device_type.o
 .comment       0x0000000000000033       0x34 ./zf_device/zf_device_wireless_ch573.o
 .comment       0x0000000000000033       0x34 ./zf_device/zf_device_wireless_uart.o
 .comment       0x0000000000000033       0x34 ./zf_common/zf_common_clock.o
 .comment       0x0000000000000033       0x34 ./zf_common/zf_common_debug.o
 .comment       0x0000000000000033       0x34 ./zf_common/zf_common_fifo.o
 .comment       0x0000000000000033       0x34 ./zf_common/zf_common_font.o
 .comment       0x0000000000000033       0x34 ./zf_common/zf_common_interrupt.o
 .comment       0x0000000000000033       0x34 ./user_c/isr.o
 .comment       0x0000000000000033       0x34 ./user_c/main.o
 .comment       0x0000000000000033       0x34 ./sdk/Startup/system_ch32v30x.o
 .comment       0x0000000000000033       0x34 ./sdk/Peripheral/ch32v30x_exti.o
 .comment       0x0000000000000033       0x34 ./sdk/Peripheral/ch32v30x_gpio.o
 .comment       0x0000000000000033       0x34 ./sdk/Peripheral/ch32v30x_rcc.o
 .comment       0x0000000000000033       0x34 ./sdk/Peripheral/ch32v30x_spi.o
 .comment       0x0000000000000033       0x34 ./sdk/Peripheral/ch32v30x_tim.o
 .comment       0x0000000000000033       0x34 ./sdk/Peripheral/ch32v30x_usart.o
 .comment       0x0000000000000033       0x34 ./sdk/Peripheral/ch32v30x_usbotg_device.o

.debug_frame    0x0000000000000000     0x4774
 .debug_frame   0x0000000000000000       0x30 ./zf_driver/zf_driver_delay.o
 .debug_frame   0x0000000000000030       0x98 ./zf_driver/zf_driver_gpio.o
 .debug_frame   0x00000000000000c8      0x2b8 ./zf_driver/zf_driver_spi.o
 .debug_frame   0x0000000000000380      0x174 ./zf_driver/zf_driver_uart.o
 .debug_frame   0x00000000000004f4       0xb4 ./zf_device/zf_device_bluetooth_ch9141.o
 .debug_frame   0x00000000000005a8       0xb4 ./zf_device/zf_device_bluetooth_ch9141_ch2.o
 .debug_frame   0x000000000000065c       0xdc ./zf_device/zf_device_camera.o
 .debug_frame   0x0000000000000738      0x17c ./zf_device/zf_device_mt9v03x_dvp.o
 .debug_frame   0x00000000000008b4      0x244 ./zf_device/zf_device_scc8660_dvp.o
 .debug_frame   0x0000000000000af8      0x2e0 ./zf_device/zf_device_tft180.o
 .debug_frame   0x0000000000000dd8       0x50 ./zf_device/zf_device_type.o
 .debug_frame   0x0000000000000e28      0x104 ./zf_device/zf_device_wireless_ch573.o
 .debug_frame   0x0000000000000f2c      0x13c ./zf_device/zf_device_wireless_uart.o
 .debug_frame   0x0000000000001068       0x78 ./zf_common/zf_common_clock.o
 .debug_frame   0x00000000000010e0      0x108 ./zf_common/zf_common_debug.o
 .debug_frame   0x00000000000011e8      0x104 ./zf_common/zf_common_fifo.o
 .debug_frame   0x00000000000012ec      0x144 ./zf_common/zf_common_interrupt.o
 .debug_frame   0x0000000000001430      0x38c ./user_c/isr.o
 .debug_frame   0x00000000000017bc       0x78 ./user_c/main.o
 .debug_frame   0x0000000000001834       0xa0 ./sdk/Startup/system_ch32v30x.o
 .debug_frame   0x00000000000018d4      0x114 ./sdk/Peripheral/ch32v30x_exti.o
 .debug_frame   0x00000000000019e8      0x264 ./sdk/Peripheral/ch32v30x_gpio.o
 .debug_frame   0x0000000000001c4c      0x658 ./sdk/Peripheral/ch32v30x_rcc.o
 .debug_frame   0x00000000000022a4      0x2fc ./sdk/Peripheral/ch32v30x_spi.o
 .debug_frame   0x00000000000025a0      0xbbc ./sdk/Peripheral/ch32v30x_tim.o
 .debug_frame   0x000000000000315c      0x3bc ./sdk/Peripheral/ch32v30x_usart.o
 .debug_frame   0x0000000000003518      0x100 ./sdk/Peripheral/ch32v30x_usbotg_device.o
 .debug_frame   0x0000000000003618       0x44 d:/mounriver/mounriver_studio/toolchain/risc-v embedded gcc/bin/../lib/gcc/riscv-none-embed/8.2.0/rv32imac/ilp32\libgcc.a(adddf3.o)
 .debug_frame   0x000000000000365c       0x50 d:/mounriver/mounriver_studio/toolchain/risc-v embedded gcc/bin/../lib/gcc/riscv-none-embed/8.2.0/rv32imac/ilp32\libgcc.a(divdf3.o)
 .debug_frame   0x00000000000036ac       0x20 d:/mounriver/mounriver_studio/toolchain/risc-v embedded gcc/bin/../lib/gcc/riscv-none-embed/8.2.0/rv32imac/ilp32\libgcc.a(eqdf2.o)
 .debug_frame   0x00000000000036cc       0x20 d:/mounriver/mounriver_studio/toolchain/risc-v embedded gcc/bin/../lib/gcc/riscv-none-embed/8.2.0/rv32imac/ilp32\libgcc.a(ledf2.o)
 .debug_frame   0x00000000000036ec       0x54 d:/mounriver/mounriver_studio/toolchain/risc-v embedded gcc/bin/../lib/gcc/riscv-none-embed/8.2.0/rv32imac/ilp32\libgcc.a(muldf3.o)
 .debug_frame   0x0000000000003740       0x44 d:/mounriver/mounriver_studio/toolchain/risc-v embedded gcc/bin/../lib/gcc/riscv-none-embed/8.2.0/rv32imac/ilp32\libgcc.a(subdf3.o)
 .debug_frame   0x0000000000003784       0x20 d:/mounriver/mounriver_studio/toolchain/risc-v embedded gcc/bin/../lib/gcc/riscv-none-embed/8.2.0/rv32imac/ilp32\libgcc.a(fixdfsi.o)