Archive member included to satisfy reference by file (symbol)

D:\projects\mechanical_arm\Firmware\ArmMainControler\NetLib\libwchnet.a(eth_driver.o)
                              ./user_c/ETH.o (WCH_GetMac)
D:\projects\mechanical_arm\Firmware\ArmMainControler\NetLib\libwchnet.a(socket.o)
                              ./user_c/ETH.o (WCHNET_Init)
D:\projects\mechanical_arm\Firmware\ArmMainControler\NetLib\libwchnet.a(etharp.o)
                              D:\projects\mechanical_arm\Firmware\ArmMainControler\NetLib\libwchnet.a(socket.o) (etharp_request)
D:\projects\mechanical_arm\Firmware\ArmMainControler\NetLib\libwchnet.a(ethernetif.o)
                              D:\projects\mechanical_arm\Firmware\ArmMainControler\NetLib\libwchnet.a(socket.o) (low_level_init)
D:\projects\mechanical_arm\Firmware\ArmMainControler\NetLib\libwchnet.a(inet.o)
                              D:\projects\mechanical_arm\Firmware\ArmMainControler\NetLib\libwchnet.a(socket.o) (inet_ntoa)
D:\projects\mechanical_arm\Firmware\ArmMainControler\NetLib\libwchnet.a(ip.o)
                              D:\projects\mechanical_arm\Firmware\ArmMainControler\NetLib\libwchnet.a(etharp.o) (ip_input)
D:\projects\mechanical_arm\Firmware\ArmMainControler\NetLib\libwchnet.a(ip_addr.o)
                              D:\projects\mechanical_arm\Firmware\ArmMainControler\NetLib\libwchnet.a(socket.o) (ip_addr_isbroadcast)
D:\projects\mechanical_arm\Firmware\ArmMainControler\NetLib\libwchnet.a(ip_frag.o)
                              D:\projects\mechanical_arm\Firmware\ArmMainControler\NetLib\libwchnet.a(ethernetif.o) (ip_reass_tmr)
D:\projects\mechanical_arm\Firmware\ArmMainControler\NetLib\libwchnet.a(init.o)
                              D:\projects\mechanical_arm\Firmware\ArmMainControler\NetLib\libwchnet.a(ethernetif.o) (lwip_init)
D:\projects\mechanical_arm\Firmware\ArmMainControler\NetLib\libwchnet.a(mem.o)
                              D:\projects\mechanical_arm\Firmware\ArmMainControler\NetLib\libwchnet.a(init.o) (mem_init)
D:\projects\mechanical_arm\Firmware\ArmMainControler\NetLib\libwchnet.a(memp.o)
                              D:\projects\mechanical_arm\Firmware\ArmMainControler\NetLib\libwchnet.a(init.o) (memp_init)
D:\projects\mechanical_arm\Firmware\ArmMainControler\NetLib\libwchnet.a(netif.o)
                              D:\projects\mechanical_arm\Firmware\ArmMainControler\NetLib\libwchnet.a(socket.o) (netif_remove)
D:\projects\mechanical_arm\Firmware\ArmMainControler\NetLib\libwchnet.a(pbuf.o)
                              D:\projects\mechanical_arm\Firmware\ArmMainControler\NetLib\libwchnet.a(socket.o) (pbuf_header)
D:\projects\mechanical_arm\Firmware\ArmMainControler\NetLib\libwchnet.a(raw.o)
                              D:\projects\mechanical_arm\Firmware\ArmMainControler\NetLib\libwchnet.a(ip.o) (raw_input)
D:\projects\mechanical_arm\Firmware\ArmMainControler\NetLib\libwchnet.a(tcp.o)
                              D:\projects\mechanical_arm\Firmware\ArmMainControler\NetLib\libwchnet.a(socket.o) (tcp_bind)
D:\projects\mechanical_arm\Firmware\ArmMainControler\NetLib\libwchnet.a(tcp_in.o)
                              D:\projects\mechanical_arm\Firmware\ArmMainControler\NetLib\libwchnet.a(ip.o) (tcp_input)
D:\projects\mechanical_arm\Firmware\ArmMainControler\NetLib\libwchnet.a(tcp_out.o)
                              D:\projects\mechanical_arm\Firmware\ArmMainControler\NetLib\libwchnet.a(tcp.o) (tcp_enqueue)
D:\projects\mechanical_arm\Firmware\ArmMainControler\NetLib\libwchnet.a(udp.o)
                              D:\projects\mechanical_arm\Firmware\ArmMainControler\NetLib\libwchnet.a(ip.o) (udp_input)
D:\projects\mechanical_arm\Firmware\ArmMainControler\NetLib\libwchnet.a(ipcheck.o)
                              D:\projects\mechanical_arm\Firmware\ArmMainControler\NetLib\libwchnet.a(socket.o) (IPCheckParaInit)
D:\projects\mechanical_arm\Firmware\ArmMainControler\NetLib\libwchnet.a(wchnet_dhcp.o)
                              D:\projects\mechanical_arm\Firmware\ArmMainControler\NetLib\libwchnet.a(etharp.o) (dhcp_arp_reply)
D:\projects\mechanical_arm\Firmware\ArmMainControler\NetLib\libwchnet.a(wchnet_dns.o)
                              D:\projects\mechanical_arm\Firmware\ArmMainControler\NetLib\libwchnet.a(wchnet_dhcp.o) (dns_setserver)
D:\projects\mechanical_arm\Firmware\ArmMainControler\NetLib\libwchnet.a(icmp.o)
                              D:\projects\mechanical_arm\Firmware\ArmMainControler\NetLib\libwchnet.a(ip.o) (icmp_input)
D:\projects\mechanical_arm\Firmware\ArmMainControler\NetLib\libwchnet.a(inet_chksum.o)
                              D:\projects\mechanical_arm\Firmware\ArmMainControler\NetLib\libwchnet.a(tcp_in.o) (inet_chksum_pseudo)
d:/mounriver/mounriver_studio/toolchain/risc-v embedded gcc/bin/../lib/gcc/riscv-none-embed/8.2.0/../../../../riscv-none-embed/lib/rv32imac/ilp32\libm.a(lib_a-s_cos.o)
                              ./user_c/arm_kinematic.o (cos)
[...]
Memory Configuration

Name             Origin             Length             Attributes
FLASH            0x0000000000000000 0x0000000000030000 xr
RAM              0x0000000020000000 0x0000000000020000 xrw
*default*        0x0000000000000000 0xffffffffffffffff

Linker script and memory map

LOAD ./zf_driver/zf_driver_adc.o
LOAD ./zf_driver/zf_driver_delay.o
LOAD ./zf_driver/zf_driver_dvp.o
LOAD ./zf_driver/zf_driver_encoder.o
LOAD ./zf_driver/zf_driver_exti.o
LOAD ./zf_driver/zf_driver_flash.o
LOAD ./zf_driver/zf_driver_gpio.o
LOAD ./zf_driver/zf_driver_irq.o
LOAD ./zf_driver/zf_driver_pit.o
LOAD ./zf_driver/zf_driver_pwm.o
LOAD ./zf_driver/zf_driver_soft_iic.o
LOAD ./zf_driver/zf_driver_spi.o
LOAD ./zf_driver/zf_driver_timer.o
LOAD ./zf_driver/zf_driver_uart.o
LOAD ./zf_driver/zf_driver_usb_cdc.o
LOAD ./zf_device/zf_device_absolute_encoder.o
LOAD ./zf_device/zf_device_bluetooth_ch9141.o
LOAD ./zf_device/zf_device_bluetooth_ch9141_ch2.o
LOAD ./zf_device/zf_device_camera.o
LOAD ./zf_device/zf_device_icm20602.o
LOAD ./zf_device/zf_device_ips114.o
LOAD ./zf_device/zf_device_ips200_parallel8.o
LOAD ./zf_device/zf_device_mpu6050.o
LOAD ./zf_device/zf_device_mt9v03x_dvp.o
LOAD ./zf_device/zf_device_oled.o
LOAD ./zf_device/zf_device_scc8660_dvp.o
LOAD ./zf_device/zf_device_tft180.o
LOAD ./zf_device/zf_device_type.o
LOAD ./zf_device/zf_device_virtual_oscilloscope.o
LOAD ./zf_device/zf_device_wireless_ch573.o
LOAD ./zf_device/zf_device_wireless_uart.o
LOAD ./zf_common/zf_common_clock.o
LOAD ./zf_common/zf_common_debug.o
LOAD ./zf_common/zf_common_fifo.o
LOAD ./zf_common/zf_common_font.o
LOAD ./zf_common/zf_common_function.o
LOAD ./zf_common/zf_common_interrupt.o
LOAD ./user_c/ETH.o
LOAD ./user_c/MyCan.o
LOAD ./user_c/arm_kinematic.o
LOAD ./user_c/isr.o
LOAD ./user_c/joint.o
LOAD ./user_c/main.o
LOAD ./user_c/msg_process.o
LOAD ./user_c/w25q128.o
LOAD ./sdk/Startup/startup_ch32v30x.o
LOAD ./sdk/Startup/system_ch32v30x.o
LOAD ./sdk/Peripheral/ch32v30x_adc.o
LOAD ./sdk/Peripheral/ch32v30x_bkp.o
LOAD ./sdk/Peripheral/ch32v30x_can.o
LOAD ./sdk/Peripheral/ch32v30x_crc.o
LOAD ./sdk/Peripheral/ch32v30x_dac.o
LOAD ./sdk/Peripheral/ch32v30x_dbgmcu.o
LOAD ./sdk/Peripheral/ch32v30x_dma.o
LOAD ./sdk/Peripheral/ch32v30x_dvp.o
LOAD ./sdk/Peripheral/ch32v30x_eth.o
LOAD ./sdk/Peripheral/ch32v30x_exti.o
LOAD ./sdk/Peripheral/ch32v30x_flash.o
LOAD ./sdk/Peripheral/ch32v30x_fsmc.o
LOAD ./sdk/Peripheral/ch32v30x_gpio.o
LOAD ./sdk/Peripheral/ch32v30x_i2c.o
LOAD ./sdk/Peripheral/ch32v30x_iwdg.o
LOAD ./sdk/Peripheral/ch32v30x_misc.o
LOAD ./sdk/Peripheral/ch32v30x_opa.o
LOAD ./sdk/Peripheral/ch32v30x_pwr.o
LOAD ./sdk/Peripheral/ch32v30x_rcc.o
LOAD ./sdk/Peripheral/ch32v30x_rng.o
LOAD ./sdk/Peripheral/ch32v30x_rtc.o
LOAD ./sdk/Peripheral/ch32v30x_sdio.o
LOAD ./sdk/Peripheral/ch32v30x_spi.o
LOAD ./sdk/Peripheral/ch32v30x_tim.o
LOAD ./sdk/Peripheral/ch32v30x_usart.o
LOAD ./sdk/Peripheral/ch32v30x_usbotg_device.o
LOAD ./sdk/Peripheral/ch32v30x_wwdg.o
LOAD ./sdk/Core/core_riscv.o
LOAD D:\projects\mechanical_arm\Firmware\ArmMainControler\NetLib\libwchnet.a
LOAD d:/mounriver/mounriver_studio/toolchain/risc-v embedded gcc/bin/../lib/gcc/riscv-none-embed/8.2.0/../../../../riscv-none-embed/lib/rv32imac/ilp32\libm.a
LOAD d:/mounriver/mounriver_studio/toolchain/risc-v embedded gcc/bin/../lib/gcc/riscv-none-embed/8.2.0/rv32imac/ilp32\libgcc.a
LOAD d:/mounriver/mounriver_studio/toolchain/risc-v embedded gcc/bin/../lib/gcc/riscv-none-embed/8.2.0/../../../../riscv-none-embed/lib/rv32imac/ilp32\libg_nano.a
LOAD d:/mounriver/mounriver_studio/toolchain/risc-v embedded gcc/bin/../lib/gcc/riscv-none-embed/8.2.0/../../../../riscv-none-embed/lib/rv32imac/ilp32\libc_nano.a
LOAD d:/mounriver/mounriver_studio/toolchain/risc-v embedded gcc/bin/../lib/gcc/riscv-none-embed/8.2.0/rv32imac/ilp32\libgcc.a
START GROUP
LOAD d:/mounriver/mounriver_studio/toolchain/risc-v embedded gcc/bin/../lib/gcc/riscv-none-embed/8.2.0/rv32imac/ilp32\libgcc.a
LOAD d:/mounriver/mounriver_studio/toolchain/risc-v embedded gcc/bin/../lib/gcc/riscv-none-embed/8.2.0/../../../../riscv-none-embed/lib/rv32imac/ilp32\libc_nano.a
LOAD d:/mounriver/mounriver_studio/toolchain/risc-v embedded gcc/bin/../lib/gcc/riscv-none-embed/8.2.0/../../../../riscv-none-embed/lib/rv32imac/ilp32\libnosys.a
END GROUP
START GROUP
LOAD d:/mounriver/mounriver_studio/toolchain/risc-v embedded gcc/bin/../lib/gcc/riscv-none-embed/8.2.0/rv32imac/ilp32\libgcc.a
LOAD d:/mounriver/mounriver_studio/toolchain/risc-v embedded gcc/bin/../lib/gcc/riscv-none-embed/8.2.0/../../../../riscv-none-embed/lib/rv32imac/ilp32\libc_nano.a
LOAD d:/mounriver/mounriver_studio/toolchain/risc-v embedded gcc/bin/../lib/gcc/riscv-none-embed/8.2.0/../../../../riscv-none-embed/lib/rv32imac/ilp32\libnosys.a
END GROUP
                0x0000000000000800                __stack_size = 0x800
                [!provide]                        PROVIDE (_stack_size = __stack_size)

.init           0x0000000000000000       0x38
                0x0000000000000000                _sinit = .
                0x0000000000000000                . = ALIGN (0x4)
 *(SORT_NONE(.init))
 .init          0x0000000000000000       0x38 ./sdk/Startup/startup_ch32v30x.o
                0x0000000000000000                _start
                0x0000000000000038                . = ALIGN (0x4)
                0x0000000000000038                _einit = .

.vector         0x0000000000000038      0x1c8
 *(.vector)
 .vector        0x0000000000000038      0x1a0 ./sdk/Startup/startup_ch32v30x.o
                0x0000000000000200                . = ALIGN (0x40)
 *fill*         0x00000000000001d8       0x28 

.text           0x0000000000000200    0x1d7fc
                0x0000000000000200                . = ALIGN (0x4)
 *(.text)
 .text          0x0000000000000200       0x14 ./zf_driver/zf_driver_irq.o
                0x0000000000000200                dis_interrupt
                0x0000000000000206                en_interrupt
 .text          0x0000000000000214       0x60 d:/mounriver/mounriver_studio/toolchain/risc-v embedded gcc/bin/../lib/gcc/riscv-none-embed/8.2.0/rv32imac/ilp32\libgcc.a(save-restore.o)
                0x0000000000000214                __riscv_save_12
                0x000000000000021c                __riscv_save_9
                0x000000000000021c                __riscv_save_11
                0x000000000000021c                __riscv_save_10
                0x000000000000021c                __riscv_save_8
                0x000000000000022a                __riscv_save_4
                0x000000000000022a                __riscv_save_6
                0x000000000000022a                __riscv_save_5
                0x000000000000022a                __riscv_save_7
                0x0000000000000244                __riscv_save_3
                0x0000000000000244                __riscv_save_2
                0x0000000000000244                __riscv_save_1
                0x0000000000000244                __riscv_save_0
                0x0000000000000250                __riscv_restore_12
                0x0000000000000254                __riscv_restore_11
                0x0000000000000254                __riscv_restore_9
                0x0000000000000254                __riscv_restore_10
                0x0000000000000254                __riscv_restore_8
                0x000000000000025e                __riscv_restore_5
                0x000000000000025e                __riscv_restore_7
                0x000000000000025e                __riscv_restore_6
                0x000000000000025e                __riscv_restore_4
                0x0000000000000268                __riscv_restore_3
                0x0000000000000268                __riscv_restore_0
                0x0000000000000268                __riscv_restore_2
                0x0000000000000268                __riscv_restore_1
 .text          0x0000000000000274       0xa8 d:/mounriver/mounriver_studio/toolchain/risc-v embedded gcc/bin/../lib/gcc/riscv-none-embed/8.2.0/../../../../riscv-none-embed/lib/rv32imac/ilp32\libg_nano.a(lib_a-memset.o)
                0x0000000000000274                memset
 .text          0x000000000000031c      0x11e d:/mounriver/mounriver_studio/toolchain/risc-v embedded gcc/bin/../lib/gcc/riscv-none-embed/8.2.0/../../../../riscv-none-embed/lib/rv32imac/ilp32\libg_nano.a(lib_a-strcmp.o)
                0x000000000000031c                strcmp
 *(.text.*)
 .text.system_delay
                0x000000000000043a       0x5c ./zf_driver/zf_driver_delay.o
                0x000000000000043a                system_delay
 .text.gpio_get_level
                0x0000000000000496       0x40 ./zf_driver/zf_driver_gpio.o
                0x0000000000000496                gpio_get_level
 .text.gpio_toggle_level
                0x00000000000004d6       0x66 ./zf_driver/zf_driver_gpio.o
                0x00000000000004d6                gpio_toggle_level
 .text.gpio_init
                0x000000000000053c      0x196 ./zf_driver/zf_driver_gpio.o
                0x000000000000053c                gpio_init
 .text.spi_gpio_init
                0x00000000000006d2      0x204 ./zf_driver/zf_driver_spi.o
                0x00000000000006d2                spi_gpio_init
 .text.spi_init
                0x00000000000008d6      0x264 ./zf_driver/zf_driver_spi.o
                0x00000000000008d6                spi_init
 .text.spi_write_8bit
                0x0000000000000b3a       0x56 ./zf_driver/zf_driver_spi.o
                0x0000000000000b3a                spi_write_8bit
 .text.spi_write_16bit
                0x0000000000000b90       0xa6 ./zf_driver/zf_driver_spi.o
                0x0000000000000b90                spi_write_16bit
 .text.uart_gpio_init
                0x0000000000000c36      0x408 ./zf_driver/zf_driver_uart.o
                0x0000000000000c36                uart_gpio_init
 .text.uart_rx_interrupt
                0x000000000000103e       0x86 ./zf_driver/zf_driver_uart.o
                0x000000000000103e                uart_rx_interrupt
 .text.uart_query_byte
                0x00000000000010c4       0x5e ./zf_driver/zf_driver_uart.o
                0x00000000000010c4                uart_query_byte
 .text.uart_init
                0x0000000000001122      0x2b0 ./zf_driver/zf_driver_uart.o
                0x0000000000001122                uart_init
 .text.bluetooth_ch9141_uart_callback_ch1
                0x00000000000013d2       0x28 ./zf_device/zf_device_bluetooth_ch9141.o
                0x00000000000013d2                bluetooth_ch9141_uart_callback_ch1
 .text.bluetooth_ch9141_uart_callback_ch2
                0x00000000000013fa       0x28 ./zf_device/zf_device_bluetooth_ch9141_ch2.o
                0x00000000000013fa                bluetooth_ch9141_uart_callback_ch2
 .text.camera_uart_handler
                0x0000000000001422       0x36 ./zf_device/zf_device_camera.o
                0x0000000000001422                camera_uart_handler
 .text.camera_dvp_handler
                0x0000000000001458       0x2c ./zf_device/zf_device_camera.o
                0x0000000000001458                camera_dvp_handler
 .text.mt9v03x_uart_callback_dvp
                0x0000000000001484       0x64 ./zf_device/zf_device_mt9v03x_dvp.o
                0x0000000000001484                mt9v03x_uart_callback_dvp
 .text.mt9v03x_handler_dvp
                0x00000000000014e8       0x14 ./zf_device/zf_device_mt9v03x_dvp.o
                0x00000000000014e8                mt9v03x_handler_dvp
 .text.scc8660_uart_callback_dvp
                0x00000000000014fc       0x64 ./zf_device/zf_device_scc8660_dvp.o
                0x00000000000014fc                scc8660_uart_callback_dvp
 .text.scc8660_vsync_dvp
                0x0000000000001560       0x14 ./zf_device/zf_device_scc8660_dvp.o
                0x0000000000001560                scc8660_vsync_dvp
 .text.tft180_write_index
                0x0000000000001574       0x7c ./zf_device/zf_device_tft180.o
 .text.tft180_set_region
                0x00000000000015f0      0x1ec ./zf_device/zf_device_tft180.o
 .text.tft180_clear
                0x00000000000017dc       0x78 ./zf_device/zf_device_tft180.o
                0x00000000000017dc                tft180_clear
 .text.tft180_set_dir
                0x0000000000001854       0x4e ./zf_device/zf_device_tft180.o
                0x0000000000001854                tft180_set_dir
 .text.tft180_set_color
                0x00000000000018a2       0x34 ./zf_device/zf_device_tft180.o
                0x00000000000018a2                tft180_set_color
 .text.tft180_show_char
                0x00000000000018d6      0x142 ./zf_device/zf_device_tft180.o
                0x00000000000018d6                tft180_show_char
 .text.tft180_show_string
                0x0000000000001a18       0xc6 ./zf_device/zf_device_tft180.o
                0x0000000000001a18                tft180_show_string
 .text.tft180_show_float
                0x0000000000001ade      0x1cc ./zf_device/zf_device_tft180.o
                0x0000000000001ade                tft180_show_float
 .text.tft180_init
                0x0000000000001caa      0x474 ./zf_device/zf_device_tft180.o
                0x0000000000001caa                tft180_init
 .text.wireless_ch573_callback
                0x000000000000211e       0x28 ./zf_device/zf_device_wireless_ch573.o
                0x000000000000211e                wireless_ch573_callback
 .text.wireless_uart_callback
                0x0000000000002146       0x28 ./zf_device/zf_device_wireless_uart.o
                0x0000000000002146                wireless_uart_callback
 .text.clock_init
                0x000000000000216e       0x2a ./zf_common/zf_common_clock.o
                0x000000000000216e                clock_init
 .text.clock_reset
                0x0000000000002198       0x76 ./zf_common/zf_common_clock.o
 .text.clock_set_freq
                0x000000000000220e      0x260 ./zf_common/zf_common_clock.o
 .text.__NOP    0x000000000000246e       0x10 ./zf_common/zf_common_debug.o
 .text.debug_init
                0x000000000000247e       0x34 ./zf_common/zf_common_debug.o
                0x000000000000247e                debug_init
 .text.debug_assert_handler
                0x00000000000024b2       0x44 ./zf_common/zf_common_debug.o
                0x00000000000024b2                debug_assert_handler
 .text._write   0x00000000000024f6       0x7c ./zf_common/zf_common_debug.o
                0x00000000000024f6                _write
 .text.fifo_head_offset
                0x0000000000002572       0x4e ./zf_common/zf_common_fifo.o
                0x0000000000002572                fifo_head_offset
 .text.fifo_write_buffer
                0x00000000000025c0      0x100 ./zf_common/zf_common_fifo.o
                0x00000000000025c0                fifo_write_buffer
 .text.float_to_str
                0x00000000000026c0      0x22c ./zf_common/zf_common_function.o
                0x00000000000026c0                float_to_str
 .text.NVIC_EnableIRQ
                0x00000000000028ec       0x32 ./zf_common/zf_common_interrupt.o
 .text.NVIC_DisableIRQ
                0x000000000000291e       0x32 ./zf_common/zf_common_interrupt.o
 .text.interrupt_enable
                0x0000000000002950       0x1c ./zf_common/zf_common_interrupt.o
                0x0000000000002950                interrupt_enable
 .text.interrupt_disable
                0x000000000000296c       0x1c ./zf_common/zf_common_interrupt.o
                0x000000000000296c                interrupt_disable
 .text.interrupt_init
                0x0000000000002988        0xe ./zf_common/zf_common_interrupt.o
                0x0000000000002988                interrupt_init
 .text.interrupt_global_enable
                0x0000000000002996       0x2e ./zf_common/zf_common_interrupt.o
                0x0000000000002996                interrupt_global_enable
 .text.interrupt_global_disable
                0x00000000000029c4       0x28 ./zf_common/zf_common_interrupt.o
                0x00000000000029c4                interrupt_global_disable
 .text.NVIC_EnableIRQ
                0x00000000000029ec       0x32 ./user_c/ETH.o
 .text.NVIC_SetPriority
                0x0000000000002a1e       0x2a ./user_c/ETH.o
 .text.Ethernet_LED_Configuration
                0x0000000000002a48       0x58 ./user_c/ETH.o
                0x0000000000002a48                Ethernet_LED_Configuration
 .text.Ethernet_LED_LINKSET
                0x0000000000002aa0       0x44 ./user_c/ETH.o
                0x0000000000002aa0                Ethernet_LED_LINKSET
 .text.Ethernet_LED_DATASET
                0x0000000000002ae4       0x3c ./user_c/ETH.o
                0x0000000000002ae4                Ethernet_LED_DATASET
 .text.mStopIfError
                0x0000000000002b20       0x30 ./user_c/ETH.o
                0x0000000000002b20                mStopIfError
 .text.WCHNET_LibInit
                0x0000000000002b50       0x72 ./user_c/ETH.o
                0x0000000000002b50                WCHNET_LibInit
 .text.SET_MCO  0x0000000000002bc2       0x9a ./user_c/ETH.o
                0x0000000000002bc2                SET_MCO
 .text.TIM2_Init
                0x0000000000002c5c       0x82 ./user_c/ETH.o
                0x0000000000002c5c                TIM2_Init
 .text.WCHNET_CreatTcpSocket
                0x0000000000002cde       0xba ./user_c/ETH.o
                0x0000000000002cde                WCHNET_CreatTcpSocket
 .text.WCHNET_HandleSockInt
                0x0000000000002d98       0xc4 ./user_c/ETH.o
                0x0000000000002d98                WCHNET_HandleSockInt
 .text.WCHNET_HandleGlobalInt
                0x0000000000002e5c       0xb4 ./user_c/ETH.o
                0x0000000000002e5c                WCHNET_HandleGlobalInt
 .text.Eth      0x0000000000002f10       0x76 ./user_c/ETH.o
                0x0000000000002f10                Eth
 .text.CAN_Mode_Init
                0x0000000000002f86      0x19c ./user_c/MyCan.o
                0x0000000000002f86                CAN_Mode_Init
 .text.CAN_Send_Msg
                0x0000000000003122       0xda ./user_c/MyCan.o
                0x0000000000003122                CAN_Send_Msg
 .text.CAN_Receive_Msg
                0x00000000000031fc       0x7a ./user_c/MyCan.o
                0x00000000000031fc                CAN_Receive_Msg
 .text.DegToRad
                0x0000000000003276       0x26 ./user_c/arm_kinematic.o
                0x0000000000003276                DegToRad
 .text.RadToDeg
                0x000000000000329c       0x26 ./user_c/arm_kinematic.o
                0x000000000000329c                RadToDeg
 .text.MatMultiply
                0x00000000000032c2       0xf8 ./user_c/arm_kinematic.o
                0x00000000000032c2                MatMultiply
 .text.EulerPosToTranformMat
                0x00000000000033ba      0x25e ./user_c/arm_kinematic.o
                0x00000000000033ba                EulerPosToTranformMat
 .text.RobotIK  0x0000000000003618     0x1b94 ./user_c/arm_kinematic.o
                0x0000000000003618                RobotIK
 .text.CheckSolveAvailable
                0x00000000000051ac       0xd8 ./user_c/arm_kinematic.o
                0x00000000000051ac                CheckSolveAvailable
 .text.JointAngleToRad
                0x0000000000005284       0x5e ./user_c/arm_kinematic.o
                0x0000000000005284                JointAngleToRad
 .text.JointRadToAngle
                0x00000000000052e2       0x5e ./user_c/arm_kinematic.o
                0x00000000000052e2                JointRadToAngle
 .text.EulerPosToJointAngle
                0x0000000000005340      0x5c0 ./user_c/arm_kinematic.o
                0x0000000000005340                EulerPosToJointAngle
 .text.ETH_IRQHandler
                0x0000000000005900       0x14 ./user_c/isr.o
                0x0000000000005900                ETH_IRQHandler
 .text.USART1_IRQHandler
                0x0000000000005914       0x34 ./user_c/isr.o
                0x0000000000005914                USART1_IRQHandler
 .text.USART2_IRQHandler
                0x0000000000005948       0x62 ./user_c/isr.o
                0x0000000000005948                USART2_IRQHandler
 .text.USART3_IRQHandler
                0x00000000000059aa       0x34 ./user_c/isr.o
                0x00000000000059aa                USART3_IRQHandler
 .text.UART4_IRQHandler
                0x00000000000059de       0x34 ./user_c/isr.o
                0x00000000000059de                UART4_IRQHandler
 .text.UART5_IRQHandler
                0x0000000000005a12       0x30 ./user_c/isr.o
                0x0000000000005a12                UART5_IRQHandler
 .text.UART6_IRQHandler
                0x0000000000005a42       0x34 ./user_c/isr.o
                0x0000000000005a42                UART6_IRQHandler
 .text.UART7_IRQHandler
                0x0000000000005a76       0x4c ./user_c/isr.o
                0x0000000000005a76                UART7_IRQHandler
 .text.UART8_IRQHandler
                0x0000000000005ac2       0x2c ./user_c/isr.o
                0x0000000000005ac2                UART8_IRQHandler
 .text.DVP_IRQHandler
                0x0000000000005aee       0x3e ./user_c/isr.o
                0x0000000000005aee                DVP_IRQHandler
 .text.EXTI0_IRQHandler
                0x0000000000005b2c       0x24 ./user_c/isr.o
                0x0000000000005b2c                EXTI0_IRQHandler
 .text.EXTI1_IRQHandler
                0x0000000000005b50       0x24 ./user_c/isr.o
                0x0000000000005b50                EXTI1_IRQHandler
 .text.EXTI2_IRQHandler
                0x0000000000005b74       0x24 ./user_c/isr.o
                0x0000000000005b74                EXTI2_IRQHandler
 .text.EXTI3_IRQHandler
                0x0000000000005b98       0x34 ./user_c/isr.o
                0x0000000000005b98                EXTI3_IRQHandler
 .text.EXTI4_IRQHandler
                0x0000000000005bcc       0x24 ./user_c/isr.o
                0x0000000000005bcc                EXTI4_IRQHandler
 .text.EXTI9_5_IRQHandler
                0x0000000000005bf0       0x88 ./user_c/isr.o
                0x0000000000005bf0                EXTI9_5_IRQHandler
 .text.EXTI15_10_IRQHandler
                0x0000000000005c78       0x94 ./user_c/isr.o
                0x0000000000005c78                EXTI15_10_IRQHandler
 .text.TIM1_UP_IRQHandler
                0x0000000000005d0c       0x30 ./user_c/isr.o
                0x0000000000005d0c                TIM1_UP_IRQHandler
 .text.TIM2_IRQHandler
                0x0000000000005d3c       0x20 ./user_c/isr.o
                0x0000000000005d3c                TIM2_IRQHandler
 .text.TIM3_IRQHandler
                0x0000000000005d5c       0x30 ./user_c/isr.o
                0x0000000000005d5c                TIM3_IRQHandler
 .text.TIM4_IRQHandler
                0x0000000000005d8c       0x30 ./user_c/isr.o
                0x0000000000005d8c                TIM4_IRQHandler
 .text.TIM5_IRQHandler
                0x0000000000005dbc       0x30 ./user_c/isr.o
                0x0000000000005dbc                TIM5_IRQHandler
 .text.TIM6_IRQHandler
                0x0000000000005dec       0x28 ./user_c/isr.o
                0x0000000000005dec                TIM6_IRQHandler
 .text.TIM7_IRQHandler
                0x0000000000005e14       0x30 ./user_c/isr.o
                0x0000000000005e14                TIM7_IRQHandler
 .text.TIM8_UP_IRQHandler
                0x0000000000005e44       0x30 ./user_c/isr.o
                0x0000000000005e44                TIM8_UP_IRQHandler
 .text.TIM9_UP_IRQHandler
                0x0000000000005e74       0x30 ./user_c/isr.o
                0x0000000000005e74                TIM9_UP_IRQHandler
 .text.TIM10_UP_IRQHandler
                0x0000000000005ea4       0x28 ./user_c/isr.o
                0x0000000000005ea4                TIM10_UP_IRQHandler
 .text.USB_LP_CAN1_RX0_IRQHandler
                0x0000000000005ecc       0x58 ./user_c/isr.o
                0x0000000000005ecc                USB_LP_CAN1_RX0_IRQHandler
 .text.NMI_Handler
                0x0000000000005f24       0x10 ./user_c/isr.o
                0x0000000000005f24                NMI_Handler
 .text.HardFault_Handler
                0x0000000000005f34        0x8 ./user_c/isr.o
                0x0000000000005f34                HardFault_Handler
 .text.Delay_Ms
                0x0000000000005f3c       0x74 ./user_c/main.o
                0x0000000000005f3c                Delay_Ms
 .text.Blink    0x0000000000005fb0       0x3a ./user_c/main.o
                0x0000000000005fb0                Blink
 .text.KeyInit  0x0000000000005fea       0xce ./user_c/main.o
                0x0000000000005fea                KeyInit
 .text.FiveKeyStatus
                0x00000000000060b8      0x2be ./user_c/main.o
                0x00000000000060b8                FiveKeyStatus
 .text.Init     0x0000000000006376       0x62 ./user_c/main.o
                0x0000000000006376                Init
 .text.Config_Flash_SRAM
                0x00000000000063d8       0xaa ./user_c/main.o
                0x00000000000063d8                Config_Flash_SRAM
 .text.main     0x0000000000006482       0x70 ./user_c/main.o
                0x0000000000006482                main
 .text.ETH_MsgProcess
                0x00000000000064f2      0x536 ./user_c/msg_process.o
                0x00000000000064f2                ETH_MsgProcess
 .text.CAN_MsgProcess
                0x0000000000006a28      0x2ae ./user_c/msg_process.o
                0x0000000000006a28                CAN_MsgProcess
 .text.InitRobot
                0x0000000000006cd6       0x6c ./user_c/msg_process.o
                0x0000000000006cd6                InitRobot
 .text.BackRobot
                0x0000000000006d42       0x22 ./user_c/msg_process.o
                0x0000000000006d42                BackRobot
 .text.WriteAndReadByteFromFlash_SPI
                0x0000000000006d64       0x80 ./user_c/w25q128.o
                0x0000000000006d64                WriteAndReadByteFromFlash_SPI
 .text.W25QXX_Init
                0x0000000000006de4      0x120 ./user_c/w25q128.o
                0x0000000000006de4                W25QXX_Init
 .text.W25QXX_ReadID
                0x0000000000006f04       0x86 ./user_c/w25q128.o
                0x0000000000006f04                W25QXX_ReadID
 .text.vector_handler
                0x0000000000006f8a       0xbe ./sdk/Startup/startup_ch32v30x.o
                0x0000000000006f8e                Ecall_M_Mode_Handler
                0x0000000000006f90                Ecall_U_Mode_Handler
                0x0000000000006f92                Break_Point_Handler
                0x0000000000006f94                SysTick_Handler
                0x0000000000006f96                SW_handler
                0x0000000000006f98                WWDG_IRQHandler
                0x0000000000006f9a                PVD_IRQHandler
                0x0000000000006f9c                TAMPER_IRQHandler
                0x0000000000006f9e                RTC_IRQHandler
                0x0000000000006fa0                FLASH_IRQHandler
                0x0000000000006fa2                RCC_IRQHandler
                0x0000000000006fae                DMA1_Channel1_IRQHandler
                0x0000000000006fb0                DMA1_Channel2_IRQHandler
                0x0000000000006fb2                DMA1_Channel3_IRQHandler
                0x0000000000006fb4                DMA1_Channel4_IRQHandler
                0x0000000000006fb6                DMA1_Channel5_IRQHandler
                0x0000000000006fb8                DMA1_Channel6_IRQHandler
                0x0000000000006fba                DMA1_Channel7_IRQHandler
                0x0000000000006fbc                ADC1_2_IRQHandler
                0x0000000000006fbe                USB_HP_CAN1_TX_IRQHandler
                0x0000000000006fc2                CAN1_RX1_IRQHandler
                0x0000000000006fc4                CAN1_SCE_IRQHandler
                0x0000000000006fc8                TIM1_BRK_IRQHandler
                0x0000000000006fcc                TIM1_TRG_COM_IRQHandler
                0x0000000000006fce                TIM1_CC_IRQHandler
                0x0000000000006fd6                I2C1_EV_IRQHandler
                0x0000000000006fd8                I2C1_ER_IRQHandler
                0x0000000000006fda                I2C2_EV_IRQHandler
                0x0000000000006fdc                I2C2_ER_IRQHandler
                0x0000000000006fde                SPI1_IRQHandler
                0x0000000000006fe0                SPI2_IRQHandler
                0x0000000000006fea                RTCAlarm_IRQHandler
                0x0000000000006fec                USBWakeUp_IRQHandler
                0x0000000000006fee                TIM8_BRK_IRQHandler
                0x0000000000006ff2                TIM8_TRG_COM_IRQHandler
                0x0000000000006ff4                TIM8_CC_IRQHandler
                0x0000000000006ff6                RNG_IRQHandler
                0x0000000000006ff8                FSMC_IRQHandler
                0x0000000000006ffa                SDIO_IRQHandler
                0x0000000000006ffe                SPI3_IRQHandler
                0x0000000000007008                DMA2_Channel1_IRQHandler
                0x000000000000700a                DMA2_Channel2_IRQHandler
                0x000000000000700c                DMA2_Channel3_IRQHandler
                0x000000000000700e                DMA2_Channel4_IRQHandler
                0x0000000000007010                DMA2_Channel5_IRQHandler
                0x0000000000007014                ETH_WKUP_IRQHandler
                0x0000000000007016                CAN2_TX_IRQHandler
                0x0000000000007018                CAN2_RX0_IRQHandler
                0x000000000000701a                CAN2_RX1_IRQHandler
                0x000000000000701c                CAN2_SCE_IRQHandler
                0x0000000000007020                USBHSWakeup_IRQHandler
                0x0000000000007022                USBHS_IRQHandler
                0x000000000000702c                TIM9_BRK_IRQHandler
                0x0000000000007030                TIM9_TRG_COM_IRQHandler
                0x0000000000007032                TIM9_CC_IRQHandler
                0x0000000000007034                TIM10_BRK_IRQHandler
                0x0000000000007038                TIM10_TRG_COM_IRQHandler
                0x000000000000703a                TIM10_CC_IRQHandler
                0x000000000000703c                DMA2_Channel6_IRQHandler
                0x000000000000703e                DMA2_Channel7_IRQHandler
                0x0000000000007040                DMA2_Channel8_IRQHandler
                0x0000000000007042                DMA2_Channel9_IRQHandler
                0x0000000000007044                DMA2_Channel10_IRQHandler
                0x0000000000007046                DMA2_Channel11_IRQHandler
 .text.handle_reset
                0x0000000000007048       0x92 ./sdk/Startup/startup_ch32v30x.o
                0x0000000000007048                handle_reset
 .text.SystemInit
                0x00000000000070da       0x7c ./sdk/Startup/system_ch32v30x.o
                0x00000000000070da                SystemInit
 .text.SetSysClock
                0x0000000000007156       0x14 ./sdk/Startup/system_ch32v30x.o
 .text.SetSysClockTo144
                0x000000000000716a      0x162 ./sdk/Startup/system_ch32v30x.o
 .text.CAN_Init
                0x00000000000072cc      0x22e ./sdk/Peripheral/ch32v30x_can.o
                0x00000000000072cc                CAN_Init
 .text.CAN_FilterInit
                0x00000000000074fa      0x278 ./sdk/Peripheral/ch32v30x_can.o
                0x00000000000074fa                CAN_FilterInit
 .text.CAN_Transmit
                0x0000000000007772      0x228 ./sdk/Peripheral/ch32v30x_can.o
                0x0000000000007772                CAN_Transmit
 .text.CAN_TransmitStatus
                0x000000000000799a      0x11e ./sdk/Peripheral/ch32v30x_can.o
                0x000000000000799a                CAN_TransmitStatus
 .text.CAN_Receive
                0x0000000000007ab8      0x1fe ./sdk/Peripheral/ch32v30x_can.o
                0x0000000000007ab8                CAN_Receive
 .text.CAN_MessagePending
                0x0000000000007cb6       0x58 ./sdk/Peripheral/ch32v30x_can.o
                0x0000000000007cb6                CAN_MessagePending
 .text.CAN_ITConfig
                0x0000000000007d0e       0x4a ./sdk/Peripheral/ch32v30x_can.o
                0x0000000000007d0e                CAN_ITConfig
 .text.CAN_GetITStatus
                0x0000000000007d58      0x206 ./sdk/Peripheral/ch32v30x_can.o
                0x0000000000007d58                CAN_GetITStatus
 .text.CAN_ClearITPendingBit
                0x0000000000007f5e      0x152 ./sdk/Peripheral/ch32v30x_can.o
                0x0000000000007f5e                CAN_ClearITPendingBit
 .text.CheckITStatus
                0x00000000000080b0       0x36 ./sdk/Peripheral/ch32v30x_can.o
 .text.ETH_DeInit
                0x00000000000080e6       0x22 ./sdk/Peripheral/ch32v30x_eth.o
                0x00000000000080e6                ETH_DeInit
 .text.ETH_StructInit
                0x0000000000008108      0x1a8 ./sdk/Peripheral/ch32v30x_eth.o
                0x0000000000008108                ETH_StructInit
 .text.ETH_Start
                0x00000000000082b0       0x24 ./sdk/Peripheral/ch32v30x_eth.o
                0x00000000000082b0                ETH_Start
 .text.ETH_ReadPHYRegister
                0x00000000000082d4       0xca ./sdk/Peripheral/ch32v30x_eth.o
                0x00000000000082d4                ETH_ReadPHYRegister
 .text.ETH_WritePHYRegister
                0x000000000000839e       0xd6 ./sdk/Peripheral/ch32v30x_eth.o
                0x000000000000839e                ETH_WritePHYRegister
 .text.ETH_MACTransmissionCmd
                0x0000000000008474       0x38 ./sdk/Peripheral/ch32v30x_eth.o
                0x0000000000008474                ETH_MACTransmissionCmd
 .text.ETH_MACReceptionCmd
                0x00000000000084ac       0x38 ./sdk/Peripheral/ch32v30x_eth.o
                0x00000000000084ac                ETH_MACReceptionCmd
 .text.ETH_DMATxDescChainInit
                0x00000000000084e4       0xb4 ./sdk/Peripheral/ch32v30x_eth.o
                0x00000000000084e4                ETH_DMATxDescChainInit
 .text.ETH_DMARxDescChainInit
                0x0000000000008598       0xc0 ./sdk/Peripheral/ch32v30x_eth.o
                0x0000000000008598                ETH_DMARxDescChainInit
 .text.ETH_SoftwareReset
                0x0000000000008658       0x26 ./sdk/Peripheral/ch32v30x_eth.o
                0x0000000000008658                ETH_SoftwareReset
 .text.ETH_DMAClearITPendingBit
                0x000000000000867e       0x20 ./sdk/Peripheral/ch32v30x_eth.o
                0x000000000000867e                ETH_DMAClearITPendingBit
 .text.ETH_FlushTransmitFIFO
                0x000000000000869e       0x28 ./sdk/Peripheral/ch32v30x_eth.o
                0x000000000000869e                ETH_FlushTransmitFIFO
 .text.ETH_DMATransmissionCmd
                0x00000000000086c6       0x4c ./sdk/Peripheral/ch32v30x_eth.o
                0x00000000000086c6                ETH_DMATransmissionCmd
 .text.ETH_DMAReceptionCmd
                0x0000000000008712       0x4a ./sdk/Peripheral/ch32v30x_eth.o
                0x0000000000008712                ETH_DMAReceptionCmd
 .text.ETH_DMAITConfig
                0x000000000000875c       0x56 ./sdk/Peripheral/ch32v30x_eth.o
                0x000000000000875c                ETH_DMAITConfig
 .text.ETH_GetCurrentTxBufferAddress
                0x00000000000087b2       0x14 ./sdk/Peripheral/ch32v30x_eth.o
                0x00000000000087b2                ETH_GetCurrentTxBufferAddress
 .text.EXTI_Init
                0x00000000000087c6      0x170 ./sdk/Peripheral/ch32v30x_exti.o
                0x00000000000087c6                EXTI_Init
 .text.EXTI_GetITStatus
                0x0000000000008936       0x56 ./sdk/Peripheral/ch32v30x_exti.o
                0x0000000000008936                EXTI_GetITStatus
 .text.EXTI_ClearITPendingBit
                0x000000000000898c       0x20 ./sdk/Peripheral/ch32v30x_exti.o
                0x000000000000898c                EXTI_ClearITPendingBit
 .text.FLASH_Unlock
                0x00000000000089ac       0x2a ./sdk/Peripheral/ch32v30x_flash.o
                0x00000000000089ac                FLASH_Unlock
 .text.FLASH_Lock
                0x00000000000089d6       0x1e ./sdk/Peripheral/ch32v30x_flash.o
                0x00000000000089d6                FLASH_Lock
 .text.FLASH_ProgramOptionByteData
                0x00000000000089f4       0x98 ./sdk/Peripheral/ch32v30x_flash.o
                0x00000000000089f4                FLASH_ProgramOptionByteData
 .text.FLASH_GetUserOptionByte
                0x0000000000008a8c       0x16 ./sdk/Peripheral/ch32v30x_flash.o
                0x0000000000008a8c                FLASH_GetUserOptionByte
 .text.FLASH_GetBank1Status
                0x0000000000008aa2       0x5a ./sdk/Peripheral/ch32v30x_flash.o
                0x0000000000008aa2                FLASH_GetBank1Status
 .text.FLASH_WaitForLastOperation
                0x0000000000008afc       0x58 ./sdk/Peripheral/ch32v30x_flash.o
                0x0000000000008afc                FLASH_WaitForLastOperation
 .text.GPIO_Init
                0x0000000000008b54      0x22a ./sdk/Peripheral/ch32v30x_gpio.o
                0x0000000000008b54                GPIO_Init
 .text.GPIO_SetBits
                0x0000000000008d7e       0x22 ./sdk/Peripheral/ch32v30x_gpio.o
                0x0000000000008d7e                GPIO_SetBits
 .text.GPIO_ResetBits
                0x0000000000008da0       0x22 ./sdk/Peripheral/ch32v30x_gpio.o
                0x0000000000008da0                GPIO_ResetBits
 .text.GPIO_WriteBit
                0x0000000000008dc2       0x38 ./sdk/Peripheral/ch32v30x_gpio.o
                0x0000000000008dc2                GPIO_WriteBit
 .text.GPIO_PinRemapConfig
                0x0000000000008dfa      0x13c ./sdk/Peripheral/ch32v30x_gpio.o
                0x0000000000008dfa                GPIO_PinRemapConfig
 .text.GPIO_EXTILineConfig
                0x0000000000008f36       0xa2 ./sdk/Peripheral/ch32v30x_gpio.o
                0x0000000000008f36                GPIO_EXTILineConfig
 .text.NVIC_EnableIRQ
                0x0000000000008fd8       0x32 ./sdk/Peripheral/ch32v30x_misc.o
 .text.NVIC_DisableIRQ
                0x000000000000900a       0x32 ./sdk/Peripheral/ch32v30x_misc.o
 .text.NVIC_SetPriority
                0x000000000000903c       0x2a ./sdk/Peripheral/ch32v30x_misc.o
 .text.NVIC_PriorityGroupConfig
                0x0000000000009066       0x1a ./sdk/Peripheral/ch32v30x_misc.o
                0x0000000000009066                NVIC_PriorityGroupConfig
 .text.NVIC_Init
                0x0000000000009080      0x23a ./sdk/Peripheral/ch32v30x_misc.o
                0x0000000000009080                NVIC_Init
 .text.RCC_GetClocksFreq
                0x00000000000092ba      0x2c6 ./sdk/Peripheral/ch32v30x_rcc.o
                0x00000000000092ba                RCC_GetClocksFreq
 .text.RCC_AHBPeriphClockCmd
                0x0000000000009580       0x46 ./sdk/Peripheral/ch32v30x_rcc.o
                0x0000000000009580                RCC_AHBPeriphClockCmd
 .text.RCC_APB2PeriphClockCmd
                0x00000000000095c6       0x46 ./sdk/Peripheral/ch32v30x_rcc.o
                0x00000000000095c6                RCC_APB2PeriphClockCmd
 .text.RCC_APB1PeriphClockCmd
                0x000000000000960c       0x46 ./sdk/Peripheral/ch32v30x_rcc.o
                0x000000000000960c                RCC_APB1PeriphClockCmd
 .text.RCC_APB2PeriphResetCmd
                0x0000000000009652       0x46 ./sdk/Peripheral/ch32v30x_rcc.o
                0x0000000000009652                RCC_APB2PeriphResetCmd
 .text.RCC_APB1PeriphResetCmd
                0x0000000000009698       0x46 ./sdk/Peripheral/ch32v30x_rcc.o
                0x0000000000009698                RCC_APB1PeriphResetCmd
 .text.RCC_MCOConfig
                0x00000000000096de       0x22 ./sdk/Peripheral/ch32v30x_rcc.o
                0x00000000000096de                RCC_MCOConfig
 .text.RCC_GetFlagStatus
                0x0000000000009700       0x8e ./sdk/Peripheral/ch32v30x_rcc.o
                0x0000000000009700                RCC_GetFlagStatus
 .text.RCC_PREDIV2Config
                0x000000000000978e       0x44 ./sdk/Peripheral/ch32v30x_rcc.o
                0x000000000000978e                RCC_PREDIV2Config
 .text.RCC_PLL3Config
                0x00000000000097d2       0x46 ./sdk/Peripheral/ch32v30x_rcc.o
                0x00000000000097d2                RCC_PLL3Config
 .text.RCC_PLL3Cmd
                0x0000000000009818       0x40 ./sdk/Peripheral/ch32v30x_rcc.o
                0x0000000000009818                RCC_PLL3Cmd
 .text.RCC_AHBPeriphResetCmd
                0x0000000000009858       0x46 ./sdk/Peripheral/ch32v30x_rcc.o
                0x0000000000009858                RCC_AHBPeriphResetCmd
 .text.SPI_I2S_DeInit
                0x000000000000989e       0x76 ./sdk/Peripheral/ch32v30x_spi.o
                0x000000000000989e                SPI_I2S_DeInit
 .text.SPI_Init
                0x0000000000009914       0xf8 ./sdk/Peripheral/ch32v30x_spi.o
                0x0000000000009914                SPI_Init
 .text.SPI_Cmd  0x0000000000009a0c       0x5a ./sdk/Peripheral/ch32v30x_spi.o
                0x0000000000009a0c                SPI_Cmd
 .text.TIM_TimeBaseInit
                0x0000000000009a66      0x17e ./sdk/Peripheral/ch32v30x_tim.o
                0x0000000000009a66                TIM_TimeBaseInit
 .text.TIM_Cmd  0x0000000000009be4       0x58 ./sdk/Peripheral/ch32v30x_tim.o
                0x0000000000009be4                TIM_Cmd
 .text.TIM_ITConfig
                0x0000000000009c3c       0x70 ./sdk/Peripheral/ch32v30x_tim.o
                0x0000000000009c3c                TIM_ITConfig
 .text.TIM_GetITStatus
                0x0000000000009cac       0x70 ./sdk/Peripheral/ch32v30x_tim.o
                0x0000000000009cac                TIM_GetITStatus
 .text.TIM_ClearITPendingBit
                0x0000000000009d1c       0x2e ./sdk/Peripheral/ch32v30x_tim.o
                0x0000000000009d1c                TIM_ClearITPendingBit
 .text.USART_Init
                0x0000000000009d4a      0x234 ./sdk/Peripheral/ch32v30x_usart.o
                0x0000000000009d4a                USART_Init
 .text.USART_Cmd
                0x0000000000009f7e       0x60 ./sdk/Peripheral/ch32v30x_usart.o
                0x0000000000009f7e                USART_Cmd
 .text.USART_ITConfig
                0x0000000000009fde       0xc4 ./sdk/Peripheral/ch32v30x_usart.o
                0x0000000000009fde                USART_ITConfig
 .text.USART_SendData
                0x000000000000a0a2       0x2e ./sdk/Peripheral/ch32v30x_usart.o
                0x000000000000a0a2                USART_SendData
 .text.USART_GetFlagStatus
                0x000000000000a0d0       0x46 ./sdk/Peripheral/ch32v30x_usart.o
                0x000000000000a0d0                USART_GetFlagStatus
 .text.USART_GetITStatus
                0x000000000000a116      0x102 ./sdk/Peripheral/ch32v30x_usart.o
                0x000000000000a116                USART_GetITStatus
 .text.USART_ClearITPendingBit
                0x000000000000a218       0x4e ./sdk/Peripheral/ch32v30x_usart.o
                0x000000000000a218                USART_ClearITPendingBit
 .text.DevEP1_IN_Deal
                0x000000000000a266       0x3e ./sdk/Peripheral/ch32v30x_usbotg_device.o
                0x000000000000a266                DevEP1_IN_Deal
 .text.DevEP2_IN_Deal
                0x000000000000a2a4       0x3e ./sdk/Peripheral/ch32v30x_usbotg_device.o
                0x000000000000a2a4                DevEP2_IN_Deal
 .text.DevEP1_OUT_Deal
                0x000000000000a2e2       0x66 ./sdk/Peripheral/ch32v30x_usbotg_device.o
                0x000000000000a2e2                DevEP1_OUT_Deal
 .text.DevEP2_OUT_Deal
                0x000000000000a348       0x66 ./sdk/Peripheral/ch32v30x_usbotg_device.o
                0x000000000000a348                DevEP2_OUT_Deal
 .text.OTG_FS_IRQHandler
                0x000000000000a3ae      0xc74 ./sdk/Peripheral/ch32v30x_usbotg_device.o
                0x000000000000a3ae                OTG_FS_IRQHandler
 .text.WCH_GetMac
                0x000000000000b022       0x20 D:\projects\mechanical_arm\Firmware\ArmMainControler\NetLib\libwchnet.a(eth_driver.o)
                0x000000000000b022                WCH_GetMac
 .text.ETH_RxPkt_Handle
                0x000000000000b042       0xe4 D:\projects\mechanical_arm\Firmware\ArmMainControler\NetLib\libwchnet.a(eth_driver.o)
                0x000000000000b042                ETH_RxPkt_Handle
 .text.ETH_TxPkt_ChainMode
                0x000000000000b126       0x38 D:\projects\mechanical_arm\Firmware\ArmMainControler\NetLib\libwchnet.a(eth_driver.o)
                0x000000000000b126                ETH_TxPkt_ChainMode
 .text.mac_send
                0x000000000000b15e       0x32 D:\projects\mechanical_arm\Firmware\ArmMainControler\NetLib\libwchnet.a(eth_driver.o)
                0x000000000000b15e                mac_send
 .text.ETH_Init
                0x000000000000b190      0x166 D:\projects\mechanical_arm\Firmware\ArmMainControler\NetLib\libwchnet.a(eth_driver.o)
                0x000000000000b190                ETH_Init
 .text.Ethernet_Configuration
                0x000000000000b2f6       0xb0 D:\projects\mechanical_arm\Firmware\ArmMainControler\NetLib\libwchnet.a(eth_driver.o)
                0x000000000000b2f6                Ethernet_Configuration
 .text.CH563TCPError
                0x000000000000b3a6        0x2 D:\projects\mechanical_arm\Firmware\ArmMainControler\NetLib\libwchnet.a(socket.o)
                0x000000000000b3a6                CH563TCPError
 .text.LwipTCPSendCallBack
                0x000000000000b3a8       0x3c D:\projects\mechanical_arm\Firmware\ArmMainControler\NetLib\libwchnet.a(socket.o)
                0x000000000000b3a8                LwipTCPSendCallBack
 .text.LwipTCPPollCallBack
                0x000000000000b3e4        0x4 D:\projects\mechanical_arm\Firmware\ArmMainControler\NetLib\libwchnet.a(socket.o)
                0x000000000000b3e4                LwipTCPPollCallBack
 .text.SocketIPRAWReceive
                0x000000000000b3e8       0xc2 D:\projects\mechanical_arm\Firmware\ArmMainControler\NetLib\libwchnet.a(socket.o)
                0x000000000000b3e8                SocketIPRAWReceive
 .text.SocketUdpReceive
                0x000000000000b4aa       0xfc D:\projects\mechanical_arm\Firmware\ArmMainControler\NetLib\libwchnet.a(socket.o)
                0x000000000000b4aa                SocketUdpReceive
 .text.WCHSocketTCPReceive
                0x000000000000b5a6      0x13e D:\projects\mechanical_arm\Firmware\ArmMainControler\NetLib\libwchnet.a(socket.o)
                0x000000000000b5a6                WCHSocketTCPReceive
 .text.LwipTcpConnectedCallBack
                0x000000000000b6e4       0x42 D:\projects\mechanical_arm\Firmware\ArmMainControler\NetLib\libwchnet.a(socket.o)
                0x000000000000b6e4                LwipTcpConnectedCallBack
 .text.ErrorEncode
                0x000000000000b726       0x1a D:\projects\mechanical_arm\Firmware\ArmMainControler\NetLib\libwchnet.a(socket.o)
                0x000000000000b726                ErrorEncode
 .text.MemShortCopy
                0x000000000000b740       0x1e D:\projects\mechanical_arm\Firmware\ArmMainControler\NetLib\libwchnet.a(socket.o)
                0x000000000000b740                MemShortCopy
 .text.WCHSocketInit
                0x000000000000b75e       0x4c D:\projects\mechanical_arm\Firmware\ArmMainControler\NetLib\libwchnet.a(socket.o)
                0x000000000000b75e                WCHSocketInit
 .text.WCHNET_Init
                0x000000000000b7aa       0xf4 D:\projects\mechanical_arm\Firmware\ArmMainControler\NetLib\libwchnet.a(socket.o)
                0x000000000000b7aa                WCHNET_Init
 .text.WCHNET_ConfigLIB
                0x000000000000b89e       0x20 D:\projects\mechanical_arm\Firmware\ArmMainControler\NetLib\libwchnet.a(socket.o)
                0x000000000000b89e                WCHNET_ConfigLIB
 .text.PhyDataLed_fun
                0x000000000000b8be       0x40 D:\projects\mechanical_arm\Firmware\ArmMainControler\NetLib\libwchnet.a(socket.o)
                0x000000000000b8be                PhyDataLed_fun
 .text.WCHNET_ETHIsr
                0x000000000000b8fe       0xb0 D:\projects\mechanical_arm\Firmware\ArmMainControler\NetLib\libwchnet.a(socket.o)
                0x000000000000b8fe                WCHNET_ETHIsr
 .text.WCHNET_TimeIsr
                0x000000000000b9ae        0xc D:\projects\mechanical_arm\Firmware\ArmMainControler\NetLib\libwchnet.a(socket.o)
                0x000000000000b9ae                WCHNET_TimeIsr
 .text.WCHFindCorrectTCBPcb
                0x000000000000b9ba       0x5c D:\projects\mechanical_arm\Firmware\ArmMainControler\NetLib\libwchnet.a(socket.o)
                0x000000000000b9ba                WCHFindCorrectTCBPcb
 .text.WCHNET_SocketCreat
                0x000000000000ba16      0x1ce D:\projects\mechanical_arm\Firmware\ArmMainControler\NetLib\libwchnet.a(socket.o)
                0x000000000000ba16                WCHNET_SocketCreat
 .text.tcp_recved_socket
                0x000000000000bbe4       0x28 D:\projects\mechanical_arm\Firmware\ArmMainControler\NetLib\libwchnet.a(socket.o)
                0x000000000000bbe4                tcp_recved_socket
 .text.WCHNET_SocketRecv
                0x000000000000bc0c      0x1d4 D:\projects\mechanical_arm\Firmware\ArmMainControler\NetLib\libwchnet.a(socket.o)
                0x000000000000bc0c                WCHNET_SocketRecv
 .text.WCHNET_SocketRecvLen
                0x000000000000bde0       0x26 D:\projects\mechanical_arm\Firmware\ArmMainControler\NetLib\libwchnet.a(socket.o)
                0x000000000000bde0                WCHNET_SocketRecvLen
 .text.SocketIPRawSend
                0x000000000000be06       0xec D:\projects\mechanical_arm\Firmware\ArmMainControler\NetLib\libwchnet.a(socket.o)
                0x000000000000be06                SocketIPRawSend
 .text.SocketUdpSend
                0x000000000000bef2       0xd0 D:\projects\mechanical_arm\Firmware\ArmMainControler\NetLib\libwchnet.a(socket.o)
                0x000000000000bef2                SocketUdpSend
 .text.WCHScokedIntHandle
                0x000000000000bfc2       0x62 D:\projects\mechanical_arm\Firmware\ArmMainControler\NetLib\libwchnet.a(socket.o)
                0x000000000000bfc2                WCHScokedIntHandle
 .text.LwipRemoveTcpPcb
                0x000000000000c024       0xa4 D:\projects\mechanical_arm\Firmware\ArmMainControler\NetLib\libwchnet.a(socket.o)
                0x000000000000c024                LwipRemoveTcpPcb
 .text.WCHNET_QueryGlobalInt
                0x000000000000c0c8       0x34 D:\projects\mechanical_arm\Firmware\ArmMainControler\NetLib\libwchnet.a(socket.o)
                0x000000000000c0c8                WCHNET_QueryGlobalInt
 .text.WCHNET_GetGlobalInt
                0x000000000000c0fc       0x14 D:\projects\mechanical_arm\Firmware\ArmMainControler\NetLib\libwchnet.a(socket.o)
                0x000000000000c0fc                WCHNET_GetGlobalInt
 .text.WCHNET_GetSocketInt
                0x000000000000c110       0x24 D:\projects\mechanical_arm\Firmware\ArmMainControler\NetLib\libwchnet.a(socket.o)
                0x000000000000c110                WCHNET_GetSocketInt
 .text.CH563IPSetSocketRecvInit
                0x000000000000c134       0x2a D:\projects\mechanical_arm\Firmware\ArmMainControler\NetLib\libwchnet.a(socket.o)
                0x000000000000c134                CH563IPSetSocketRecvInit
 .text.WCHNET_MainTask
                0x000000000000c15e       0x32 D:\projects\mechanical_arm\Firmware\ArmMainControler\NetLib\libwchnet.a(socket.o)
                0x000000000000c15e                WCHNET_MainTask
 .text.SocketTcpSend
                0x000000000000c190      0x11a D:\projects\mechanical_arm\Firmware\ArmMainControler\NetLib\libwchnet.a(socket.o)
                0x000000000000c190                SocketTcpSend
 .text.WCHNET_SocketSend
                0x000000000000c2aa       0x56 D:\projects\mechanical_arm\Firmware\ArmMainControler\NetLib\libwchnet.a(socket.o)
                0x000000000000c2aa                WCHNET_SocketSend
 .text.WCHNET_GetPHYStatus
                0x000000000000c300        0xa D:\projects\mechanical_arm\Firmware\ArmMainControler\NetLib\libwchnet.a(socket.o)
                0x000000000000c300                WCHNET_GetPHYStatus
 .text.WCHNET_SocketConnect
                0x000000000000c30a       0x6c D:\projects\mechanical_arm\Firmware\ArmMainControler\NetLib\libwchnet.a(socket.o)
                0x000000000000c30a                WCHNET_SocketConnect
 .text.QueryPingEnable
                0x000000000000c376        0x4 D:\projects\mechanical_arm\Firmware\ArmMainControler\NetLib\libwchnet.a(socket.o)
                0x000000000000c376                QueryPingEnable
 .text.LwipUnreachPort
                0x000000000000c37a       0x1a D:\projects\mechanical_arm\Firmware\ArmMainControler\NetLib\libwchnet.a(socket.o)
                0x000000000000c37a                LwipUnreachPort
 .text.LwipArpCheck
                0x000000000000c394        0xc D:\projects\mechanical_arm\Firmware\ArmMainControler\NetLib\libwchnet.a(socket.o)
                0x000000000000c394                LwipArpCheck
 .text.find_entry
                0x000000000000c3a0      0x17e D:\projects\mechanical_arm\Firmware\ArmMainControler\NetLib\libwchnet.a(etharp.o)
 .text.update_arp_entry
                0x000000000000c51e       0xae D:\projects\mechanical_arm\Firmware\ArmMainControler\NetLib\libwchnet.a(etharp.o)
 .text.etharp_tmr
                0x000000000000c5cc       0x4e D:\projects\mechanical_arm\Firmware\ArmMainControler\NetLib\libwchnet.a(etharp.o)
                0x000000000000c5cc                etharp_tmr
 .text.etharp_ip_input
                0x000000000000c61a       0x38 D:\projects\mechanical_arm\Firmware\ArmMainControler\NetLib\libwchnet.a(etharp.o)
                0x000000000000c61a                etharp_ip_input
 .text.etharp_arp_input
                0x000000000000c652      0x162 D:\projects\mechanical_arm\Firmware\ArmMainControler\NetLib\libwchnet.a(etharp.o)
                0x000000000000c652                etharp_arp_input
 .text.etharp_request
                0x000000000000c7b4       0xd8 D:\projects\mechanical_arm\Firmware\ArmMainControler\NetLib\libwchnet.a(etharp.o)
                0x000000000000c7b4                etharp_request
 .text.etharp_query
                0x000000000000c88c       0xe2 D:\projects\mechanical_arm\Firmware\ArmMainControler\NetLib\libwchnet.a(etharp.o)
                0x000000000000c88c                etharp_query
 .text.etharp_output
                0x000000000000c96e      0x13c D:\projects\mechanical_arm\Firmware\ArmMainControler\NetLib\libwchnet.a(etharp.o)
                0x000000000000c96e                etharp_output
 .text.ethernet_input
                0x000000000000caaa       0x58 D:\projects\mechanical_arm\Firmware\ArmMainControler\NetLib\libwchnet.a(etharp.o)
                0x000000000000caaa                ethernet_input
 .text.low_level_output
                0x000000000000cb02       0xac D:\projects\mechanical_arm\Firmware\ArmMainControler\NetLib\libwchnet.a(ethernetif.o)
 .text.low_level_init
                0x000000000000cbae       0x7a D:\projects\mechanical_arm\Firmware\ArmMainControler\NetLib\libwchnet.a(ethernetif.o)
                0x000000000000cbae                low_level_init
 .text.ethernetif_init
                0x000000000000cc28       0x38 D:\projects\mechanical_arm\Firmware\ArmMainControler\NetLib\libwchnet.a(ethernetif.o)
                0x000000000000cc28                ethernetif_init
 .text.ethernetif_input
                0x000000000000cc60      0x18c D:\projects\mechanical_arm\Firmware\ArmMainControler\NetLib\libwchnet.a(ethernetif.o)
                0x000000000000cc60                ethernetif_input
 .text.SetupNetif
                0x000000000000cdec       0xb8 D:\projects\mechanical_arm\Firmware\ArmMainControler\NetLib\libwchnet.a(ethernetif.o)
                0x000000000000cdec                SetupNetif
 .text.LwIPPeriodicHandle
                0x000000000000cea4      0x100 D:\projects\mechanical_arm\Firmware\ArmMainControler\NetLib\libwchnet.a(ethernetif.o)
                0x000000000000cea4                LwIPPeriodicHandle
 .text.htons    0x000000000000cfa4        0xe D:\projects\mechanical_arm\Firmware\ArmMainControler\NetLib\libwchnet.a(inet.o)
                0x000000000000cfa4                htons
 .text.ntohs    0x000000000000cfb2        0xe D:\projects\mechanical_arm\Firmware\ArmMainControler\NetLib\libwchnet.a(inet.o)
                0x000000000000cfb2                ntohs
 .text.htonl    0x000000000000cfc0       0x24 D:\projects\mechanical_arm\Firmware\ArmMainControler\NetLib\libwchnet.a(inet.o)
                0x000000000000cfc0                htonl
 .text.ntohl    0x000000000000cfe4        0xc D:\projects\mechanical_arm\Firmware\ArmMainControler\NetLib\libwchnet.a(inet.o)
                0x000000000000cfe4                ntohl
 .text.ip_route
                0x000000000000cff0       0x4c D:\projects\mechanical_arm\Firmware\ArmMainControler\NetLib\libwchnet.a(ip.o)
                0x000000000000cff0                ip_route
 .text.ip_input
                0x000000000000d03c      0x2b8 D:\projects\mechanical_arm\Firmware\ArmMainControler\NetLib\libwchnet.a(ip.o)
                0x000000000000d03c                ip_input
 .text.ip_output_if
                0x000000000000d2f4      0x15a D:\projects\mechanical_arm\Firmware\ArmMainControler\NetLib\libwchnet.a(ip.o)
                0x000000000000d2f4                ip_output_if
 .text.ip_output
                0x000000000000d44e       0x36 D:\projects\mechanical_arm\Firmware\ArmMainControler\NetLib\libwchnet.a(ip.o)
                0x000000000000d44e                ip_output
 .text.ip_addr_isbroadcast
                0x000000000000d484       0x4a D:\projects\mechanical_arm\Firmware\ArmMainControler\NetLib\libwchnet.a(ip_addr.o)
                0x000000000000d484                ip_addr_isbroadcast
 .text.ip_reass_tmr
                0x000000000000d4ce       0xe6 D:\projects\mechanical_arm\Firmware\ArmMainControler\NetLib\libwchnet.a(ip_frag.o)
                0x000000000000d4ce                ip_reass_tmr
 .text.ip_reass
                0x000000000000d5b4      0x3da D:\projects\mechanical_arm\Firmware\ArmMainControler\NetLib\libwchnet.a(ip_frag.o)
                0x000000000000d5b4                ip_reass
 .text.ip_frag  0x000000000000d98e      0x176 D:\projects\mechanical_arm\Firmware\ArmMainControler\NetLib\libwchnet.a(ip_frag.o)
                0x000000000000d98e                ip_frag
 .text.lwip_init
                0x000000000000db04       0x18 D:\projects\mechanical_arm\Firmware\ArmMainControler\NetLib\libwchnet.a(init.o)
                0x000000000000db04                lwip_init
 .text.mem_init
                0x000000000000db1c       0x3e D:\projects\mechanical_arm\Firmware\ArmMainControler\NetLib\libwchnet.a(mem.o)
                0x000000000000db1c                mem_init
 .text.mem_free
                0x000000000000db5a       0x84 D:\projects\mechanical_arm\Firmware\ArmMainControler\NetLib\libwchnet.a(mem.o)
                0x000000000000db5a                mem_free
 .text.mem_realloc
                0x000000000000dbde       0xca D:\projects\mechanical_arm\Firmware\ArmMainControler\NetLib\libwchnet.a(mem.o)
                0x000000000000dbde                mem_realloc
 .text.mem_malloc
                0x000000000000dca8       0xd0 D:\projects\mechanical_arm\Firmware\ArmMainControler\NetLib\libwchnet.a(mem.o)
                0x000000000000dca8                mem_malloc
 .text.memp_init
                0x000000000000dd78       0x50 D:\projects\mechanical_arm\Firmware\ArmMainControler\NetLib\libwchnet.a(memp.o)
                0x000000000000dd78                memp_init
 .text.memp_malloc
                0x000000000000ddc8       0x20 D:\projects\mechanical_arm\Firmware\ArmMainControler\NetLib\libwchnet.a(memp.o)
                0x000000000000ddc8                memp_malloc
 .text.memp_free
                0x000000000000dde8       0x18 D:\projects\mechanical_arm\Firmware\ArmMainControler\NetLib\libwchnet.a(memp.o)
                0x000000000000dde8                memp_free
 .text.netif_set_ipaddr
                0x000000000000de00       0x96 D:\projects\mechanical_arm\Firmware\ArmMainControler\NetLib\libwchnet.a(netif.o)
                0x000000000000de00                netif_set_ipaddr
 .text.netif_set_addr
                0x000000000000de96       0x4e D:\projects\mechanical_arm\Firmware\ArmMainControler\NetLib\libwchnet.a(netif.o)
                0x000000000000de96                netif_set_addr
 .text.netif_add
                0x000000000000dee4       0x5a D:\projects\mechanical_arm\Firmware\ArmMainControler\NetLib\libwchnet.a(netif.o)
                0x000000000000dee4                netif_add
 .text.netif_set_default
                0x000000000000df3e        0x6 D:\projects\mechanical_arm\Firmware\ArmMainControler\NetLib\libwchnet.a(netif.o)
                0x000000000000df3e                netif_set_default
 .text.netif_is_up
                0x000000000000df44        0x8 D:\projects\mechanical_arm\Firmware\ArmMainControler\NetLib\libwchnet.a(netif.o)
                0x000000000000df44                netif_is_up
 .text.pbuf_header
                0x000000000000df4c       0x6e D:\projects\mechanical_arm\Firmware\ArmMainControler\NetLib\libwchnet.a(pbuf.o)
                0x000000000000df4c                pbuf_header
 .text.pbuf_free
                0x000000000000dfba       0x4e D:\projects\mechanical_arm\Firmware\ArmMainControler\NetLib\libwchnet.a(pbuf.o)
                0x000000000000dfba                pbuf_free
 .text.pbuf_alloc
                0x000000000000e008      0x140 D:\projects\mechanical_arm\Firmware\ArmMainControler\NetLib\libwchnet.a(pbuf.o)
                0x000000000000e008                pbuf_alloc
 .text.pbuf_realloc
                0x000000000000e148       0x58 D:\projects\mechanical_arm\Firmware\ArmMainControler\NetLib\libwchnet.a(pbuf.o)
                0x000000000000e148                pbuf_realloc
 .text.pbuf_clen
                0x000000000000e1a0       0x12 D:\projects\mechanical_arm\Firmware\ArmMainControler\NetLib\libwchnet.a(pbuf.o)
                0x000000000000e1a0                pbuf_clen
 .text.pbuf_ref
                0x000000000000e1b2        0xa D:\projects\mechanical_arm\Firmware\ArmMainControler\NetLib\libwchnet.a(pbuf.o)
                0x000000000000e1b2                pbuf_ref
 .text.pbuf_cat
                0x000000000000e1bc       0x1c D:\projects\mechanical_arm\Firmware\ArmMainControler\NetLib\libwchnet.a(pbuf.o)
                0x000000000000e1bc                pbuf_cat
 .text.pbuf_chain
                0x000000000000e1d8       0x14 D:\projects\mechanical_arm\Firmware\ArmMainControler\NetLib\libwchnet.a(pbuf.o)
                0x000000000000e1d8                pbuf_chain
 .text.pbuf_copy
                0x000000000000e1ec       0x9c D:\projects\mechanical_arm\Firmware\ArmMainControler\NetLib\libwchnet.a(pbuf.o)
                0x000000000000e1ec                pbuf_copy
 .text.raw_input
                0x000000000000e288       0x68 D:\projects\mechanical_arm\Firmware\ArmMainControler\NetLib\libwchnet.a(raw.o)
                0x000000000000e288                raw_input
 .text.raw_bind
                0x000000000000e2f0       0x1e D:\projects\mechanical_arm\Firmware\ArmMainControler\NetLib\libwchnet.a(raw.o)
                0x000000000000e2f0                raw_bind
 .text.raw_connect
                0x000000000000e30e       0x1e D:\projects\mechanical_arm\Firmware\ArmMainControler\NetLib\libwchnet.a(raw.o)
                0x000000000000e30e                raw_connect
 .text.raw_recv
                0x000000000000e32c        0x6 D:\projects\mechanical_arm\Firmware\ArmMainControler\NetLib\libwchnet.a(raw.o)
                0x000000000000e32c                raw_recv
 .text.raw_sendto
                0x000000000000e332       0x7e D:\projects\mechanical_arm\Firmware\ArmMainControler\NetLib\libwchnet.a(raw.o)
                0x000000000000e332                raw_sendto
 .text.raw_send
                0x000000000000e3b0       0x10 D:\projects\mechanical_arm\Firmware\ArmMainControler\NetLib\libwchnet.a(raw.o)
                0x000000000000e3b0                raw_send
 .text.raw_new  0x000000000000e3c0       0x30 D:\projects\mechanical_arm\Firmware\ArmMainControler\NetLib\libwchnet.a(raw.o)
                0x000000000000e3c0                raw_new
 .text.tcp_new_port
                0x000000000000e3f0       0x5c D:\projects\mechanical_arm\Firmware\ArmMainControler\NetLib\libwchnet.a(tcp.o)
 .text.tcp_bind
                0x000000000000e44c      0x116 D:\projects\mechanical_arm\Firmware\ArmMainControler\NetLib\libwchnet.a(tcp.o)
                0x000000000000e44c                tcp_bind
 .text.tcp_update_rcv_ann_wnd
                0x000000000000e562       0x44 D:\projects\mechanical_arm\Firmware\ArmMainControler\NetLib\libwchnet.a(tcp.o)
                0x000000000000e562                tcp_update_rcv_ann_wnd
 .text.tcp_recved
                0x000000000000e5a6       0x48 D:\projects\mechanical_arm\Firmware\ArmMainControler\NetLib\libwchnet.a(tcp.o)
                0x000000000000e5a6                tcp_recved
 .text.tcp_seg_free
                0x000000000000e5ee       0x2a D:\projects\mechanical_arm\Firmware\ArmMainControler\NetLib\libwchnet.a(tcp.o)
                0x000000000000e5ee                tcp_seg_free
 .text.tcp_segs_free
                0x000000000000e618       0x1e D:\projects\mechanical_arm\Firmware\ArmMainControler\NetLib\libwchnet.a(tcp.o)
                0x000000000000e618                tcp_segs_free
 .text.tcp_seg_copy
                0x000000000000e636       0x28 D:\projects\mechanical_arm\Firmware\ArmMainControler\NetLib\libwchnet.a(tcp.o)
                0x000000000000e636                tcp_seg_copy
 .text.tcp_arg  0x000000000000e65e        0x4 D:\projects\mechanical_arm\Firmware\ArmMainControler\NetLib\libwchnet.a(tcp.o)
                0x000000000000e65e                tcp_arg
 .text.tcp_recv
                0x000000000000e662        0x6 D:\projects\mechanical_arm\Firmware\ArmMainControler\NetLib\libwchnet.a(tcp.o)
                0x000000000000e662                tcp_recv
 .text.tcp_sent
                0x000000000000e668        0x6 D:\projects\mechanical_arm\Firmware\ArmMainControler\NetLib\libwchnet.a(tcp.o)
                0x000000000000e668                tcp_sent
 .text.tcp_err  0x000000000000e66e        0x6 D:\projects\mechanical_arm\Firmware\ArmMainControler\NetLib\libwchnet.a(tcp.o)
                0x000000000000e66e                tcp_err
 .text.tcp_poll
                0x000000000000e674        0xa D:\projects\mechanical_arm\Firmware\ArmMainControler\NetLib\libwchnet.a(tcp.o)
                0x000000000000e674                tcp_poll
 .text.tcp_pcb_purge
                0x000000000000e67e       0x4c D:\projects\mechanical_arm\Firmware\ArmMainControler\NetLib\libwchnet.a(tcp.o)
                0x000000000000e67e                tcp_pcb_purge
 .text.tcp_slowtmr
                0x000000000000e6ca      0x274 D:\projects\mechanical_arm\Firmware\ArmMainControler\NetLib\libwchnet.a(tcp.o)
                0x000000000000e6ca                tcp_slowtmr
 .text.RemoveTimeWaiTCP
                0x000000000000e93e       0x32 D:\projects\mechanical_arm\Firmware\ArmMainControler\NetLib\libwchnet.a(tcp.o)
                0x000000000000e93e                RemoveTimeWaiTCP
 .text.tcp_pcb_remove
                0x000000000000e970       0x72 D:\projects\mechanical_arm\Firmware\ArmMainControler\NetLib\libwchnet.a(tcp.o)
                0x000000000000e970                tcp_pcb_remove
 .text.tcp_close
                0x000000000000e9e2       0xb2 D:\projects\mechanical_arm\Firmware\ArmMainControler\NetLib\libwchnet.a(tcp.o)
                0x000000000000e9e2                tcp_close
 .text.tcp_recv_null
                0x000000000000ea94       0x30 D:\projects\mechanical_arm\Firmware\ArmMainControler\NetLib\libwchnet.a(tcp.o)
                0x000000000000ea94                tcp_recv_null
 .text.tcp_fasttmr
                0x000000000000eac4       0x62 D:\projects\mechanical_arm\Firmware\ArmMainControler\NetLib\libwchnet.a(tcp.o)
                0x000000000000eac4                tcp_fasttmr
 .text.tcp_tmr  0x000000000000eb26       0x22 D:\projects\mechanical_arm\Firmware\ArmMainControler\NetLib\libwchnet.a(tcp.o)
                0x000000000000eb26                tcp_tmr
 .text.tcp_abandon
                0x000000000000eb48       0x98 D:\projects\mechanical_arm\Firmware\ArmMainControler\NetLib\libwchnet.a(tcp.o)
                0x000000000000eb48                tcp_abandon
 .text.tcp_next_iss
                0x000000000000ebe0       0x10 D:\projects\mechanical_arm\Firmware\ArmMainControler\NetLib\libwchnet.a(tcp.o)
                0x000000000000ebe0                tcp_next_iss
 .text.tcp_alloc
                0x000000000000ebf0      0x138 D:\projects\mechanical_arm\Firmware\ArmMainControler\NetLib\libwchnet.a(tcp.o)
                0x000000000000ebf0                tcp_alloc
 .text.tcp_new  0x000000000000ed28       0x10 D:\projects\mechanical_arm\Firmware\ArmMainControler\NetLib\libwchnet.a(tcp.o)
                0x000000000000ed28                tcp_new
 .text.tcp_eff_send_mss
                0x000000000000ed38       0x2e D:\projects\mechanical_arm\Firmware\ArmMainControler\NetLib\libwchnet.a(tcp.o)
                0x000000000000ed38                tcp_eff_send_mss
 .text.tcp_connect
                0x000000000000ed66       0xea D:\projects\mechanical_arm\Firmware\ArmMainControler\NetLib\libwchnet.a(tcp.o)
                0x000000000000ed66                tcp_connect
 .text.tcp_oos_insert_segment
                0x000000000000ee50       0xce D:\projects\mechanical_arm\Firmware\ArmMainControler\NetLib\libwchnet.a(tcp_in.o)
 .text.tcp_receive
                0x000000000000ef1e      0x8e4 D:\projects\mechanical_arm\Firmware\ArmMainControler\NetLib\libwchnet.a(tcp_in.o)
 .text.tcp_parseopt.isra.0
                0x000000000000f802       0xa6 D:\projects\mechanical_arm\Firmware\ArmMainControler\NetLib\libwchnet.a(tcp_in.o)
 .text.tcp_input
                0x000000000000f8a8      0x9b6 D:\projects\mechanical_arm\Firmware\ArmMainControler\NetLib\libwchnet.a(tcp_in.o)
                0x000000000000f8a8                tcp_input
 .text.tcp_output_set_header.isra.0.constprop.1
                0x000000000001025e       0xcc D:\projects\mechanical_arm\Firmware\ArmMainControler\NetLib\libwchnet.a(tcp_out.o)
 .text.tcp_enqueue
                0x000000000001032a      0x440 D:\projects\mechanical_arm\Firmware\ArmMainControler\NetLib\libwchnet.a(tcp_out.o)
                0x000000000001032a                tcp_enqueue
 .text.tcp_send_ctrl
                0x000000000001076a       0x16 D:\projects\mechanical_arm\Firmware\ArmMainControler\NetLib\libwchnet.a(tcp_out.o)
                0x000000000001076a                tcp_send_ctrl
 .text.tcp_write
                0x0000000000010780       0x30 D:\projects\mechanical_arm\Firmware\ArmMainControler\NetLib\libwchnet.a(tcp_out.o)
                0x0000000000010780                tcp_write
 .text.tcp_send_empty_ack
                0x00000000000107b0       0x6c D:\projects\mechanical_arm\Firmware\ArmMainControler\NetLib\libwchnet.a(tcp_out.o)
                0x00000000000107b0                tcp_send_empty_ack
 .text.tcp_output
                0x000000000001081c      0x35a D:\projects\mechanical_arm\Firmware\ArmMainControler\NetLib\libwchnet.a(tcp_out.o)
                0x000000000001081c                tcp_output
 .text.tcp_rst  0x0000000000010b76      0x108 D:\projects\mechanical_arm\Firmware\ArmMainControler\NetLib\libwchnet.a(tcp_out.o)
                0x0000000000010b76                tcp_rst
 .text.tcp_rexmit_rto
                0x0000000000010c7e       0x34 D:\projects\mechanical_arm\Firmware\ArmMainControler\NetLib\libwchnet.a(tcp_out.o)
                0x0000000000010c7e                tcp_rexmit_rto
 .text.tcp_rexmit
                0x0000000000010cb2       0x78 D:\projects\mechanical_arm\Firmware\ArmMainControler\NetLib\libwchnet.a(tcp_out.o)
                0x0000000000010cb2                tcp_rexmit
 .text.tcp_rexmit_fast
                0x0000000000010d2a       0x5e D:\projects\mechanical_arm\Firmware\ArmMainControler\NetLib\libwchnet.a(tcp_out.o)
                0x0000000000010d2a                tcp_rexmit_fast
 .text.tcp_keepalive
                0x0000000000010d88       0x5e D:\projects\mechanical_arm\Firmware\ArmMainControler\NetLib\libwchnet.a(tcp_out.o)
                0x0000000000010d88                tcp_keepalive
 .text.tcp_zero_window_probe
                0x0000000000010de6       0xd0 D:\projects\mechanical_arm\Firmware\ArmMainControler\NetLib\libwchnet.a(tcp_out.o)
                0x0000000000010de6                tcp_zero_window_probe
 .text.udp_input
                0x0000000000010eb6      0x23a D:\projects\mechanical_arm\Firmware\ArmMainControler\NetLib\libwchnet.a(udp.o)
                0x0000000000010eb6                udp_input
 .text.udp_bind
                0x00000000000110f0       0x9a D:\projects\mechanical_arm\Firmware\ArmMainControler\NetLib\libwchnet.a(udp.o)
                0x00000000000110f0                udp_bind
 .text.udp_sendto_if
                0x000000000001118a       0xd8 D:\projects\mechanical_arm\Firmware\ArmMainControler\NetLib\libwchnet.a(udp.o)
                0x000000000001118a                udp_sendto_if
 .text.udp_sendto
                0x0000000000011262       0x2e D:\projects\mechanical_arm\Firmware\ArmMainControler\NetLib\libwchnet.a(udp.o)
                0x0000000000011262                udp_sendto
 .text.udp_send
                0x0000000000011290       0x12 D:\projects\mechanical_arm\Firmware\ArmMainControler\NetLib\libwchnet.a(udp.o)
                0x0000000000011290                udp_send
 .text.udp_connect
                0x00000000000112a2       0x7e D:\projects\mechanical_arm\Firmware\ArmMainControler\NetLib\libwchnet.a(udp.o)
                0x00000000000112a2                udp_connect
 .text.udp_recv
                0x0000000000011320        0x6 D:\projects\mechanical_arm\Firmware\ArmMainControler\NetLib\libwchnet.a(udp.o)
                0x0000000000011320                udp_recv
 .text.udp_new  0x0000000000011326       0x24 D:\projects\mechanical_arm\Firmware\ArmMainControler\NetLib\libwchnet.a(udp.o)
                0x0000000000011326                udp_new
 .text.IPCheckParaInit
                0x000000000001134a       0x1e D:\projects\mechanical_arm\Firmware\ArmMainControler\NetLib\libwchnet.a(ipcheck.o)
                0x000000000001134a                IPCheckParaInit
 .text.SelIPARPSend
                0x0000000000011368       0x38 D:\projects\mechanical_arm\Firmware\ArmMainControler\NetLib\libwchnet.a(ipcheck.o)
                0x0000000000011368                SelIPARPSend
 .text.IPCheckTmr
                0x00000000000113a0       0x42 D:\projects\mechanical_arm\Firmware\ArmMainControler\NetLib\libwchnet.a(ipcheck.o)
                0x00000000000113a0                IPCheckTmr
 .text.ArpCheck
                0x00000000000113e2       0x24 D:\projects\mechanical_arm\Firmware\ArmMainControler\NetLib\libwchnet.a(ipcheck.o)
                0x00000000000113e2                ArpCheck
 .text.IPConflictHandle
                0x0000000000011406       0x2e D:\projects\mechanical_arm\Firmware\ArmMainControler\NetLib\libwchnet.a(ipcheck.o)
                0x0000000000011406                IPConflictHandle
 .text.dhcp_set_state
                0x0000000000011434        0xe D:\projects\mechanical_arm\Firmware\ArmMainControler\NetLib\libwchnet.a(wchnet_dhcp.o)
 .text.dhcp_option
                0x0000000000011442       0x20 D:\projects\mechanical_arm\Firmware\ArmMainControler\NetLib\libwchnet.a(wchnet_dhcp.o)
 .text.dhcp_option_byte
                0x0000000000011462       0x12 D:\projects\mechanical_arm\Firmware\ArmMainControler\NetLib\libwchnet.a(wchnet_dhcp.o)
 .text.dhcp_option_long
                0x0000000000011474       0x48 D:\projects\mechanical_arm\Firmware\ArmMainControler\NetLib\libwchnet.a(wchnet_dhcp.o)
 .text.dhcp_option_trailer
                0x00000000000114bc       0x34 D:\projects\mechanical_arm\Firmware\ArmMainControler\NetLib\libwchnet.a(wchnet_dhcp.o)
 .text.dhcp_create_request
                0x00000000000114f0      0x17e D:\projects\mechanical_arm\Firmware\ArmMainControler\NetLib\libwchnet.a(wchnet_dhcp.o)
 .text.dhcp_delete_request
                0x000000000001166e       0x20 D:\projects\mechanical_arm\Firmware\ArmMainControler\NetLib\libwchnet.a(wchnet_dhcp.o)
 .text.dhcp_arp_reply
                0x000000000001168e      0x184 D:\projects\mechanical_arm\Firmware\ArmMainControler\NetLib\libwchnet.a(wchnet_dhcp.o)
                0x000000000001168e                dhcp_arp_reply
 .text.icmp_send_response.isra.0
                0x0000000000011812       0x76 D:\projects\mechanical_arm\Firmware\ArmMainControler\NetLib\libwchnet.a(icmp.o)
 .text.icmp_input
                0x0000000000011888      0x250 D:\projects\mechanical_arm\Firmware\ArmMainControler\NetLib\libwchnet.a(icmp.o)
                0x0000000000011888                icmp_input
 .text.icmp_dest_unreach
                0x0000000000011ad8       0x14 D:\projects\mechanical_arm\Firmware\ArmMainControler\NetLib\libwchnet.a(icmp.o)
                0x0000000000011ad8                icmp_dest_unreach
 .text.icmp_time_exceeded
                0x0000000000011aec       0x14 D:\projects\mechanical_arm\Firmware\ArmMainControler\NetLib\libwchnet.a(icmp.o)
                0x0000000000011aec                icmp_time_exceeded
 .text.lwip_standard_chksum
                0x0000000000011b00       0x7e D:\projects\mechanical_arm\Firmware\ArmMainControler\NetLib\libwchnet.a(inet_chksum.o)
 .text.inet_chksum_pseudo
                0x0000000000011b7e       0xf8 D:\projects\mechanical_arm\Firmware\ArmMainControler\NetLib\libwchnet.a(inet_chksum.o)
                0x0000000000011b7e                inet_chksum_pseudo
 .text.inet_chksum
                0x0000000000011c76       0x14 D:\projects\mechanical_arm\Firmware\ArmMainControler\NetLib\libwchnet.a(inet_chksum.o)
                0x0000000000011c76                inet_chksum
 .text.inet_chksum_pbuf
                0x0000000000011c8a       0x6a D:\projects\mechanical_arm\Firmware\ArmMainControler\NetLib\libwchnet.a(inet_chksum.o)
                0x0000000000011c8a                inet_chksum_pbuf
 .text.atanf    0x0000000000011cf4      0x288 d:/mounriver/mounriver_studio/toolchain/risc-v embedded gcc/bin/../lib/gcc/riscv-none-embed/8.2.0/../../../../riscv-none-embed/lib/rv32imac/ilp32\libm.a(lib_a-sf_atan.o)
                0x0000000000011cf4                atanf
 .text.cosf     0x0000000000011f7c       0x84 d:/mounriver/mounriver_studio/toolchain/risc-v embedded gcc/bin/../lib/gcc/riscv-none-embed/8.2.0/../../../../riscv-none-embed/lib/rv32imac/ilp32\libm.a(lib_a-sf_cos.o)
                0x0000000000011f7c                cosf
 .text.fabsf    0x0000000000012000        0x6 d:/mounriver/mounriver_studio/toolchain/risc-v embedded gcc/bin/../lib/gcc/riscv-none-embed/8.2.0/../../../../riscv-none-embed/lib/rv32imac/ilp32\libm.a(lib_a-sf_fabs.o)
                0x0000000000012000                fabsf
 .text.sinf     0x0000000000012006       0x86 d:/mounriver/mounriver_studio/toolchain/risc-v embedded gcc/bin/../lib/gcc/riscv-none-embed/8.2.0/../../../../riscv-none-embed/lib/rv32imac/ilp32\libm.a(lib_a-sf_sin.o)
                0x0000000000012006                sinf
 .text.acosf    0x000000000001208c       0xc2 d:/mounriver/mounriver_studio/toolchain/risc-v embedded gcc/bin/../lib/gcc/riscv-none-embed/8.2.0/../../../../riscv-none-embed/lib/rv32imac/ilp32\libm.a(lib_a-wf_acos.o)
                0x000000000001208c                acosf
 .text.asinf    0x000000000001214e       0xc4 d:/mounriver/mounriver_studio/toolchain/risc-v embedded gcc/bin/../lib/gcc/riscv-none-embed/8.2.0/../../../../riscv-none-embed/lib/rv32imac/ilp32\libm.a(lib_a-wf_asin.o)
                0x000000000001214e                asinf
 .text.powf     0x0000000000012212      0x33c d:/mounriver/mounriver_studio/toolchain/risc-v embedded gcc/bin/../lib/gcc/riscv-none-embed/8.2.0/../../../../riscv-none-embed/lib/rv32imac/ilp32\libm.a(lib_a-wf_pow.o)
                0x0000000000012212                powf
 .text.sqrtf    0x000000000001254e       0xba d:/mounriver/mounriver_studio/toolchain/risc-v embedded gcc/bin/../lib/gcc/riscv-none-embed/8.2.0/../../../../riscv-none-embed/lib/rv32imac/ilp32\libm.a(lib_a-wf_sqrt.o)
                0x000000000001254e                sqrtf
 .text.__ieee754_acosf
                0x0000000000012608      0x418 d:/mounriver/mounriver_studio/toolchain/risc-v embedded gcc/bin/../lib/gcc/riscv-none-embed/8.2.0/../../../../riscv-none-embed/lib/rv32imac/ilp32\libm.a(lib_a-ef_acos.o)
                0x0000000000012608                __ieee754_acosf
 .text.__ieee754_asinf
                0x0000000000012a20      0x372 d:/mounriver/mounriver_studio/toolchain/risc-v embedded gcc/bin/../lib/gcc/riscv-none-embed/8.2.0/../../../../riscv-none-embed/lib/rv32imac/ilp32\libm.a(lib_a-ef_asin.o)
                0x0000000000012a20                __ieee754_asinf
 .text.__ieee754_powf
                0x0000000000012d92      0x82c d:/mounriver/mounriver_studio/toolchain/risc-v embedded gcc/bin/../lib/gcc/riscv-none-embed/8.2.0/../../../../riscv-none-embed/lib/rv32imac/ilp32\libm.a(lib_a-ef_pow.o)
                0x0000000000012d92                __ieee754_powf
 .text.__ieee754_rem_pio2f
                0x00000000000135be      0x354 d:/mounriver/mounriver_studio/toolchain/risc-v embedded gcc/bin/../lib/gcc/riscv-none-embed/8.2.0/../../../../riscv-none-embed/lib/rv32imac/ilp32\libm.a(lib_a-ef_rem_pio2.o)
                0x00000000000135be                __ieee754_rem_pio2f
 .text.__ieee754_sqrtf
                0x0000000000013912       0xdc d:/mounriver/mounriver_studio/toolchain/risc-v embedded gcc/bin/../lib/gcc/riscv-none-embed/8.2.0/../../../../riscv-none-embed/lib/rv32imac/ilp32\libm.a(lib_a-ef_sqrt.o)
                0x0000000000013912                __ieee754_sqrtf
 .text.__kernel_cosf
                0x00000000000139ee      0x20e d:/mounriver/mounriver_studio/toolchain/risc-v embedded gcc/bin/../lib/gcc/riscv-none-embed/8.2.0/../../../../riscv-none-embed/lib/rv32imac/ilp32\libm.a(lib_a-kf_cos.o)
                0x00000000000139ee                __kernel_cosf
 .text.__kernel_rem_pio2f
                0x0000000000013bfc      0x7e2 d:/mounriver/mounriver_studio/toolchain/risc-v embedded gcc/bin/../lib/gcc/riscv-none-embed/8.2.0/../../../../riscv-none-embed/lib/rv32imac/ilp32\libm.a(lib_a-kf_rem_pio2.o)
                0x0000000000013bfc                __kernel_rem_pio2f
 .text.__kernel_sinf
                0x00000000000143de      0x12c d:/mounriver/mounriver_studio/toolchain/risc-v embedded gcc/bin/../lib/gcc/riscv-none-embed/8.2.0/../../../../riscv-none-embed/lib/rv32imac/ilp32\libm.a(lib_a-kf_sin.o)
                0x00000000000143de                __kernel_sinf
 .text.matherr  0x000000000001450a        0x4 d:/mounriver/mounriver_studio/toolchain/risc-v embedded gcc/bin/../lib/gcc/riscv-none-embed/8.2.0/../../../../riscv-none-embed/lib/rv32imac/ilp32\libm.a(lib_a-s_matherr.o)
                0x000000000001450a                matherr
 .text.nan      0x000000000001450e        0xe d:/mounriver/mounriver_studio/toolchain/risc-v embedded gcc/bin/../lib/gcc/riscv-none-embed/8.2.0/../../../../riscv-none-embed/lib/rv32imac/ilp32\libm.a(lib_a-s_nan.o)
                0x000000000001450e                nan
 .text.finitef  0x000000000001451c        0xe d:/mounriver/mounriver_studio/toolchain/risc-v embedded gcc/bin/../lib/gcc/riscv-none-embed/8.2.0/../../../../riscv-none-embed/lib/rv32imac/ilp32\libm.a(lib_a-sf_finite.o)
                0x000000000001451c                finitef
 .text.floorf   0x000000000001452a       0xcc d:/mounriver/mounriver_studio/toolchain/risc-v embedded gcc/bin/../lib/gcc/riscv-none-embed/8.2.0/../../../../riscv-none-embed/lib/rv32imac/ilp32\libm.a(lib_a-sf_floor.o)
                0x000000000001452a                floorf
 .text.nanf     0x00000000000145f6        0xc d:/mounriver/mounriver_studio/toolchain/risc-v embedded gcc/bin/../lib/gcc/riscv-none-embed/8.2.0/../../../../riscv-none-embed/lib/rv32imac/ilp32\libm.a(lib_a-sf_nan.o)
                0x00000000000145f6                nanf
 .text.rintf    0x0000000000014602       0xe2 d:/mounriver/mounriver_studio/toolchain/risc-v embedded gcc/bin/../lib/gcc/riscv-none-embed/8.2.0/../../../../riscv-none-embed/lib/rv32imac/ilp32\libm.a(lib_a-sf_rint.o)
                0x0000000000014602                rintf
 .text.scalbnf  0x00000000000146e4       0xe0 d:/mounriver/mounriver_studio/toolchain/risc-v embedded gcc/bin/../lib/gcc/riscv-none-embed/8.2.0/../../../../riscv-none-embed/lib/rv32imac/ilp32\libm.a(lib_a-sf_scalbn.o)
                0x00000000000146e4                scalbnf
 .text.copysignf
                0x00000000000147c4       0x10 d:/mounriver/mounriver_studio/toolchain/risc-v embedded gcc/bin/../lib/gcc/riscv-none-embed/8.2.0/../../../../riscv-none-embed/lib/rv32imac/ilp32\libm.a(lib_a-sf_copysign.o)
                0x00000000000147c4                copysignf
 .text.__adddf3
                0x00000000000147d4      0x730 d:/mounriver/mounriver_studio/toolchain/risc-v embedded gcc/bin/../lib/gcc/riscv-none-embed/8.2.0/rv32imac/ilp32\libgcc.a(adddf3.o)
                0x00000000000147d4                __adddf3
 .text.__divdf3
                0x0000000000014f04      0x5b4 d:/mounriver/mounriver_studio/toolchain/risc-v embedded gcc/bin/../lib/gcc/riscv-none-embed/8.2.0/rv32imac/ilp32\libgcc.a(divdf3.o)
                0x0000000000014f04                __divdf3
 .text.__eqdf2  0x00000000000154b8       0x6a d:/mounriver/mounriver_studio/toolchain/risc-v embedded gcc/bin/../lib/gcc/riscv-none-embed/8.2.0/rv32imac/ilp32\libgcc.a(eqdf2.o)
                0x00000000000154b8                __nedf2
                0x00000000000154b8                __eqdf2
 .text.__gedf2  0x0000000000015522       0xae d:/mounriver/mounriver_studio/toolchain/risc-v embedded gcc/bin/../lib/gcc/riscv-none-embed/8.2.0/rv32imac/ilp32\libgcc.a(gedf2.o)
                0x0000000000015522                __gedf2
                0x0000000000015522                __gtdf2
 .text.__ledf2  0x00000000000155d0       0xb6 d:/mounriver/mounriver_studio/toolchain/risc-v embedded gcc/bin/../lib/gcc/riscv-none-embed/8.2.0/rv32imac/ilp32\libgcc.a(ledf2.o)
                0x00000000000155d0                __ledf2
                0x00000000000155d0                __ltdf2
 .text.__muldf3
                0x0000000000015686      0x4b8 d:/mounriver/mounriver_studio/toolchain/risc-v embedded gcc/bin/../lib/gcc/riscv-none-embed/8.2.0/rv32imac/ilp32\libgcc.a(muldf3.o)
                0x0000000000015686                __muldf3
 .text.__subdf3
                0x0000000000015b3e      0x73e d:/mounriver/mounriver_studio/toolchain/risc-v embedded gcc/bin/../lib/gcc/riscv-none-embed/8.2.0/rv32imac/ilp32\libgcc.a(subdf3.o)
                0x0000000000015b3e                __subdf3
 .text.__fixdfsi
                0x000000000001627c       0x68 d:/mounriver/mounriver_studio/toolchain/risc-v embedded gcc/bin/../lib/gcc/riscv-none-embed/8.2.0/rv32imac/ilp32\libgcc.a(fixdfsi.o)
                0x000000000001627c                __fixdfsi
 .text.__floatsidf
                0x00000000000162e4       0x72 d:/mounriver/mounriver_studio/toolchain/risc-v embedded gcc/bin/../lib/gcc/riscv-none-embed/8.2.0/rv32imac/ilp32\libgcc.a(floatsidf.o)
                0x00000000000162e4                __floatsidf
 .text.__addsf3
                0x0000000000016356      0x36a d:/mounriver/mounriver_studio/toolchain/risc-v embedded gcc/bin/../lib/gcc/riscv-none-embed/8.2.0/rv32imac/ilp32\libgcc.a(addsf3.o)
                0x0000000000016356                __addsf3
 .text.__divsf3
                0x00000000000166c0      0x2b2 d:/mounriver/mounriver_studio/toolchain/risc-v embedded gcc/bin/../lib/gcc/riscv-none-embed/8.2.0/rv32imac/ilp32\libgcc.a(divsf3.o)
                0x00000000000166c0                __divsf3
 .text.__eqsf2  0x0000000000016972       0x5c d:/mounriver/mounriver_studio/toolchain/risc-v embedded gcc/bin/../lib/gcc/riscv-none-embed/8.2.0/rv32imac/ilp32\libgcc.a(eqsf2.o)
                0x0000000000016972                __eqsf2
                0x0000000000016972                __nesf2
 .text.__gesf2  0x00000000000169ce       0x86 d:/mounriver/mounriver_studio/toolchain/risc-v embedded gcc/bin/../lib/gcc/riscv-none-embed/8.2.0/rv32imac/ilp32\libgcc.a(gesf2.o)
                0x00000000000169ce                __gesf2
                0x00000000000169ce                __gtsf2
 .text.__lesf2  0x0000000000016a54       0x8c d:/mounriver/mounriver_studio/toolchain/risc-v embedded gcc/bin/../lib/gcc/riscv-none-embed/8.2.0/rv32imac/ilp32\libgcc.a(lesf2.o)
                0x0000000000016a54                __ltsf2
                0x0000000000016a54                __lesf2
 .text.__mulsf3
                0x0000000000016ae0      0x294 d:/mounriver/mounriver_studio/toolchain/risc-v embedded gcc/bin/../lib/gcc/riscv-none-embed/8.2.0/rv32imac/ilp32\libgcc.a(mulsf3.o)
                0x0000000000016ae0                __mulsf3
 .text.__subsf3
                0x0000000000016d74      0x388 d:/mounriver/mounriver_studio/toolchain/risc-v embedded gcc/bin/../lib/gcc/riscv-none-embed/8.2.0/rv32imac/ilp32\libgcc.a(subsf3.o)
                0x0000000000016d74                __subsf3
 .text.__unordsf2
                0x00000000000170fc       0x3c d:/mounriver/mounriver_studio/toolchain/risc-v embedded gcc/bin/../lib/gcc/riscv-none-embed/8.2.0/rv32imac/ilp32\libgcc.a(unordsf2.o)
                0x00000000000170fc                __unordsf2
 .text.__fixsfsi
                0x0000000000017138       0x62 d:/mounriver/mounriver_studio/toolchain/risc-v embedded gcc/bin/../lib/gcc/riscv-none-embed/8.2.0/rv32imac/ilp32\libgcc.a(fixsfsi.o)
                0x0000000000017138                __fixsfsi
 .text.__floatsisf
                0x000000000001719a       0xc6 d:/mounriver/mounriver_studio/toolchain/risc-v embedded gcc/bin/../lib/gcc/riscv-none-embed/8.2.0/rv32imac/ilp32\libgcc.a(floatsisf.o)
                0x000000000001719a                __floatsisf
 .text.__extendsfdf2
                0x0000000000017260       0xac d:/mounriver/mounriver_studio/toolchain/risc-v embedded gcc/bin/../lib/gcc/riscv-none-embed/8.2.0/rv32imac/ilp32\libgcc.a(extendsfdf2.o)
                0x0000000000017260                __extendsfdf2
 .text.__truncdfsf2
                0x000000000001730c      0x16a d:/mounriver/mounriver_studio/toolchain/risc-v embedded gcc/bin/../lib/gcc/riscv-none-embed/8.2.0/rv32imac/ilp32\libgcc.a(truncdfsf2.o)
                0x000000000001730c                __truncdfsf2
 .text.__clzsi2
                0x0000000000017476       0x76 d:/mounriver/mounriver_studio/toolchain/risc-v embedded gcc/bin/../lib/gcc/riscv-none-embed/8.2.0/rv32imac/ilp32\libgcc.a(_clzsi2.o)
                0x0000000000017476                __clzsi2
 .text.atoi     0x00000000000174ec        0x8 d:/mounriver/mounriver_studio/toolchain/risc-v embedded gcc/bin/../lib/gcc/riscv-none-embed/8.2.0/../../../../riscv-none-embed/lib/rv32imac/ilp32\libg_nano.a(lib_a-atoi.o)
                0x00000000000174ec                atoi
 .text.__errno  0x00000000000174f4        0x8 d:/mounriver/mounriver_studio/toolchain/risc-v embedded gcc/bin/../lib/gcc/riscv-none-embed/8.2.0/../../../../riscv-none-embed/lib/rv32imac/ilp32\libg_nano.a(lib_a-errno.o)
                0x00000000000174f4                __errno
 .text.__itoa   0x00000000000174fc       0x48 d:/mounriver/mounriver_studio/toolchain/risc-v embedded gcc/bin/../lib/gcc/riscv-none-embed/8.2.0/../../../../riscv-none-embed/lib/rv32imac/ilp32\libg_nano.a(lib_a-itoa.o)
                0x00000000000174fc                __itoa
 .text.itoa     0x0000000000017544        0x4 d:/mounriver/mounriver_studio/toolchain/risc-v embedded gcc/bin/../lib/gcc/riscv-none-embed/8.2.0/../../../../riscv-none-embed/lib/rv32imac/ilp32\libg_nano.a(lib_a-itoa.o)
                0x0000000000017544                itoa
 .text.memcpy   0x0000000000017548       0xb6 d:/mounriver/mounriver_studio/toolchain/risc-v embedded gcc/bin/../lib/gcc/riscv-none-embed/8.2.0/../../../../riscv-none-embed/lib/rv32imac/ilp32\libg_nano.a(lib_a-memcpy.o)
                0x0000000000017548                memcpy
 .text.__cvt    0x00000000000175fe       0xee d:/mounriver/mounriver_studio/toolchain/risc-v embedded gcc/bin/../lib/gcc/riscv-none-embed/8.2.0/../../../../riscv-none-embed/lib/rv32imac/ilp32\libg_nano.a(lib_a-nano-vfprintf_float.o)
                0x00000000000175fe                __cvt
 .text.__exponent
                0x00000000000176ec       0x8c d:/mounriver/mounriver_studio/toolchain/risc-v embedded gcc/bin/../lib/gcc/riscv-none-embed/8.2.0/../../../../riscv-none-embed/lib/rv32imac/ilp32\libg_nano.a(lib_a-nano-vfprintf_float.o)
                0x00000000000176ec                __exponent
 .text._printf_float
                0x0000000000017778      0x4c4 d:/mounriver/mounriver_studio/toolchain/risc-v embedded gcc/bin/../lib/gcc/riscv-none-embed/8.2.0/../../../../riscv-none-embed/lib/rv32imac/ilp32\libg_nano.a(lib_a-nano-vfprintf_float.o)
                0x0000000000017778                _printf_float
 .text._printf_common
                0x0000000000017c3c      0x10c d:/mounriver/mounriver_studio/toolchain/risc-v embedded gcc/bin/../lib/gcc/riscv-none-embed/8.2.0/../../../../riscv-none-embed/lib/rv32imac/ilp32\libg_nano.a(lib_a-nano-vfprintf_i.o)
                0x0000000000017c3c                _printf_common
 .text._printf_i
                0x0000000000017d48      0x2ac d:/mounriver/mounriver_studio/toolchain/risc-v embedded gcc/bin/../lib/gcc/riscv-none-embed/8.2.0/../../../../riscv-none-embed/lib/rv32imac/ilp32\libg_nano.a(lib_a-nano-vfprintf_i.o)
                0x0000000000017d48                _printf_i
 .text.printf   0x0000000000017ff4       0x42 d:/mounriver/mounriver_studio/toolchain/risc-v embedded gcc/bin/../lib/gcc/riscv-none-embed/8.2.0/../../../../riscv-none-embed/lib/rv32imac/ilp32\libg_nano.a(lib_a-printf.o)
                0x0000000000017ff4                iprintf