Archive member included to satisfy reference by file (symbol)

d:/mounriver/mounriver_studio/toolchain/risc-v embedded gcc/bin/../lib/gcc/riscv-none-embed/8.2.0/rv32imac/ilp32\libgcc.a(adddf3.o)
                              ./zf_common/zf_common_function.o (__adddf3)
d:/mounriver/mounriver_studio/toolchain/risc-v embedded gcc/bin/../lib/gcc/riscv-none-embed/8.2.0/rv32imac/ilp32\libgcc.a(divdf3.o)
                              ./zf_common/zf_common_function.o (__divdf3)
d:/mounriver/mounriver_studio/toolchain/risc-v embedded gcc/bin/../lib/gcc/riscv-none-embed/8.2.0/rv32imac/ilp32\libgcc.a(eqdf2.o)
                              ./zf_common/zf_common_function.o (__eqdf2)
d:/mounriver/mounriver_studio/toolchain/risc-v embedded gcc/bin/../lib/gcc/riscv-none-embed/8.2.0/rv32imac/ilp32\libgcc.a(ledf2.o)
                              ./zf_common/zf_common_function.o (__ltdf2)
d:/mounriver/mounriver_studio/toolchain/risc-v embedded gcc/bin/../lib/gcc/riscv-none-embed/8.2.0/rv32imac/ilp32\libgcc.a(muldf3.o)
                              ./zf_common/zf_common_function.o (__muldf3)
d:/mounriver/mounriver_studio/toolchain/risc-v embedded gcc/bin/../lib/gcc/riscv-none-embed/8.2.0/rv32imac/ilp32\libgcc.a(subdf3.o)
                              ./zf_common/zf_common_function.o (__subdf3)
d:/mounriver/mounriver_studio/toolchain/risc-v embedded gcc/bin/../lib/gcc/riscv-none-embed/8.2.0/rv32imac/ilp32\libgcc.a(fixdfsi.o)
                              ./zf_common/zf_common_function.o (__fixdfsi)
d:/mounriver/mounriver_studio/toolchain/risc-v embedded gcc/bin/../lib/gcc/riscv-none-embed/8.2.0/rv32imac/ilp32\libgcc.a(floatsidf.o)
                              ./zf_common/zf_common_function.o (__floatsidf)
d:/mounriver/mounriver_studio/toolchain/risc-v embedded gcc/bin/../lib/gcc/riscv-none-embed/8.2.0/rv32imac/ilp32\libgcc.a(addsf3.o)
                              ./zf_device/zf_device_ips114.o (__addsf3)
d:/mounriver/mounriver_studio/toolchain/risc-v embedded gcc/bin/../lib/gcc/riscv-none-embed/8.2.0/rv32imac/ilp32\libgcc.a(divsf3.o)
                              ./zf_device/zf_device_ips114.o (__divsf3)
d:/mounriver/mounriver_studio/toolchain/risc-v embedded gcc/bin/../lib/gcc/riscv-none-embed/8.2.0/rv32imac/ilp32\libgcc.a(eqsf2.o)
                              ./zf_common/zf_common_function.o (__eqsf2)
d:/mounriver/mounriver_studio/toolchain/risc-v embedded gcc/bin/../lib/gcc/riscv-none-embed/8.2.0/rv32imac/ilp32\libgcc.a(lesf2.o)
                              ./zf_common/zf_common_function.o (__ltsf2)
d:/mounriver/mounriver_studio/toolchain/risc-v embedded gcc/bin/../lib/gcc/riscv-none-embed/8.2.0/rv32imac/ilp32\libgcc.a(mulsf3.o)
                              ./zf_device/zf_device_ips114.o (__mulsf3)
d:/mounriver/mounriver_studio/toolchain/risc-v embedded gcc/bin/../lib/gcc/riscv-none-embed/8.2.0/rv32imac/ilp32\libgcc.a(subsf3.o)
                              ./zf_device/zf_device_ips114.o (__subsf3)
d:/mounriver/mounriver_studio/toolchain/risc-v embedded gcc/bin/../lib/gcc/riscv-none-embed/8.2.0/rv32imac/ilp32\libgcc.a(fixsfsi.o)
                              ./zf_device/zf_device_ips114.o (__fixsfsi)
d:/mounriver/mounriver_studio/toolchain/risc-v embedded gcc/bin/../lib/gcc/riscv-none-embed/8.2.0/rv32imac/ilp32\libgcc.a(floatsisf.o)
                              ./zf_device/zf_device_ips114.o (__floatsisf)
d:/mounriver/mounriver_studio/toolchain/risc-v embedded gcc/bin/../lib/gcc/riscv-none-embed/8.2.0/rv32imac/ilp32\libgcc.a(floatunsisf.o)
                              ./zf_device/zf_device_ips114.o (__floatunsisf)
d:/mounriver/mounriver_studio/toolchain/risc-v embedded gcc/bin/../lib/gcc/riscv-none-embed/8.2.0/rv32imac/ilp32\libgcc.a(_clzsi2.o)
                              d:/mounriver/mounriver_studio/toolchain/risc-v embedded gcc/bin/../lib/gcc/riscv-none-embed/8.2.0/rv32imac/ilp32\libgcc.a(adddf3.o) (__clzsi2)
d:/mounriver/mounriver_studio/toolchain/risc-v embedded gcc/bin/../lib/gcc/riscv-none-embed/8.2.0/rv32imac/ilp32\libgcc.a(_clz.o)
                              d:/mounriver/mounriver_studio/toolchain/risc-v embedded gcc/bin/../lib/gcc/riscv-none-embed/8.2.0/rv32imac/ilp32\libgcc.a(_clzsi2.o) (__clz_tab)
d:/mounriver/mounriver_studio/toolchain/risc-v embedded gcc/bin/../lib/gcc/riscv-none-embed/8.2.0/../../../../riscv-none-embed/lib/rv32imac/ilp32\libg_nano.a(lib_a-memcmp.o)
                              ./user_c/main.o (memcmp)
d:/mounriver/mounriver_studio/toolchain/risc-v embedded gcc/bin/../lib/gcc/riscv-none-embed/8.2.0/../../../../riscv-none-embed/lib/rv32imac/ilp32\libg_nano.a(lib_a-memcpy.o)
                              ./zf_common/zf_common_debug.o (memcpy)
d:/mounriver/mounriver_studio/toolchain/risc-v embedded gcc/bin/../lib/gcc/riscv-none-embed/8.2.0/../../../../riscv-none-embed/lib/rv32imac/ilp32\libg_nano.a(lib_a-memset.o)
                              ./zf_driver/zf_driver_flash.o (memset)
[...]
Memory Configuration

Name             Origin             Length             Attributes
RAM              0x0000000020000000 0x0000000000010000 xrw
FLASH            0x0000000000000000 0x0000000000040000 xr
*default*        0x0000000000000000 0xffffffffffffffff

Linker script and memory map

LOAD ./zf_driver/zf_driver_adc.o
LOAD ./zf_driver/zf_driver_delay.o
LOAD ./zf_driver/zf_driver_dvp.o
LOAD ./zf_driver/zf_driver_encoder.o
LOAD ./zf_driver/zf_driver_exti.o
LOAD ./zf_driver/zf_driver_flash.o
LOAD ./zf_driver/zf_driver_gpio.o
LOAD ./zf_driver/zf_driver_irq.o
LOAD ./zf_driver/zf_driver_pit.o
LOAD ./zf_driver/zf_driver_pwm.o
LOAD ./zf_driver/zf_driver_soft_iic.o
LOAD ./zf_driver/zf_driver_spi.o
LOAD ./zf_driver/zf_driver_timer.o
LOAD ./zf_driver/zf_driver_uart.o
LOAD ./zf_driver/zf_driver_usb_cdc.o
LOAD ./zf_device/zf_device_absolute_encoder.o
LOAD ./zf_device/zf_device_bluetooth_ch9141.o
LOAD ./zf_device/zf_device_bluetooth_ch9141_ch2.o
LOAD ./zf_device/zf_device_camera.o
LOAD ./zf_device/zf_device_icm20602.o
LOAD ./zf_device/zf_device_ips114.o
LOAD ./zf_device/zf_device_ips200_parallel8.o
LOAD ./zf_device/zf_device_mpu6050.o
LOAD ./zf_device/zf_device_mt9v03x_dvp.o
LOAD ./zf_device/zf_device_oled.o
LOAD ./zf_device/zf_device_scc8660_dvp.o
LOAD ./zf_device/zf_device_tft180.o
LOAD ./zf_device/zf_device_type.o
LOAD ./zf_device/zf_device_virtual_oscilloscope.o
LOAD ./zf_device/zf_device_wireless_ch573.o
LOAD ./zf_device/zf_device_wireless_uart.o
LOAD ./zf_common/zf_common_clock.o
LOAD ./zf_common/zf_common_debug.o
LOAD ./zf_common/zf_common_fifo.o
LOAD ./zf_common/zf_common_font.o
LOAD ./zf_common/zf_common_function.o
LOAD ./zf_common/zf_common_interrupt.o
LOAD ./user_c/isr.o
LOAD ./user_c/main.o
LOAD ./sdk/Startup/startup_ch32v30x.o
LOAD ./sdk/Startup/system_ch32v30x.o
LOAD ./sdk/Peripheral/ch32v30x_adc.o
LOAD ./sdk/Peripheral/ch32v30x_bkp.o
LOAD ./sdk/Peripheral/ch32v30x_can.o
LOAD ./sdk/Peripheral/ch32v30x_crc.o
LOAD ./sdk/Peripheral/ch32v30x_dac.o
LOAD ./sdk/Peripheral/ch32v30x_dbgmcu.o
LOAD ./sdk/Peripheral/ch32v30x_dma.o
LOAD ./sdk/Peripheral/ch32v30x_dvp.o
LOAD ./sdk/Peripheral/ch32v30x_eth.o
LOAD ./sdk/Peripheral/ch32v30x_exti.o
LOAD ./sdk/Peripheral/ch32v30x_flash.o
LOAD ./sdk/Peripheral/ch32v30x_fsmc.o
LOAD ./sdk/Peripheral/ch32v30x_gpio.o
LOAD ./sdk/Peripheral/ch32v30x_i2c.o
LOAD ./sdk/Peripheral/ch32v30x_iwdg.o
LOAD ./sdk/Peripheral/ch32v30x_misc.o
LOAD ./sdk/Peripheral/ch32v30x_opa.o
LOAD ./sdk/Peripheral/ch32v30x_pwr.o
LOAD ./sdk/Peripheral/ch32v30x_rcc.o
LOAD ./sdk/Peripheral/ch32v30x_rng.o
LOAD ./sdk/Peripheral/ch32v30x_rtc.o
LOAD ./sdk/Peripheral/ch32v30x_sdio.o
LOAD ./sdk/Peripheral/ch32v30x_spi.o
LOAD ./sdk/Peripheral/ch32v30x_tim.o
LOAD ./sdk/Peripheral/ch32v30x_usart.o
LOAD ./sdk/Peripheral/ch32v30x_usbotg_device.o
LOAD ./sdk/Peripheral/ch32v30x_wwdg.o
LOAD ./sdk/Core/core_riscv.o
LOAD ./platform/deca_mutex.o
LOAD ./platform/deca_sleep.o
LOAD ./platform/deca_spi.o
LOAD ./platform/lcd.o
LOAD ./platform/port.o
LOAD ./decadriver/deca_device.o
LOAD ./decadriver/deca_params_init.o
LOAD d:/mounriver/mounriver_studio/toolchain/risc-v embedded gcc/bin/../lib/gcc/riscv-none-embed/8.2.0/../../../../riscv-none-embed/lib/rv32imac/ilp32\libm.a
LOAD d:/mounriver/mounriver_studio/toolchain/risc-v embedded gcc/bin/../lib/gcc/riscv-none-embed/8.2.0/rv32imac/ilp32\libgcc.a
LOAD d:/mounriver/mounriver_studio/toolchain/risc-v embedded gcc/bin/../lib/gcc/riscv-none-embed/8.2.0/../../../../riscv-none-embed/lib/rv32imac/ilp32\libg_nano.a
LOAD d:/mounriver/mounriver_studio/toolchain/risc-v embedded gcc/bin/../lib/gcc/riscv-none-embed/8.2.0/../../../../riscv-none-embed/lib/rv32imac/ilp32\libc_nano.a
LOAD d:/mounriver/mounriver_studio/toolchain/risc-v embedded gcc/bin/../lib/gcc/riscv-none-embed/8.2.0/rv32imac/ilp32\libgcc.a
START GROUP
LOAD d:/mounriver/mounriver_studio/toolchain/risc-v embedded gcc/bin/../lib/gcc/riscv-none-embed/8.2.0/rv32imac/ilp32\libgcc.a
LOAD d:/mounriver/mounriver_studio/toolchain/risc-v embedded gcc/bin/../lib/gcc/riscv-none-embed/8.2.0/../../../../riscv-none-embed/lib/rv32imac/ilp32\libc_nano.a
LOAD d:/mounriver/mounriver_studio/toolchain/risc-v embedded gcc/bin/../lib/gcc/riscv-none-embed/8.2.0/../../../../riscv-none-embed/lib/rv32imac/ilp32\libnosys.a
END GROUP
START GROUP
LOAD d:/mounriver/mounriver_studio/toolchain/risc-v embedded gcc/bin/../lib/gcc/riscv-none-embed/8.2.0/rv32imac/ilp32\libgcc.a
LOAD d:/mounriver/mounriver_studio/toolchain/risc-v embedded gcc/bin/../lib/gcc/riscv-none-embed/8.2.0/../../../../riscv-none-embed/lib/rv32imac/ilp32\libc_nano.a
LOAD d:/mounriver/mounriver_studio/toolchain/risc-v embedded gcc/bin/../lib/gcc/riscv-none-embed/8.2.0/../../../../riscv-none-embed/lib/rv32imac/ilp32\libnosys.a
END GROUP
                0x0000000000000800                __stack_size = 0x800
                [!provide]                        PROVIDE (_stack_size = __stack_size)

.init           0x0000000000000000       0x38
                0x0000000000000000                _sinit = .
                0x0000000000000000                . = ALIGN (0x4)
 *(SORT_NONE(.init))
 .init          0x0000000000000000       0x38 ./sdk/Startup/startup_ch32v30x.o
                0x0000000000000000                _start
                0x0000000000000038                . = ALIGN (0x4)
                0x0000000000000038                _einit = .

.vector         0x0000000000000038      0x1c8
 *(.vector)
 .vector        0x0000000000000038      0x1a0 ./sdk/Startup/startup_ch32v30x.o
                0x0000000000000200                . = ALIGN (0x40)
 *fill*         0x00000000000001d8       0x28 

.text           0x0000000000000200     0xab4c
                0x0000000000000200                . = ALIGN (0x4)
 *(.text)
 .text          0x0000000000000200       0x14 ./zf_driver/zf_driver_irq.o
                0x0000000000000200                dis_interrupt
                0x0000000000000206                en_interrupt
 .text          0x0000000000000214       0xa8 d:/mounriver/mounriver_studio/toolchain/risc-v embedded gcc/bin/../lib/gcc/riscv-none-embed/8.2.0/../../../../riscv-none-embed/lib/rv32imac/ilp32\libg_nano.a(lib_a-memset.o)
                0x0000000000000214                memset
 *(.text.*)
 .text.gpio_toggle_level
                0x00000000000002bc       0x66 ./zf_driver/zf_driver_gpio.o
                0x00000000000002bc                gpio_toggle_level
 .text.gpio_init
                0x0000000000000322      0x196 ./zf_driver/zf_driver_gpio.o
                0x0000000000000322                gpio_init
 .text.spi_write_8bit
                0x00000000000004b8       0x56 ./zf_driver/zf_driver_spi.o
                0x00000000000004b8                spi_write_8bit
 .text.uart_gpio_init
                0x000000000000050e      0x3c2 ./zf_driver/zf_driver_uart.o
                0x000000000000050e                uart_gpio_init
 .text.uart_rx_interrupt
                0x00000000000008d0       0x86 ./zf_driver/zf_driver_uart.o
                0x00000000000008d0                uart_rx_interrupt
 .text.uart_query_byte
                0x0000000000000956       0x5e ./zf_driver/zf_driver_uart.o
                0x0000000000000956                uart_query_byte
 .text.uart_init
                0x00000000000009b4      0x2b0 ./zf_driver/zf_driver_uart.o
                0x00000000000009b4                uart_init
 .text.bluetooth_ch9141_uart_callback_ch1
                0x0000000000000c64       0x26 ./zf_device/zf_device_bluetooth_ch9141.o
                0x0000000000000c64                bluetooth_ch9141_uart_callback_ch1
 .text.bluetooth_ch9141_uart_callback_ch2
                0x0000000000000c8a       0x26 ./zf_device/zf_device_bluetooth_ch9141_ch2.o
                0x0000000000000c8a                bluetooth_ch9141_uart_callback_ch2
 .text.camera_uart_handler
                0x0000000000000cb0       0x36 ./zf_device/zf_device_camera.o
                0x0000000000000cb0                camera_uart_handler
 .text.camera_dvp_handler
                0x0000000000000ce6       0x2c ./zf_device/zf_device_camera.o
                0x0000000000000ce6                camera_dvp_handler
 .text.mt9v03x_uart_callback_dvp
                0x0000000000000d12       0x64 ./zf_device/zf_device_mt9v03x_dvp.o
                0x0000000000000d12                mt9v03x_uart_callback_dvp
 .text.mt9v03x_handler_dvp
                0x0000000000000d76       0x14 ./zf_device/zf_device_mt9v03x_dvp.o
                0x0000000000000d76                mt9v03x_handler_dvp
 .text.scc8660_uart_callback_dvp
                0x0000000000000d8a       0x64 ./zf_device/zf_device_scc8660_dvp.o
                0x0000000000000d8a                scc8660_uart_callback_dvp
 .text.scc8660_vsync_dvp
                0x0000000000000dee       0x14 ./zf_device/zf_device_scc8660_dvp.o
                0x0000000000000dee                scc8660_vsync_dvp
 .text.wireless_ch573_callback
                0x0000000000000e02       0x26 ./zf_device/zf_device_wireless_ch573.o
                0x0000000000000e02                wireless_ch573_callback
 .text.wireless_uart_callback
                0x0000000000000e28       0x26 ./zf_device/zf_device_wireless_uart.o
                0x0000000000000e28                wireless_uart_callback
 .text.clock_init
                0x0000000000000e4e       0x28 ./zf_common/zf_common_clock.o
                0x0000000000000e4e                clock_init
 .text.clock_reset
                0x0000000000000e76       0x76 ./zf_common/zf_common_clock.o
 .text.clock_set_freq
                0x0000000000000eec      0x260 ./zf_common/zf_common_clock.o
 .text.debug_init
                0x000000000000114c       0x34 ./zf_common/zf_common_debug.o
                0x000000000000114c                debug_init
 .text._write   0x0000000000001180       0x7c ./zf_common/zf_common_debug.o
                0x0000000000001180                _write
 .text.fifo_head_offset
                0x00000000000011fc       0x4e ./zf_common/zf_common_fifo.o
                0x00000000000011fc                fifo_head_offset
 .text.fifo_write_buffer
                0x000000000000124a      0x100 ./zf_common/zf_common_fifo.o
                0x000000000000124a                fifo_write_buffer
 .text.NVIC_EnableIRQ
                0x000000000000134a       0x32 ./zf_common/zf_common_interrupt.o
 .text.NVIC_DisableIRQ
                0x000000000000137c       0x32 ./zf_common/zf_common_interrupt.o
 .text.interrupt_enable
                0x00000000000013ae       0x1c ./zf_common/zf_common_interrupt.o
                0x00000000000013ae                interrupt_enable
 .text.interrupt_disable
                0x00000000000013ca       0x1c ./zf_common/zf_common_interrupt.o
                0x00000000000013ca                interrupt_disable
 .text.interrupt_init
                0x00000000000013e6        0xe ./zf_common/zf_common_interrupt.o
                0x00000000000013e6                interrupt_init
 .text.interrupt_global_enable
                0x00000000000013f4       0x2e ./zf_common/zf_common_interrupt.o
                0x00000000000013f4                interrupt_global_enable
 .text.interrupt_global_disable
                0x0000000000001422       0x28 ./zf_common/zf_common_interrupt.o
                0x0000000000001422                interrupt_global_disable
 .text.USART1_IRQHandler
                0x000000000000144a       0x34 ./user_c/isr.o
                0x000000000000144a                USART1_IRQHandler
 .text.USART2_IRQHandler
                0x000000000000147e       0x62 ./user_c/isr.o
                0x000000000000147e                USART2_IRQHandler
 .text.USART3_IRQHandler
                0x00000000000014e0       0x34 ./user_c/isr.o
                0x00000000000014e0                USART3_IRQHandler
 .text.UART4_IRQHandler
                0x0000000000001514       0x34 ./user_c/isr.o
                0x0000000000001514                UART4_IRQHandler
 .text.UART5_IRQHandler
                0x0000000000001548       0x30 ./user_c/isr.o
                0x0000000000001548                UART5_IRQHandler
 .text.UART6_IRQHandler
                0x0000000000001578       0x34 ./user_c/isr.o
                0x0000000000001578                UART6_IRQHandler
 .text.UART7_IRQHandler
                0x00000000000015ac       0x4c ./user_c/isr.o
                0x00000000000015ac                UART7_IRQHandler
 .text.UART8_IRQHandler
                0x00000000000015f8       0x2c ./user_c/isr.o
                0x00000000000015f8                UART8_IRQHandler
 .text.DVP_IRQHandler
                0x0000000000001624       0x3e ./user_c/isr.o
                0x0000000000001624                DVP_IRQHandler
 .text.EXTI0_IRQHandler
                0x0000000000001662       0x24 ./user_c/isr.o
                0x0000000000001662                EXTI0_IRQHandler
 .text.EXTI1_IRQHandler
                0x0000000000001686       0x24 ./user_c/isr.o
                0x0000000000001686                EXTI1_IRQHandler
 .text.EXTI2_IRQHandler
                0x00000000000016aa       0x42 ./user_c/isr.o
                0x00000000000016aa                EXTI2_IRQHandler
 .text.EXTI3_IRQHandler
                0x00000000000016ec       0x24 ./user_c/isr.o
                0x00000000000016ec                EXTI3_IRQHandler
 .text.EXTI4_IRQHandler
                0x0000000000001710       0x24 ./user_c/isr.o
                0x0000000000001710                EXTI4_IRQHandler
 .text.EXTI9_5_IRQHandler
                0x0000000000001734       0x88 ./user_c/isr.o
                0x0000000000001734                EXTI9_5_IRQHandler
 .text.EXTI15_10_IRQHandler
                0x00000000000017bc       0x94 ./user_c/isr.o
                0x00000000000017bc                EXTI15_10_IRQHandler
 .text.TIM1_UP_IRQHandler
                0x0000000000001850       0x30 ./user_c/isr.o
                0x0000000000001850                TIM1_UP_IRQHandler
 .text.TIM2_IRQHandler
                0x0000000000001880       0x30 ./user_c/isr.o
                0x0000000000001880                TIM2_IRQHandler
 .text.TIM3_IRQHandler
                0x00000000000018b0       0x30 ./user_c/isr.o
                0x00000000000018b0                TIM3_IRQHandler
 .text.TIM4_IRQHandler
                0x00000000000018e0       0x30 ./user_c/isr.o
                0x00000000000018e0                TIM4_IRQHandler
 .text.TIM5_IRQHandler
                0x0000000000001910       0x30 ./user_c/isr.o
                0x0000000000001910                TIM5_IRQHandler
 .text.TIM6_IRQHandler
                0x0000000000001940       0x28 ./user_c/isr.o
                0x0000000000001940                TIM6_IRQHandler
 .text.TIM7_IRQHandler
                0x0000000000001968       0x30 ./user_c/isr.o
                0x0000000000001968                TIM7_IRQHandler
 .text.TIM8_UP_IRQHandler
                0x0000000000001998       0x30 ./user_c/isr.o
                0x0000000000001998                TIM8_UP_IRQHandler
 .text.TIM9_UP_IRQHandler
                0x00000000000019c8       0x30 ./user_c/isr.o
                0x00000000000019c8                TIM9_UP_IRQHandler
 .text.TIM10_UP_IRQHandler
                0x00000000000019f8       0x28 ./user_c/isr.o
                0x00000000000019f8                TIM10_UP_IRQHandler
 .text.NMI_Handler
                0x0000000000001a20       0x10 ./user_c/isr.o
                0x0000000000001a20                NMI_Handler
 .text.HardFault_Handler
                0x0000000000001a30        0x8 ./user_c/isr.o
                0x0000000000001a30                HardFault_Handler
 .text.ESP_spi_init
                0x0000000000001a38      0x126 ./user_c/main.o
                0x0000000000001a38                ESP_spi_init
 .text.main     0x0000000000001b5e      0x302 ./user_c/main.o
                0x0000000000001b5e                main
 .text.get_tx_timestamp_u64
                0x0000000000001e60       0x9a ./user_c/main.o
 .text.get_rx_timestamp_u64
                0x0000000000001efa       0x9a ./user_c/main.o
 .text.final_msg_set_ts
                0x0000000000001f94       0x62 ./user_c/main.o
 .text.vector_handler
                0x0000000000001ff6       0xbe ./sdk/Startup/startup_ch32v30x.o
                0x0000000000001ffa                Ecall_M_Mode_Handler
                0x0000000000001ffc                Ecall_U_Mode_Handler
                0x0000000000001ffe                Break_Point_Handler
                0x0000000000002000                SysTick_Handler
                0x0000000000002002                SW_handler
                0x0000000000002004                WWDG_IRQHandler
                0x0000000000002006                PVD_IRQHandler
                0x0000000000002008                TAMPER_IRQHandler
                0x000000000000200a                RTC_IRQHandler
                0x000000000000200c                FLASH_IRQHandler
                0x000000000000200e                RCC_IRQHandler
                0x000000000000201a                DMA1_Channel1_IRQHandler
                0x000000000000201c                DMA1_Channel2_IRQHandler
                0x000000000000201e                DMA1_Channel3_IRQHandler
                0x0000000000002020                DMA1_Channel4_IRQHandler
                0x0000000000002022                DMA1_Channel5_IRQHandler
                0x0000000000002024                DMA1_Channel6_IRQHandler
                0x0000000000002026                DMA1_Channel7_IRQHandler
                0x0000000000002028                ADC1_2_IRQHandler
                0x000000000000202a                USB_HP_CAN1_TX_IRQHandler
                0x000000000000202c                USB_LP_CAN1_RX0_IRQHandler
                0x000000000000202e                CAN1_RX1_IRQHandler
                0x0000000000002030                CAN1_SCE_IRQHandler
                0x0000000000002034                TIM1_BRK_IRQHandler
                0x0000000000002038                TIM1_TRG_COM_IRQHandler
                0x000000000000203a                TIM1_CC_IRQHandler
                0x0000000000002042                I2C1_EV_IRQHandler
                0x0000000000002044                I2C1_ER_IRQHandler
                0x0000000000002046                I2C2_EV_IRQHandler
                0x0000000000002048                I2C2_ER_IRQHandler
                0x000000000000204a                SPI1_IRQHandler
                0x000000000000204c                SPI2_IRQHandler
                0x0000000000002056                RTCAlarm_IRQHandler
                0x0000000000002058                USBWakeUp_IRQHandler
                0x000000000000205a                TIM8_BRK_IRQHandler
                0x000000000000205e                TIM8_TRG_COM_IRQHandler
                0x0000000000002060                TIM8_CC_IRQHandler
                0x0000000000002062                RNG_IRQHandler
                0x0000000000002064                FSMC_IRQHandler
                0x0000000000002066                SDIO_IRQHandler
                0x000000000000206a                SPI3_IRQHandler
                0x0000000000002074                DMA2_Channel1_IRQHandler
                0x0000000000002076                DMA2_Channel2_IRQHandler
                0x0000000000002078                DMA2_Channel3_IRQHandler
                0x000000000000207a                DMA2_Channel4_IRQHandler
                0x000000000000207c                DMA2_Channel5_IRQHandler
                0x000000000000207e                ETH_IRQHandler
                0x0000000000002080                ETH_WKUP_IRQHandler
                0x0000000000002082                CAN2_TX_IRQHandler
                0x0000000000002084                CAN2_RX0_IRQHandler
                0x0000000000002086                CAN2_RX1_IRQHandler
                0x0000000000002088                CAN2_SCE_IRQHandler
                0x000000000000208c                USBHSWakeup_IRQHandler
                0x000000000000208e                USBHS_IRQHandler
                0x0000000000002098                TIM9_BRK_IRQHandler
                0x000000000000209c                TIM9_TRG_COM_IRQHandler
                0x000000000000209e                TIM9_CC_IRQHandler
                0x00000000000020a0                TIM10_BRK_IRQHandler
                0x00000000000020a4                TIM10_TRG_COM_IRQHandler
                0x00000000000020a6                TIM10_CC_IRQHandler
                0x00000000000020a8                DMA2_Channel6_IRQHandler
                0x00000000000020aa                DMA2_Channel7_IRQHandler
                0x00000000000020ac                DMA2_Channel8_IRQHandler
                0x00000000000020ae                DMA2_Channel9_IRQHandler
                0x00000000000020b0                DMA2_Channel10_IRQHandler
                0x00000000000020b2                DMA2_Channel11_IRQHandler
 .text.handle_reset
                0x00000000000020b4       0x8e ./sdk/Startup/startup_ch32v30x.o
                0x00000000000020b4                handle_reset
 .text.SystemInit
                0x0000000000002142       0x7c ./sdk/Startup/system_ch32v30x.o
                0x0000000000002142                SystemInit
 .text.SetSysClock
                0x00000000000021be       0x14 ./sdk/Startup/system_ch32v30x.o
 .text.SetSysClockTo144
                0x00000000000021d2      0x162 ./sdk/Startup/system_ch32v30x.o
 .text.EXTI_GetITStatus
                0x0000000000002334       0x56 ./sdk/Peripheral/ch32v30x_exti.o
                0x0000000000002334                EXTI_GetITStatus
 .text.EXTI_ClearITPendingBit
                0x000000000000238a       0x20 ./sdk/Peripheral/ch32v30x_exti.o
                0x000000000000238a                EXTI_ClearITPendingBit
 .text.GPIO_Init
                0x00000000000023aa      0x22a ./sdk/Peripheral/ch32v30x_gpio.o
                0x00000000000023aa                GPIO_Init
 .text.GPIO_ReadInputDataBit
                0x00000000000025d4       0x3a ./sdk/Peripheral/ch32v30x_gpio.o
                0x00000000000025d4                GPIO_ReadInputDataBit
 .text.GPIO_SetBits
                0x000000000000260e       0x22 ./sdk/Peripheral/ch32v30x_gpio.o
                0x000000000000260e                GPIO_SetBits
 .text.GPIO_ResetBits
                0x0000000000002630       0x22 ./sdk/Peripheral/ch32v30x_gpio.o
                0x0000000000002630                GPIO_ResetBits
 .text.GPIO_WriteBit
                0x0000000000002652       0x38 ./sdk/Peripheral/ch32v30x_gpio.o
                0x0000000000002652                GPIO_WriteBit
 .text.GPIO_PinRemapConfig
                0x000000000000268a      0x13c ./sdk/Peripheral/ch32v30x_gpio.o
                0x000000000000268a                GPIO_PinRemapConfig
 .text.RCC_GetClocksFreq
                0x00000000000027c6      0x2ca ./sdk/Peripheral/ch32v30x_rcc.o
                0x00000000000027c6                RCC_GetClocksFreq
 .text.RCC_APB2PeriphClockCmd
                0x0000000000002a90       0x46 ./sdk/Peripheral/ch32v30x_rcc.o
                0x0000000000002a90                RCC_APB2PeriphClockCmd
 .text.RCC_APB1PeriphClockCmd
                0x0000000000002ad6       0x46 ./sdk/Peripheral/ch32v30x_rcc.o
                0x0000000000002ad6                RCC_APB1PeriphClockCmd
 .text.RCC_APB2PeriphResetCmd
                0x0000000000002b1c       0x46 ./sdk/Peripheral/ch32v30x_rcc.o
                0x0000000000002b1c                RCC_APB2PeriphResetCmd
 .text.RCC_APB1PeriphResetCmd
                0x0000000000002b62       0x46 ./sdk/Peripheral/ch32v30x_rcc.o
                0x0000000000002b62                RCC_APB1PeriphResetCmd
 .text.SPI_I2S_DeInit
                0x0000000000002ba8       0x6a ./sdk/Peripheral/ch32v30x_spi.o
                0x0000000000002ba8                SPI_I2S_DeInit
 .text.SPI_Init
                0x0000000000002c12       0xf8 ./sdk/Peripheral/ch32v30x_spi.o
                0x0000000000002c12                SPI_Init
 .text.SPI_Cmd  0x0000000000002d0a       0x5a ./sdk/Peripheral/ch32v30x_spi.o
                0x0000000000002d0a                SPI_Cmd
 .text.TIM_GetITStatus
                0x0000000000002d64       0x70 ./sdk/Peripheral/ch32v30x_tim.o
                0x0000000000002d64                TIM_GetITStatus
 .text.TIM_ClearITPendingBit
                0x0000000000002dd4       0x2e ./sdk/Peripheral/ch32v30x_tim.o
                0x0000000000002dd4                TIM_ClearITPendingBit
 .text.USART_Init
                0x0000000000002e02      0x234 ./sdk/Peripheral/ch32v30x_usart.o
                0x0000000000002e02                USART_Init
 .text.USART_Cmd
                0x0000000000003036       0x60 ./sdk/Peripheral/ch32v30x_usart.o
                0x0000000000003036                USART_Cmd
 .text.USART_ITConfig
                0x0000000000003096       0xc4 ./sdk/Peripheral/ch32v30x_usart.o
                0x0000000000003096                USART_ITConfig
 .text.USART_SendData
                0x000000000000315a       0x2e ./sdk/Peripheral/ch32v30x_usart.o
                0x000000000000315a                USART_SendData
 .text.USART_GetFlagStatus
                0x0000000000003188       0x46 ./sdk/Peripheral/ch32v30x_usart.o
                0x0000000000003188                USART_GetFlagStatus
 .text.USART_GetITStatus
                0x00000000000031ce      0x102 ./sdk/Peripheral/ch32v30x_usart.o
                0x00000000000031ce                USART_GetITStatus
 .text.USART_ClearITPendingBit
                0x00000000000032d0       0x4e ./sdk/Peripheral/ch32v30x_usart.o
                0x00000000000032d0                USART_ClearITPendingBit
 .text.DevEP1_IN_Deal
                0x000000000000331e       0x3e ./sdk/Peripheral/ch32v30x_usbotg_device.o
                0x000000000000331e                DevEP1_IN_Deal
 .text.DevEP2_IN_Deal
                0x000000000000335c       0x3e ./sdk/Peripheral/ch32v30x_usbotg_device.o
                0x000000000000335c                DevEP2_IN_Deal
 .text.DevEP1_OUT_Deal
                0x000000000000339a       0x64 ./sdk/Peripheral/ch32v30x_usbotg_device.o
                0x000000000000339a                DevEP1_OUT_Deal
 .text.DevEP2_OUT_Deal
                0x00000000000033fe       0x64 ./sdk/Peripheral/ch32v30x_usbotg_device.o
                0x00000000000033fe                DevEP2_OUT_Deal
 .text.OTG_FS_IRQHandler
                0x0000000000003462      0xc7c ./sdk/Peripheral/ch32v30x_usbotg_device.o
                0x0000000000003462                OTG_FS_IRQHandler
 .text.NVIC_EnableIRQ
                0x00000000000040de       0x32 ./platform/deca_mutex.o
 .text.NVIC_DisableIRQ
                0x0000000000004110       0x32 ./platform/deca_mutex.o
 .text.decamutexon
                0x0000000000004142       0x2a ./platform/deca_mutex.o
                0x0000000000004142                decamutexon
 .text.decamutexoff
                0x000000000000416c       0x22 ./platform/deca_mutex.o
                0x000000000000416c                decamutexoff
 .text.deca_sleep
                0x000000000000418e       0x1c ./platform/deca_sleep.o
                0x000000000000418e                deca_sleep
 .text.sleep_ms
                0x00000000000041aa       0x1c ./platform/deca_sleep.o
                0x00000000000041aa                sleep_ms
 .text.writetospi
                0x00000000000041c6       0x9e ./platform/deca_spi.o
                0x00000000000041c6                writetospi
 .text.readfromspi
                0x0000000000004264       0xa2 ./platform/deca_spi.o
                0x0000000000004264                readfromspi
 .text.NVIC_EnableIRQ
                0x0000000000004306       0x32 ./platform/port.o
 .text.NVIC_DisableIRQ
                0x0000000000004338       0x32 ./platform/port.o
 .text.Delay_Ms
                0x000000000000436a       0x74 ./platform/port.o
                0x000000000000436a                Delay_Ms
 .text.EXTI_GetITEnStatus
                0x00000000000043de       0x44 ./platform/port.o
                0x00000000000043de                EXTI_GetITEnStatus
 .text.SPI_ChangeRate
                0x0000000000004422       0x4a ./platform/port.o
                0x0000000000004422                SPI_ChangeRate
 .text.spi_set_rate_high
                0x000000000000446c       0x18 ./platform/port.o
                0x000000000000446c                spi_set_rate_high
 .text.SPI_DW_Configuration
                0x0000000000004484      0x122 ./platform/port.o
                0x0000000000004484                SPI_DW_Configuration
 .text.reset_DW1000
                0x00000000000045a6       0x72 ./platform/port.o
                0x00000000000045a6                reset_DW1000
 .text.port_set_deca_isr
                0x0000000000004618       0x40 ./platform/port.o
                0x0000000000004618                port_set_deca_isr
 .text.GPIO_RCC_Configuration
                0x0000000000004658       0x34 ./platform/port.o
                0x0000000000004658                GPIO_RCC_Configuration
 .text.dwt_initialise
                0x000000000000468c      0x1b0 ./decadriver/deca_device.o
                0x000000000000468c                dwt_initialise
 .text.dwt_readdevid
                0x000000000000483c       0x1c ./decadriver/deca_device.o
                0x000000000000483c                dwt_readdevid
 .text.dwt_configure
                0x0000000000004858      0x3ba ./decadriver/deca_device.o
                0x0000000000004858                dwt_configure
 .text.dwt_setrxantennadelay
                0x0000000000004c12       0x2a ./decadriver/deca_device.o
                0x0000000000004c12                dwt_setrxantennadelay
 .text.dwt_settxantennadelay
                0x0000000000004c3c       0x24 ./decadriver/deca_device.o
                0x0000000000004c3c                dwt_settxantennadelay
 .text.dwt_writetxdata
                0x0000000000004c60       0x54 ./decadriver/deca_device.o
                0x0000000000004c60                dwt_writetxdata
 .text.dwt_writetxfctrl
                0x0000000000004cb4       0x4e ./decadriver/deca_device.o
                0x0000000000004cb4                dwt_writetxfctrl
 .text.dwt_readrxdata
                0x0000000000004d02       0x38 ./decadriver/deca_device.o
                0x0000000000004d02                dwt_readrxdata
 .text.dwt_readtxtimestamp
                0x0000000000004d3a       0x22 ./decadriver/deca_device.o
                0x0000000000004d3a                dwt_readtxtimestamp
 .text.dwt_readrxtimestamp
                0x0000000000004d5c       0x22 ./decadriver/deca_device.o
                0x0000000000004d5c                dwt_readrxtimestamp
 .text.dwt_writetodevice
                0x0000000000004d7e      0x114 ./decadriver/deca_device.o
                0x0000000000004d7e                dwt_writetodevice
 .text.dwt_readfromdevice
                0x0000000000004e92      0x10c ./decadriver/deca_device.o
                0x0000000000004e92                dwt_readfromdevice
 .text.dwt_read32bitoffsetreg
                0x0000000000004f9e       0x74 ./decadriver/deca_device.o
                0x0000000000004f9e                dwt_read32bitoffsetreg
 .text.dwt_read16bitoffsetreg
                0x0000000000005012       0x5e ./decadriver/deca_device.o
                0x0000000000005012                dwt_read16bitoffsetreg
 .text.dwt_read8bitoffsetreg
                0x0000000000005070       0x3c ./decadriver/deca_device.o
                0x0000000000005070                dwt_read8bitoffsetreg
 .text.dwt_write8bitoffsetreg
                0x00000000000050ac       0x3e ./decadriver/deca_device.o
                0x00000000000050ac                dwt_write8bitoffsetreg
 .text.dwt_write16bitoffsetreg
                0x00000000000050ea       0x5c ./decadriver/deca_device.o
                0x00000000000050ea                dwt_write16bitoffsetreg
 .text.dwt_write32bitoffsetreg
                0x0000000000005146       0x76 ./decadriver/deca_device.o
                0x0000000000005146                dwt_write32bitoffsetreg
 .text._dwt_otpread
                0x00000000000051bc       0x54 ./decadriver/deca_device.o
                0x00000000000051bc                _dwt_otpread
 .text._dwt_aonarrayupload
                0x0000000000005210       0x2a ./decadriver/deca_device.o
                0x0000000000005210                _dwt_aonarrayupload
 .text._dwt_configlde
                0x000000000000523a       0x56 ./decadriver/deca_device.o
                0x000000000000523a                _dwt_configlde
 .text._dwt_loaducodefromrom
                0x0000000000005290       0x2c ./decadriver/deca_device.o
                0x0000000000005290                _dwt_loaducodefromrom
 .text.dwt_setrxaftertxdelay
                0x00000000000052bc       0x52 ./decadriver/deca_device.o
                0x00000000000052bc                dwt_setrxaftertxdelay
 .text.dwt_isr  0x000000000000530e      0x1dc ./decadriver/deca_device.o
                0x000000000000530e                dwt_isr
 .text._dwt_enableclocks
                0x00000000000054ea      0x168 ./decadriver/deca_device.o
                0x00000000000054ea                _dwt_enableclocks
 .text._dwt_disablesequencing
                0x0000000000005652       0x24 ./decadriver/deca_device.o
                0x0000000000005652                _dwt_disablesequencing
 .text.dwt_setdelayedtrxtime
                0x0000000000005676       0x22 ./decadriver/deca_device.o
                0x0000000000005676                dwt_setdelayedtrxtime
 .text.dwt_starttx
                0x0000000000005698       0xd0 ./decadriver/deca_device.o
                0x0000000000005698                dwt_starttx
 .text.dwt_forcetrxoff
                0x0000000000005768       0x6a ./decadriver/deca_device.o
                0x0000000000005768                dwt_forcetrxoff
 .text.dwt_syncrxbufptrs
                0x00000000000057d2       0x3c ./decadriver/deca_device.o
                0x00000000000057d2                dwt_syncrxbufptrs
 .text.dwt_setrxtimeout
                0x000000000000580e       0x94 ./decadriver/deca_device.o
                0x000000000000580e                dwt_setrxtimeout
 .text.dwt_setpreambledetecttimeout
                0x00000000000058a2       0x2a ./decadriver/deca_device.o
                0x00000000000058a2                dwt_setpreambledetecttimeout
 .text.dwt_rxreset
                0x00000000000058cc       0x2e ./decadriver/deca_device.o
                0x00000000000058cc                dwt_rxreset
 .text.dwt_softreset
                0x00000000000058fa       0x5a ./decadriver/deca_device.o
                0x00000000000058fa                dwt_softreset
 .text.dwt_setxtaltrim
                0x0000000000005954       0x3e ./decadriver/deca_device.o
                0x0000000000005954                dwt_setxtaltrim
 .text.__adddf3
                0x0000000000005992      0x730 d:/mounriver/mounriver_studio/toolchain/risc-v embedded gcc/bin/../lib/gcc/riscv-none-embed/8.2.0/rv32imac/ilp32\libgcc.a(adddf3.o)
                0x0000000000005992                __adddf3
 .text.__divdf3
                0x00000000000060c2      0x5b4 d:/mounriver/mounriver_studio/toolchain/risc-v embedded gcc/bin/../lib/gcc/riscv-none-embed/8.2.0/rv32imac/ilp32\libgcc.a(divdf3.o)
                0x00000000000060c2                __divdf3
 .text.__eqdf2  0x0000000000006676       0x6a d:/mounriver/mounriver_studio/toolchain/risc-v embedded gcc/bin/../lib/gcc/riscv-none-embed/8.2.0/rv32imac/ilp32\libgcc.a(eqdf2.o)
                0x0000000000006676                __nedf2
                0x0000000000006676                __eqdf2
 .text.__ledf2  0x00000000000066e0       0xb6 d:/mounriver/mounriver_studio/toolchain/risc-v embedded gcc/bin/../lib/gcc/riscv-none-embed/8.2.0/rv32imac/ilp32\libgcc.a(ledf2.o)
                0x00000000000066e0                __ledf2
                0x00000000000066e0                __ltdf2
 .text.__muldf3
                0x0000000000006796      0x4b8 d:/mounriver/mounriver_studio/toolchain/risc-v embedded gcc/bin/../lib/gcc/riscv-none-embed/8.2.0/rv32imac/ilp32\libgcc.a(muldf3.o)
                0x0000000000006796                __muldf3
 .text.__subdf3
                0x0000000000006c4e      0x73a d:/mounriver/mounriver_studio/toolchain/risc-v embedded gcc/bin/../lib/gcc/riscv-none-embed/8.2.0/rv32imac/ilp32\libgcc.a(subdf3.o)
                0x0000000000006c4e                __subdf3
 .text.__fixdfsi
                0x0000000000007388       0x68 d:/mounriver/mounriver_studio/toolchain/risc-v embedded gcc/bin/../lib/gcc/riscv-none-embed/8.2.0/rv32imac/ilp32\libgcc.a(fixdfsi.o)
                0x0000000000007388                __fixdfsi
 .text.__floatsidf
                0x00000000000073f0       0x70 d:/mounriver/mounriver_studio/toolchain/risc-v embedded gcc/bin/../lib/gcc/riscv-none-embed/8.2.0/rv32imac/ilp32\libgcc.a(floatsidf.o)
                0x00000000000073f0                __floatsidf
 .text.__clzsi2
                0x0000000000007460       0x76 d:/mounriver/mounriver_studio/toolchain/risc-v embedded gcc/bin/../lib/gcc/riscv-none-embed/8.2.0/rv32imac/ilp32\libgcc.a(_clzsi2.o)
                0x0000000000007460                __clzsi2
 .text.memcmp   0x00000000000074d6       0x26 d:/mounriver/mounriver_studio/toolchain/risc-v embedded gcc/bin/../lib/gcc/riscv-none-embed/8.2.0/../../../../riscv-none-embed/lib/rv32imac/ilp32\libg_nano.a(lib_a-memcmp.o)
                0x00000000000074d6                memcmp
 .text.memcpy   0x00000000000074fc       0xb6 d:/mounriver/mounriver_studio/toolchain/risc-v embedded gcc/bin/../lib/gcc/riscv-none-embed/8.2.0/../../../../riscv-none-embed/lib/rv32imac/ilp32\libg_nano.a(lib_a-memcpy.o)
                0x00000000000074fc                memcpy
 .text.__cvt    0x00000000000075b2       0xee d:/mounriver/mounriver_studio/toolchain/risc-v embedded gcc/bin/../lib/gcc/riscv-none-embed/8.2.0/../../../../riscv-none-embed/lib/rv32imac/ilp32\libg_nano.a(lib_a-nano-vfprintf_float.o)
                0x00000000000075b2                __cvt
 .text.__exponent
                0x00000000000076a0       0x8c d:/mounriver/mounriver_studio/toolchain/risc-v embedded gcc/bin/../lib/gcc/riscv-none-embed/8.2.0/../../../../riscv-none-embed/lib/rv32imac/ilp32\libg_nano.a(lib_a-nano-vfprintf_float.o)
                0x00000000000076a0                __exponent
 .text._printf_float
                0x000000000000772c      0x4c4 d:/mounriver/mounriver_studio/toolchain/risc-v embedded gcc/bin/../lib/gcc/riscv-none-embed/8.2.0/../../../../riscv-none-embed/lib/rv32imac/ilp32\libg_nano.a(lib_a-nano-vfprintf_float.o)
                0x000000000000772c                _printf_float
 .text._printf_common
                0x0000000000007bf0      0x10c d:/mounriver/mounriver_studio/toolchain/risc-v embedded gcc/bin/../lib/gcc/riscv-none-embed/8.2.0/../../../../riscv-none-embed/lib/rv32imac/ilp32\libg_nano.a(lib_a-nano-vfprintf_i.o)
                0x0000000000007bf0                _printf_common
 .text._printf_i
                0x0000000000007cfc      0x2ac d:/mounriver/mounriver_studio/toolchain/risc-v embedded gcc/bin/../lib/gcc/riscv-none-embed/8.2.0/../../../../riscv-none-embed/lib/rv32imac/ilp32\libg_nano.a(lib_a-nano-vfprintf_i.o)
                0x0000000000007cfc                _printf_i
 .text.printf   0x0000000000007fa8       0x42 d:/mounriver/mounriver_studio/toolchain/risc-v embedded gcc/bin/../lib/gcc/riscv-none-embed/8.2.0/../../../../riscv-none-embed/lib/rv32imac/ilp32\libg_nano.a(lib_a-printf.o)
                0x0000000000007fa8                iprintf
                0x0000000000007fa8                printf
 .text.strlen   0x0000000000007fea       0x12 d:/mounriver/mounriver_studio/toolchain/risc-v embedded gcc/bin/../lib/gcc/riscv-none-embed/8.2.0/../../../../riscv-none-embed/lib/rv32imac/ilp32\libg_nano.a(lib_a-strlen.o)
                0x0000000000007fea                strlen
 .text.__swbuf_r
                0x0000000000007ffc       0xc6 d:/mounriver/mounriver_studio/toolchain/risc-v embedded gcc/bin/../lib/gcc/riscv-none-embed/8.2.0/../../../../riscv-none-embed/lib/rv32imac/ilp32\libg_nano.a(lib_a-wbuf.o)
                0x0000000000007ffc                __swbuf_r
 .text.__swsetup_r
                0x00000000000080c2      0x112 d:/mounriver/mounriver_studio/toolchain/risc-v embedded gcc/bin/../lib/gcc/riscv-none-embed/8.2.0/../../../../riscv-none-embed/lib/rv32imac/ilp32\libg_nano.a(lib_a-wsetup.o)
                0x00000000000080c2                __swsetup_r
 .text.quorem   0x00000000000081d4      0x13a d:/mounriver/mounriver_studio/toolchain/risc-v embedded gcc/bin/../lib/gcc/riscv-none-embed/8.2.0/../../../../riscv-none-embed/lib/rv32imac/ilp32\libg_nano.a(lib_a-dtoa.o)
 .text._dtoa_r  0x000000000000830e      0xc1e d:/mounriver/mounriver_studio/toolchain/risc-v embedded gcc/bin/../lib/gcc/riscv-none-embed/8.2.0/../../../../riscv-none-embed/lib/rv32imac/ilp32\libg_nano.a(lib_a-dtoa.o)
                0x000000000000830e                _dtoa_r
 .text.__sflush_r
                0x0000000000008f2c      0x13e d:/mounriver/mounriver_studio/toolchain/risc-v embedded gcc/bin/../lib/gcc/riscv-none-embed/8.2.0/../../../../riscv-none-embed/lib/rv32imac/ilp32\libg_nano.a(lib_a-fflush.o)
                0x0000000000008f2c                __sflush_r
 .text._fflush_r
                0x000000000000906a       0x66 d:/mounriver/mounriver_studio/toolchain/risc-v embedded gcc/bin/../lib/gcc/riscv-none-embed/8.2.0/../../../../riscv-none-embed/lib/rv32imac/ilp32\libg_nano.a(lib_a-fflush.o)
                0x000000000000906a                _fflush_r
 .text.std      0x00000000000090d0       0x6a d:/mounriver/mounriver_studio/toolchain/risc-v embedded gcc/bin/../lib/gcc/riscv-none-embed/8.2.0/../../../../riscv-none-embed/lib/rv32imac/ilp32\libg_nano.a(lib_a-findfp.o)
 .text._cleanup_r
                0x000000000000913a        0xa d:/mounriver/mounriver_studio/toolchain/risc-v embedded gcc/bin/../lib/gcc/riscv-none-embed/8.2.0/../../../../riscv-none-embed/lib/rv32imac/ilp32\libg_nano.a(lib_a-findfp.o)
                0x000000000000913a                _cleanup_r
 .text.__sfmoreglue
                0x0000000000009144       0x48 d:/mounriver/mounriver_studio/toolchain/risc-v embedded gcc/bin/../lib/gcc/riscv-none-embed/8.2.0/../../../../riscv-none-embed/lib/rv32imac/ilp32\libg_nano.a(lib_a-findfp.o)
                0x0000000000009144                __sfmoreglue
 .text.__sinit  0x000000000000918c       0x6c d:/mounriver/mounriver_studio/toolchain/risc-v embedded gcc/bin/../lib/gcc/riscv-none-embed/8.2.0/../../../../riscv-none-embed/lib/rv32imac/ilp32\libg_nano.a(lib_a-findfp.o)
                0x000000000000918c                __sinit
 .text.__sfp    0x00000000000091f8       0xa0 d:/mounriver/mounriver_studio/toolchain/risc-v embedded gcc/bin/../lib/gcc/riscv-none-embed/8.2.0/../../../../riscv-none-embed/lib/rv32imac/ilp32\libg_nano.a(lib_a-findfp.o)
                0x00000000000091f8                __sfp
 .text._fwalk_reent
                0x0000000000009298       0x6c d:/mounriver/mounriver_studio/toolchain/risc-v embedded gcc/bin/../lib/gcc/riscv-none-embed/8.2.0/../../../../riscv-none-embed/lib/rv32imac/ilp32\libg_nano.a(lib_a-fwalk.o)
                0x0000000000009298                _fwalk_reent
 .text._localeconv_r
                0x0000000000009304       0x18 d:/mounriver/mounriver_studio/toolchain/risc-v embedded gcc/bin/../lib/gcc/riscv-none-embed/8.2.0/../../../../riscv-none-embed/lib/rv32imac/ilp32\libg_nano.a(lib_a-localeconv.o)
                0x0000000000009304                _localeconv_r
 .text.__swhatbuf_r
                0x000000000000931c       0x5a d:/mounriver/mounriver_studio/toolchain/risc-v embedded gcc/bin/../lib/gcc/riscv-none-embed/8.2.0/../../../../riscv-none-embed/lib/rv32imac/ilp32\libg_nano.a(lib_a-makebuf.o)
                0x000000000000931c                __swhatbuf_r
 .text.__smakebuf_r
                0x0000000000009376       0xa2 d:/mounriver/mounriver_studio/toolchain/risc-v embedded gcc/bin/../lib/gcc/riscv-none-embed/8.2.0/../../../../riscv-none-embed/lib/rv32imac/ilp32\libg_nano.a(lib_a-makebuf.o)
                0x0000000000009376                __smakebuf_r
 .text.malloc   0x0000000000009418        0xc d:/mounriver/mounriver_studio/toolchain/risc-v embedded gcc/bin/../lib/gcc/riscv-none-embed/8.2.0/../../../../riscv-none-embed/lib/rv32imac/ilp32\libg_nano.a(lib_a-malloc.o)
                0x0000000000009418                malloc
 .text.memchr   0x0000000000009424       0x1a d:/mounriver/mounriver_studio/toolchain/risc-v embedded gcc/bin/../lib/gcc/riscv-none-embed/8.2.0/../../../../riscv-none-embed/lib/rv32imac/ilp32\libg_nano.a(lib_a-memchr.o)
                0x0000000000009424                memchr
 .text._Balloc  0x000000000000943e       0x88 d:/mounriver/mounriver_studio/toolchain/risc-v embedded gcc/bin/../lib/gcc/riscv-none-embed/8.2.0/../../../../riscv-none-embed/lib/rv32imac/ilp32\libg_nano.a(lib_a-mprec.o)
                0x000000000000943e                _Balloc
 .text._Bfree   0x00000000000094c6       0x44 d:/mounriver/mounriver_studio/toolchain/risc-v embedded gcc/bin/../lib/gcc/riscv-none-embed/8.2.0/../../../../riscv-none-embed/lib/rv32imac/ilp32\libg_nano.a(lib_a-mprec.o)
                0x00000000000094c6                _Bfree
 .text.__multadd
                0x000000000000950a       0x98 d:/mounriver/mounriver_studio/toolchain/risc-v embedded gcc/bin/../lib/gcc/riscv-none-embed/8.2.0/../../../../riscv-none-embed/lib/rv32imac/ilp32\libg_nano.a(lib_a-mprec.o)
                0x000000000000950a                __multadd
 .text.__hi0bits
                0x00000000000095a2       0x46 d:/mounriver/mounriver_studio/toolchain/risc-v embedded gcc/bin/../lib/gcc/riscv-none-embed/8.2.0/../../../../riscv-none-embed/lib/rv32imac/ilp32\libg_nano.a(lib_a-mprec.o)
                0x00000000000095a2                __hi0bits
 .text.__lo0bits
                0x00000000000095e8       0x6a d:/mounriver/mounriver_studio/toolchain/risc-v embedded gcc/bin/../lib/gcc/riscv-none-embed/8.2.0/../../../../riscv-none-embed/lib/rv32imac/ilp32\libg_nano.a(lib_a-mprec.o)
                0x00000000000095e8                __lo0bits
 .text.__i2b    0x0000000000009652       0x1c d:/mounriver/mounriver_studio/toolchain/risc-v embedded gcc/bin/../lib/gcc/riscv-none-embed/8.2.0/../../../../riscv-none-embed/lib/rv32imac/ilp32\libg_nano.a(lib_a-mprec.o)
                0x0000000000009652                __i2b
 .text.__multiply
                0x000000000000966e      0x144 d:/mounriver/mounriver_studio/toolchain/risc-v embedded gcc/bin/../lib/gcc/riscv-none-embed/8.2.0/../../../../riscv-none-embed/lib/rv32imac/ilp32\libg_nano.a(lib_a-mprec.o)
                0x000000000000966e                __multiply
 .text.__pow5mult
                0x00000000000097b2       0xbe d:/mounriver/mounriver_studio/toolchain/risc-v embedded gcc/bin/../lib/gcc/riscv-none-embed/8.2.0/../../../../riscv-none-embed/lib/rv32imac/ilp32\libg_nano.a(lib_a-mprec.o)
                0x00000000000097b2                __pow5mult
 .text.__lshift
                0x0000000000009870       0xce d:/mounriver/mounriver_studio/toolchain/risc-v embedded gcc/bin/../lib/gcc/riscv-none-embed/8.2.0/../../../../riscv-none-embed/lib/rv32imac/ilp32\libg_nano.a(lib_a-mprec.o)
                0x0000000000009870                __lshift
 .text.__mcmp   0x000000000000993e       0x32 d:/mounriver/mounriver_studio/toolchain/risc-v embedded gcc/bin/../lib/gcc/riscv-none-embed/8.2.0/../../../../riscv-none-embed/lib/rv32imac/ilp32\libg_nano.a(lib_a-mprec.o)
                0x000000000000993e                __mcmp
 .text.__mdiff  0x0000000000009970       0xf2 d:/mounriver/mounriver_studio/toolchain/risc-v embedded gcc/bin/../lib/gcc/riscv-none-embed/8.2.0/../../../../riscv-none-embed/lib/rv32imac/ilp32\libg_nano.a(lib_a-mprec.o)
                0x0000000000009970                __mdiff
 .text.__d2b    0x0000000000009a62       0xd4 d:/mounriver/mounriver_studio/toolchain/risc-v embedded gcc/bin/../lib/gcc/riscv-none-embed/8.2.0/../../../../riscv-none-embed/lib/rv32imac/ilp32\libg_nano.a(lib_a-mprec.o)
                0x0000000000009a62                __d2b
 .text._calloc_r
                0x0000000000009b36       0x26 d:/mounriver/mounriver_studio/toolchain/risc-v embedded gcc/bin/../lib/gcc/riscv-none-embed/8.2.0/../../../../riscv-none-embed/lib/rv32imac/ilp32\libg_nano.a(lib_a-nano-callocr.o)
                0x0000000000009b36                _calloc_r
 .text._free_r  0x0000000000009b5c       0xa4 d:/mounriver/mounriver_studio/toolchain/risc-v embedded gcc/bin/../lib/gcc/riscv-none-embed/8.2.0/../../../../riscv-none-embed/lib/rv32imac/ilp32\libg_nano.a(lib_a-nano-freer.o)
                0x0000000000009b5c                _free_r
 .text._malloc_r
                0x0000000000009c00       0xce d:/mounriver/mounriver_studio/toolchain/risc-v embedded gcc/bin/../lib/gcc/riscv-none-embed/8.2.0/../../../../riscv-none-embed/lib/rv32imac/ilp32\libg_nano.a(lib_a-nano-mallocr.o)
                0x0000000000009c00                _malloc_r
 .text.__sfputc_r
                0x0000000000009cce       0x2a d:/mounriver/mounriver_studio/toolchain/risc-v embedded gcc/bin/../lib/gcc/riscv-none-embed/8.2.0/../../../../riscv-none-embed/lib/rv32imac/ilp32\libg_nano.a(lib_a-nano-vfprintf.o)
 .text.__sfputs_r
                0x0000000000009cf8       0x44 d:/mounriver/mounriver_studio/toolchain/risc-v embedded gcc/bin/../lib/gcc/riscv-none-embed/8.2.0/../../../../riscv-none-embed/lib/rv32imac/ilp32\libg_nano.a(lib_a-nano-vfprintf.o)
                0x0000000000009cf8                __sfputs_r
 .text._vfprintf_r
                0x0000000000009d3c      0x2a0 d:/mounriver/mounriver_studio/toolchain/risc-v embedded gcc/bin/../lib/gcc/riscv-none-embed/8.2.0/../../../../riscv-none-embed/lib/rv32imac/ilp32\libg_nano.a(lib_a-nano-vfprintf.o)
                0x0000000000009d3c                _vfprintf_r
                0x0000000000009d3c                _vfiprintf_r
 .text._sbrk_r  0x0000000000009fdc       0x28 d:/mounriver/mounriver_studio/toolchain/risc-v embedded gcc/bin/../lib/gcc/riscv-none-embed/8.2.0/../../../../riscv-none-embed/lib/rv32imac/ilp32\libg_nano.a(lib_a-sbrkr.o)
                0x0000000000009fdc                _sbrk_r
 .text.__sread  0x000000000000a004       0x30 d:/mounriver/mounriver_studio/toolchain/risc-v embedded gcc/bin/../lib/gcc/riscv-none-embed/8.2.0/../../../../riscv-none-embed/lib/rv32imac/ilp32\libg_nano.a(lib_a-stdio.o)
                0x000000000000a004                __sread
 .text.__swrite
                0x000000000000a034       0x4e d:/mounriver/mounriver_studio/toolchain/risc-v embedded gcc/bin/../lib/gcc/riscv-none-embed/8.2.0/../../../../riscv-none-embed/lib/rv32imac/ilp32\libg_nano.a(lib_a-stdio.o)
                0x000000000000a034                __swrite
 .text.__sseek  0x000000000000a082       0x36 d:/mounriver/mounriver_studio/toolchain/risc-v embedded gcc/bin/../lib/gcc/riscv-none-embed/8.2.0/../../../../riscv-none-embed/lib/rv32imac/ilp32\libg_nano.a(lib_a-stdio.o)
                0x000000000000a082                __sseek
 .text.__sclose
                0x000000000000a0b8        0x6 d:/mounriver/mounriver_studio/toolchain/risc-v embedded gcc/bin/../lib/gcc/riscv-none-embed/8.2.0/../../../../riscv-none-embed/lib/rv32imac/ilp32\libg_nano.a(lib_a-stdio.o)
                0x000000000000a0b8                __sclose
 .text._write_r
                0x000000000000a0be       0x2e d:/mounriver/mounriver_studio/toolchain/risc-v embedded gcc/bin/../lib/gcc/riscv-none-embed/8.2.0/../../../../riscv-none-embed/lib/rv32imac/ilp32\libg_nano.a(lib_a-writer.o)
                0x000000000000a0be                _write_r
 .text._close_r
                0x000000000000a0ec       0x28 d:/mounriver/mounriver_studio/toolchain/risc-v embedded gcc/bin/../lib/gcc/riscv-none-embed/8.2.0/../../../../riscv-none-embed/lib/rv32imac/ilp32\libg_nano.a(lib_a-closer.o)
                0x000000000000a0ec                _close_r
 .text._fstat_r
                0x000000000000a114       0x2a d:/mounriver/mounriver_studio/toolchain/risc-v embedded gcc/bin/../lib/gcc/riscv-none-embed/8.2.0/../../../../riscv-none-embed/lib/rv32imac/ilp32\libg_nano.a(lib_a-fstatr.o)
                0x000000000000a114                _fstat_r
 .text._isatty_r
                0x000000000000a13e       0x28 d:/mounriver/mounriver_studio/toolchain/risc-v embedded gcc/bin/../lib/gcc/riscv-none-embed/8.2.0/../../../../riscv-none-embed/lib/rv32imac/ilp32\libg_nano.a(lib_a-isattyr.o)
                0x000000000000a13e                _isatty_r
 .text._lseek_r
                0x000000000000a166       0x2c d:/mounriver/mounriver_studio/toolchain/risc-v embedded gcc/bin/../lib/gcc/riscv-none-embed/8.2.0/../../../../riscv-none-embed/lib/rv32imac/ilp32\libg_nano.a(lib_a-lseekr.o)
                0x000000000000a166                _lseek_r
 .text.__ascii_mbtowc
                0x000000000000a192       0x3a d:/mounriver/mounriver_studio/toolchain/risc-v embedded gcc/bin/../lib/gcc/riscv-none-embed/8.2.0/../../../../riscv-none-embed/lib/rv32imac/ilp32\libg_nano.a(lib_a-mbtowc_r.o)
                0x000000000000a192                __ascii_mbtowc
 .text.__malloc_lock
                0x000000000000a1cc        0x2 d:/mounriver/mounriver_studio/toolchain/risc-v embedded gcc/bin/../lib/gcc/riscv-none-embed/8.2.0/../../../../riscv-none-embed/lib/rv32imac/ilp32\libg_nano.a(lib_a-mlock.o)
                0x000000000000a1cc                __malloc_lock
 .text.__malloc_unlock
                0x000000000000a1ce        0x2 d:/mounriver/mounriver_studio/toolchain/risc-v embedded gcc/bin/../lib/gcc/riscv-none-embed/8.2.0/../../../../riscv-none-embed/lib/rv32imac/ilp32\libg_nano.a(lib_a-mlock.o)
                0x000000000000a1ce                __malloc_unlock
 .text._read_r  0x000000000000a1d0       0x2c d:/mounriver/mounriver_studio/toolchain/risc-v embedded gcc/bin/../lib/gcc/riscv-none-embed/8.2.0/../../../../riscv-none-embed/lib/rv32imac/ilp32\libg_nano.a(lib_a-readr.o)
                0x000000000000a1d0                _read_r
 .text.__ascii_wctomb
                0x000000000000a1fc       0x20 d:/mounriver/mounriver_studio/toolchain/risc-v embedded gcc/bin/../lib/gcc/riscv-none-embed/8.2.0/../../../../riscv-none-embed/lib/rv32imac/ilp32\libg_nano.a(lib_a-wctomb_r.o)
                0x000000000000a1fc                __ascii_wctomb
 .text.__gedf2  0x000000000000a21c       0xae d:/mounriver/mounriver_studio/toolchain/risc-v embedded gcc/bin/../lib/gcc/riscv-none-embed/8.2.0/rv32imac/ilp32\libgcc.a(gedf2.o)
                0x000000000000a21c                __gedf2
                0x000000000000a21c                __gtdf2
 .text.__unorddf2
                0x000000000000a2ca       0x3c d:/mounriver/mounriver_studio/toolchain/risc-v embedded gcc/bin/../lib/gcc/riscv-none-embed/8.2.0/rv32imac/ilp32\libgcc.a(unorddf2.o)
                0x000000000000a2ca                __unorddf2
 .text.__floatunsidf
                0x000000000000a306       0x68 d:/mounriver/mounriver_studio/toolchain/risc-v embedded gcc/bin/../lib/gcc/riscv-none-embed/8.2.0/rv32imac/ilp32\libgcc.a(floatunsidf.o)
                0x000000000000a306                __floatunsidf
 .text.__trunctfdf2
                0x000000000000a36e      0x21e d:/mounriver/mounriver_studio/toolchain/risc-v embedded gcc/bin/../lib/gcc/riscv-none-embed/8.2.0/rv32imac/ilp32\libgcc.a(trunctfdf2.o)
                0x000000000000a36e                __trunctfdf2
 .text._close   0x000000000000a58c        0xc d:/mounriver/mounriver_studio/toolchain/risc-v embedded gcc/bin/../lib/gcc/riscv-none-embed/8.2.0/../../../../riscv-none-embed/lib/rv32imac/ilp32\libnosys.a(close.o)
                0x000000000000a58c                _close
 .text._fstat   0x000000000000a598        0xc d:/mounriver/mounriver_studio/toolchain/risc-v embedded gcc/bin/../lib/gcc/riscv-none-embed/8.2.0/../../../../riscv-none-embed/lib/rv32imac/ilp32\libnosys.a(fstat.o)
                0x000000000000a598                _fstat
 .text._isatty  0x000000000000a5a4        0xc d:/mounriver/mounriver_studio/toolchain/risc-v embedded gcc/bin/../lib/gcc/riscv-none-embed/8.2.0/../../../../riscv-none-embed/lib/rv32imac/ilp32\libnosys.a(isatty.o)
                0x000000000000a5a4                _isatty
 .text._lseek   0x000000000000a5b0        0xc d:/mounriver/mounriver_studio/toolchain/risc-v embedded gcc/bin/../lib/gcc/riscv-none-embed/8.2.0/../../../../riscv-none-embed/lib/rv32imac/ilp32\libnosys.a(lseek.o)
                0x000000000000a5b0                _lseek
 .text._read    0x000000000000a5bc        0xc d:/mounriver/mounriver_studio/toolchain/risc-v embedded gcc/bin/../lib/gcc/riscv-none-embed/8.2.0/../../../../riscv-none-embed/lib/rv32imac/ilp32\libnosys.a(read.o)
                0x000000000000a5bc                _read
 .text._sbrk    0x000000000000a5c8       0x20 d:/mounriver/mounriver_studio/toolchain/risc-v embedded gcc/bin/../lib/gcc/riscv-none-embed/8.2.0/../../../../riscv-none-embed/lib/rv32imac/ilp32\libnosys.a(sbrk.o)
                0x000000000000a5c8                _sbrk
 *(.rodata)
 *fill*         0x000000000000a5e8        0x0 
 .rodata        0x000000000000a5e8        0x6 ./user_c/main.o
 *fill*         0x000000000000a5ee        0x2 
 .rodata        0x000000000000a5f0       0x41 ./sdk/Peripheral/ch32v30x_usbotg_device.o
 *(.rodata*)
 *fill*         0x000000000000a631        0x3 
 .rodata.gpio_group
                0x000000000000a634       0x14 ./zf_driver/zf_driver_gpio.o
                0x000000000000a634                gpio_group
 .rodata.spi_index
                0x000000000000a648        0xc ./zf_driver/zf_driver_spi.o
                0x000000000000a648                spi_index
 .rodata.uart_index
                0x000000000000a654       0x20 ./zf_driver/zf_driver_uart.o
                0x000000000000a654                uart_index
 .rodata.MyDevDescrHD
                0x000000000000a674       0x12 ./sdk/Peripheral/ch32v30x_usbotg_device.o
                0x000000000000a674                MyDevDescrHD
 *fill*         0x000000000000a686        0x2 
 .rodata.MyCfgDescrHD
                0x000000000000a688       0x43 ./sdk/Peripheral/ch32v30x_usbotg_device.o
                0x000000000000a688                MyCfgDescrHD
 *fill*         0x000000000000a6cb        0x1 
 .rodata.MyReportDescHD
                0x000000000000a6cc       0x14 ./sdk/Peripheral/ch32v30x_usbotg_device.o
                0x000000000000a6cc                MyReportDescHD
 .rodata.MyManuInfoHD
                0x000000000000a6e0        0xe ./sdk/Peripheral/ch32v30x_usbotg_device.o
                0x000000000000a6e0                MyManuInfoHD
 *fill*         0x000000000000a6ee        0x2 
 .rodata.MyProdInfoHD
                0x000000000000a6f0        0xc ./sdk/Peripheral/ch32v30x_usbotg_device.o
                0x000000000000a6f0                MyProdInfoHD
 .rodata.MySerNumInfoHD
                0x000000000000a6fc       0x16 ./sdk/Peripheral/ch32v30x_usbotg_device.o
                0x000000000000a6fc                MySerNumInfoHD
 *fill*         0x000000000000a712        0x2 
 .rodata.MyUSBQUADescHD
                0x000000000000a714        0xa ./sdk/Peripheral/ch32v30x_usbotg_device.o
                0x000000000000a714                MyUSBQUADescHD
 *fill*         0x000000000000a71e        0x2 
 .rodata.OTG_FS_IRQHandler
                0x000000000000a720       0xbc ./sdk/Peripheral/ch32v30x_usbotg_device.o
 .rodata._dwt_enableclocks
                0x000000000000a7dc       0x3c ./decadriver/deca_device.o
 .rodata.tx_config
                0x000000000000a818       0x18 ./decadriver/deca_params_init.o
                0x000000000000a818                tx_config
 .rodata.fs_pll_cfg
                0x000000000000a830       0x18 ./decadriver/deca_params_init.o
                0x000000000000a830                fs_pll_cfg
 .rodata.sftsh  0x000000000000a848        0xc ./decadriver/deca_params_init.o
                0x000000000000a848                sftsh
 .rodata.digital_bb_config
                0x000000000000a854       0x20 ./decadriver/deca_params_init.o
                0x000000000000a854                digital_bb_config
 .rodata.lde_replicaCoeff
                0x000000000000a874       0x32 ./decadriver/deca_params_init.o
                0x000000000000a874                lde_replicaCoeff
 *fill*         0x000000000000a8a6        0x2 
 .rodata.__divdf3
                0x000000000000a8a8       0x40 d:/mounriver/mounriver_studio/toolchain/risc-v embedded gcc/bin/../lib/gcc/riscv-none-embed/8.2.0/rv32imac/ilp32\libgcc.a(divdf3.o)
 .rodata.__muldf3
                0x000000000000a8e8       0x40 d:/mounriver/mounriver_studio/toolchain/risc-v embedded gcc/bin/../lib/gcc/riscv-none-embed/8.2.0/rv32imac/ilp32\libgcc.a(muldf3.o)
 .rodata.__clz_tab
                0x000000000000a928      0x100 d:/mounriver/mounriver_studio/toolchain/risc-v embedded gcc/bin/../lib/gcc/riscv-none-embed/8.2.0/rv32imac/ilp32\libgcc.a(_clz.o)
                0x000000000000a928                __clz_tab
 .rodata._printf_float.cst8
                0x000000000000aa28        0x8 d:/mounriver/mounriver_studio/toolchain/risc-v embedded gcc/bin/../lib/gcc/riscv-none-embed/8.2.0/../../../../riscv-none-embed/lib/rv32imac/ilp32\libg_nano.a(lib_a-nano-vfprintf_float.o)
 .rodata._printf_float.str1.4
                0x000000000000aa30       0x12 d:/mounriver/mounriver_studio/toolchain/risc-v embedded gcc/bin/../lib/gcc/riscv-none-embed/8.2.0/../../../../riscv-none-embed/lib/rv32imac/ilp32\libg_nano.a(lib_a-nano-vfprintf_float.o)
 *fill*         0x000000000000aa42        0x2 
 .rodata._printf_i.str1.4
                0x000000000000aa44       0x25 d:/mounriver/mounriver_studio/toolchain/risc-v embedded gcc/bin/../lib/gcc/riscv-none-embed/8.2.0/../../../../riscv-none-embed/lib/rv32imac/ilp32\libg_nano.a(lib_a-nano-vfprintf_i.o)
 *fill*         0x000000000000aa69        0x7 
 .rodata._dtoa_r.cst8
                0x000000000000aa70       0x48 d:/mounriver/mounriver_studio/toolchain/risc-v embedded gcc/bin/../lib/gcc/riscv-none-embed/8.2.0/../../../../riscv-none-embed/lib/rv32imac/ilp32\libg_nano.a(lib_a-dtoa.o)
 .rodata._dtoa_r.str1.4
                0x000000000000aab8       0x10 d:/mounriver/mounriver_studio/toolchain/risc-v embedded gcc/bin/../lib/gcc/riscv-none-embed/8.2.0/../../../../riscv-none-embed/lib/rv32imac/ilp32\libg_nano.a(lib_a-dtoa.o)
                                         0x12 (size before relaxing)
 .rodata.__sf_fake_stderr
                0x000000000000aac8       0x20 d:/mounriver/mounriver_studio/toolchain/risc-v embedded gcc/bin/../lib/gcc/riscv-none-embed/8.2.0/../../../../riscv-none-embed/lib/rv32imac/ilp32\libg_nano.a(lib_a-findfp.o)
                0x000000000000aac8                __sf_fake_stderr
 .rodata.__sf_fake_stdin
                0x000000000000aae8       0x20 d:/mounriver/mounriver_studio/toolchain/risc-v embedded gcc/bin/../lib/gcc/riscv-none-embed/8.2.0/../../../../riscv-none-embed/lib/rv32imac/ilp32\libg_nano.a(lib_a-findfp.o)
                0x000000000000aae8                __sf_fake_stdin
 .rodata.__sf_fake_stdout
                0x000000000000ab08       0x20 d:/mounriver/mounriver_studio/toolchain/risc-v embedded gcc/bin/../lib/gcc/riscv-none-embed/8.2.0/../../../../riscv-none-embed/lib/rv32imac/ilp32\libg_nano.a(lib_a-findfp.o)
                0x000000000000ab08                __sf_fake_stdout
 .rodata.__mprec_bigtens
                0x000000000000ab28       0x28 d:/mounriver/mounriver_studio/toolchain/risc-v embedded gcc/bin/../lib/gcc/riscv-none-embed/8.2.0/../../../../riscv-none-embed/lib/rv32imac/ilp32\libg_nano.a(lib_a-mprec.o)
                0x000000000000ab28                __mprec_bigtens
 .rodata.__mprec_tens
                0x000000000000ab50       0xc8 d:/mounriver/mounriver_studio/toolchain/risc-v embedded gcc/bin/../lib/gcc/riscv-none-embed/8.2.0/../../../../riscv-none-embed/lib/rv32imac/ilp32\libg_nano.a(lib_a-mprec.o)
                0x000000000000ab50                __mprec_tens
 .rodata.p05.3319
                0x000000000000ac18        0xc d:/mounriver/mounriver_studio/toolchain/risc-v embedded gcc/bin/../lib/gcc/riscv-none-embed/8.2.0/../../../../riscv-none-embed/lib/rv32imac/ilp32\libg_nano.a(lib_a-mprec.o)
 .rodata._vfprintf_r.str1.4
                0x000000000000ac24       0x13 d:/mounriver/mounriver_studio/toolchain/risc-v embedded gcc/bin/../lib/gcc/riscv-none-embed/8.2.0/../../../../riscv-none-embed/lib/rv32imac/ilp32\libg_nano.a(lib_a-nano-vfprintf.o)
 *fill*         0x000000000000ac37        0x1 
 .rodata._setlocale_r.str1.4
                0x000000000000ac38        0xa d:/mounriver/mounriver_studio/toolchain/risc-v embedded gcc/bin/../lib/gcc/riscv-none-embed/8.2.0/../../../../riscv-none-embed/lib/rv32imac/ilp32\libg_nano.a(lib_a-locale.o)
                                          0xd (size before relaxing)
 *fill*         0x000000000000ac42        0x2 
 .rodata.str1.4
                0x000000000000ac44        0x4 d:/mounriver/mounriver_studio/toolchain/risc-v embedded gcc/bin/../lib/gcc/riscv-none-embed/8.2.0/../../../../riscv-none-embed/lib/rv32imac/ilp32\libg_nano.a(lib_a-locale.o)
                                          0x2 (size before relaxing)
 .rodata._ctype_
                0x000000000000ac48      0x101 d:/mounriver/mounriver_studio/toolchain/risc-v embedded gcc/bin/../lib/gcc/riscv-none-embed/8.2.0/../../../../riscv-none-embed/lib/rv32imac/ilp32\libg_nano.a(lib_a-ctype_.o)
                0x000000000000ac48                _ctype_
 *(.glue_7)
 *(.glue_7t)
 *(.gnu.linkonce.t.*)
                0x000000000000ad4c                . = ALIGN (0x4)
 *fill*         0x000000000000ad49        0x3 

.rela.dyn       0x000000000000ad4c        0x0
 .rela.init     0x000000000000ad4c        0x0 ./zf_driver/zf_driver_gpio.o
 .rela.vector   0x000000000000ad4c        0x0 ./zf_driver/zf_driver_gpio.o
 .rela.text.handle_reset
                0x000000000000ad4c        0x0 ./zf_driver/zf_driver_gpio.o
 .rela.text._vfprintf_r
                0x000000000000ad4c        0x0 ./zf_driver/zf_driver_gpio.o
 .rela.text._sbrk_r
                0x000000000000ad4c        0x0 ./zf_driver/zf_driver_gpio.o
 .rela.text._write_r
                0x000000000000ad4c        0x0 ./zf_driver/zf_driver_gpio.o
 .rela.text._close_r
                0x000000000000ad4c        0x0 ./zf_driver/zf_driver_gpio.o
 .rela.text._fstat_r
                0x000000000000ad4c        0x0 ./zf_driver/zf_driver_gpio.o
 .rela.text._isatty_r
                0x000000000000ad4c        0x0 ./zf_driver/zf_driver_gpio.o
 .rela.text._lseek_r
                0x000000000000ad4c        0x0 ./zf_driver/zf_driver_gpio.o
 .rela.text._read_r
                0x000000000000ad4c        0x0 ./zf_driver/zf_driver_gpio.o
 .rela.text._close
                0x000000000000ad4c        0x0 ./zf_driver/zf_driver_gpio.o
 .rela.text._fstat
                0x000000000000ad4c        0x0 ./zf_driver/zf_driver_gpio.o
 .rela.text._isatty
                0x000000000000ad4c        0x0 ./zf_driver/zf_driver_gpio.o
 .rela.text._lseek
                0x000000000000ad4c        0x0 ./zf_driver/zf_driver_gpio.o
 .rela.text._read
                0x000000000000ad4c        0x0 ./zf_driver/zf_driver_gpio.o
 .rela.text._sbrk
                0x000000000000ad4c        0x0 ./zf_driver/zf_driver_gpio.o

.fini           0x000000000000ad4c        0x0
 *(SORT_NONE(.fini))
                0x000000000000ad4c                . = ALIGN (0x4)
                [!provide]                        PROVIDE (_etext = .)
                [!provide]                        PROVIDE (_eitcm = .)

.preinit_array  0x000000000000ad4c        0x0
                [!provide]                        PROVIDE (__preinit_array_start = .)
 *(.preinit_array)
                [!provide]                        PROVIDE (__preinit_array_end = .)

.init_array     0x000000000000ad4c        0x0
                [!provide]                        PROVIDE (__init_array_start = .)
 *(SORT_BY_INIT_PRIORITY(.init_array.*) SORT_BY_INIT_PRIORITY(.ctors.*))
 *(.init_array EXCLUDE_FILE(*crtend?.o *crtend.o *crtbegin?.o *crtbegin.o) .ctors)
                [!provide]                        PROVIDE (__init_array_end = .)

.fini_array     0x000000000000ad4c        0x0
                [!provide]                        PROVIDE (__fini_array_start = .)
 *(SORT_BY_INIT_PRIORITY(.fini_array.*) SORT_BY_INIT_PRIORITY(.dtors.*))
 *(.fini_array EXCLUDE_FILE(*crtend?.o *crtend.o *crtbegin?.o *crtbegin.o) .dtors)
                [!provide]                        PROVIDE (__fini_array_end = .)

.ctors
 *crtbegin.o(.ctors)
 *crtbegin?.o(.ctors)
 *(EXCLUDE_FILE(*crtend?.o *crtend.o) .ctors)
 *(SORT_BY_NAME(.ctors.*))
 *(.ctors)

.dtors
 *crtbegin.o(.dtors)
 *crtbegin?.o(.dtors)
 *(EXCLUDE_FILE(*crtend?.o *crtend.o) .dtors)
 *(SORT_BY_NAME(.dtors.*))
 *(.dtors)

.dalign         0x0000000020000000        0x0 load address 0x000000000000ad4c
                0x0000000020000000                . = ALIGN (0x4)
                0x0000000020000000                PROVIDE (_data_vma = .)

.dlalign        0x000000000000ad4c        0x0
                0x000000000000ad4c                . = ALIGN (0x4)
                0x000000000000ad4c                PROVIDE (_data_lma = .)

.data           0x0000000020000000      0x2b0 load address 0x000000000000ad4c
 *(.gnu.linkonce.r.*)
 *(.data .data.*)
 .data.config   0x0000000020000000        0xc ./user_c/main.o
 .data.tx_poll_msg
                0x000000002000000c        0xc ./user_c/main.o
 .data.rx_resp_msg
                0x0000000020000018        0xf ./user_c/main.o
 *fill*         0x0000000020000027        0x1 
 .data.tx_final_msg
                0x0000000020000028       0x18 ./user_c/main.o
 .data.APBAHBPrescTable
                0x0000000020000040       0x10 ./sdk/Peripheral/ch32v30x_rcc.o
 .data.TAB_USB_FS_OSC_DESC
                0x0000000020000050       0x43 ./sdk/Peripheral/ch32v30x_usbotg_device.o
                0x0000000020000050                TAB_USB_FS_OSC_DESC
 *fill*         0x0000000020000093        0x1 
 .data.impure_data
                0x0000000020000094       0x60 d:/mounriver/mounriver_studio/toolchain/risc-v embedded gcc/bin/../lib/gcc/riscv-none-embed/8.2.0/../../../../riscv-none-embed/lib/rv32imac/ilp32\libg_nano.a(lib_a-impure.o)
 .data.__global_locale
                0x00000000200000f4      0x16c d:/mounriver/mounriver_studio/toolchain/risc-v embedded gcc/bin/../lib/gcc/riscv-none-embed/8.2.0/../../../../riscv-none-embed/lib/rv32imac/ilp32\libg_nano.a(lib_a-locale.o)
                0x00000000200000f4                __global_locale
 *(.gnu.linkonce.d.*)
                0x0000000020000260                . = ALIGN (0x8)
                0x0000000020000a60                PROVIDE (__global_pointer$ = (. + 0x800))
 *(.sdata .sdata.*)
 .sdata.ADCPrescTable
                0x0000000020000260        0x4 ./sdk/Peripheral/ch32v30x_rcc.o
 .sdata.USBHD_Dev_Speed
                0x0000000020000264        0x1 ./sdk/Peripheral/ch32v30x_usbotg_device.o
                0x0000000020000264                USBHD_Dev_Speed
 *fill*         0x0000000020000265        0x3 
 .sdata.LineCoding
                0x0000000020000268        0x7 ./sdk/Peripheral/ch32v30x_usbotg_device.o
                0x0000000020000268                LineCoding
 *fill*         0x000000002000026f        0x1 
 .sdata.pdw1000local
                0x0000000020000270        0x4 ./decadriver/deca_device.o
 .sdata._impure_ptr
                0x0000000020000274        0x4 d:/mounriver/mounriver_studio/toolchain/risc-v embedded gcc/bin/../lib/gcc/riscv-none-embed/8.2.0/../../../../riscv-none-embed/lib/rv32imac/ilp32\libg_nano.a(lib_a-impure.o)
                0x0000000020000274                _impure_ptr
 *(.sdata2.*)
 .sdata2.uart_irq
                0x0000000020000278        0x8 ./zf_driver/zf_driver_uart.o
                0x0000000020000278                uart_irq
 .sdata2.MyLangDescrHD
                0x0000000020000280        0x4 ./sdk/Peripheral/ch32v30x_usbotg_device.o
                0x0000000020000280                MyLangDescrHD
 .sdata2.chan_idx
                0x0000000020000284        0x8 ./decadriver/deca_params_init.o
                0x0000000020000284                chan_idx
 .sdata2.fs_pll_tune
                0x000000002000028c        0x6 ./decadriver/deca_params_init.o
                0x000000002000028c                fs_pll_tune
 *fill*         0x0000000020000292        0x2 
 .sdata2.rx_config
                0x0000000020000294        0x2 ./decadriver/deca_params_init.o
                0x0000000020000294                rx_config
 *fill*         0x0000000020000296        0x2 
 .sdata2.agc_config
                0x0000000020000298        0x8 ./decadriver/deca_params_init.o
                0x0000000020000298                agc_config
 .sdata2.dwnsSFDlen
                0x00000000200002a0        0x3 ./decadriver/deca_params_init.o
                0x00000000200002a0                dwnsSFDlen
 *fill*         0x00000000200002a3        0x1 
 .sdata2.dtune1
                0x00000000200002a4        0x4 ./decadriver/deca_params_init.o
                0x00000000200002a4                dtune1
 .sdata2._global_impure_ptr
                0x00000000200002a8        0x4 d:/mounriver/mounriver_studio/toolchain/risc-v embedded gcc/bin/../lib/gcc/riscv-none-embed/8.2.0/../../../../riscv-none-embed/lib/rv32imac/ilp32\libg_nano.a(lib_a-impure.o)
                0x00000000200002a8                _global_impure_ptr
 *(.gnu.linkonce.s.*)
                0x00000000200002b0                . = ALIGN (0x8)
 *fill*         0x00000000200002ac        0x4 
 *(.srodata.cst16)
 *(.srodata.cst8)
 *(.srodata.cst4)
 *(.srodata.cst2)
 *(.srodata .srodata.*)
                0x00000000200002b0                . = ALIGN (0x4)
                0x00000000200002b0                PROVIDE (_edata = .)

.bss            0x00000000200002b0      0x124 load address 0x000000000000affc
                0x00000000200002b0                . = ALIGN (0x4)
                0x00000000200002b0                PROVIDE (_sbss = .)
 *(.sbss*)
 .sbss.bluetooth_ch9141_data
                0x00000000200002b0        0x1 ./zf_device/zf_device_bluetooth_ch9141.o
 .sbss.bluetooth_ch9141_data_ch2
                0x00000000200002b1        0x1 ./zf_device/zf_device_bluetooth_ch9141_ch2.o
 .sbss.mt9v03x_finish_flag_dvp
                0x00000000200002b2        0x1 ./zf_device/zf_device_mt9v03x_dvp.o
                0x00000000200002b2                mt9v03x_finish_flag_dvp
 *fill*         0x00000000200002b3        0x1 
 .sbss.receive_dvp
                0x00000000200002b4        0x3 ./zf_device/zf_device_mt9v03x_dvp.o
 .sbss.receive_num_dvp
                0x00000000200002b7        0x1 ./zf_device/zf_device_mt9v03x_dvp.o
 .sbss.uart_receive_flag_dvp
                0x00000000200002b8        0x1 ./zf_device/zf_device_mt9v03x_dvp.o
 *fill*         0x00000000200002b9        0x3 
 .sbss.scc8660_uart_receive_dvp
                0x00000000200002bc        0x3 ./zf_device/zf_device_scc8660_dvp.o
                0x00000000200002bc                scc8660_uart_receive_dvp
 .sbss.scc8660_uart_receive_num_dvp
                0x00000000200002bf        0x1 ./zf_device/zf_device_scc8660_dvp.o
                0x00000000200002bf                scc8660_uart_receive_num_dvp
 .sbss.scc8660_uart_receive_flag_dvp
                0x00000000200002c0        0x1 ./zf_device/zf_device_scc8660_dvp.o
                0x00000000200002c0                scc8660_uart_receive_flag_dvp
 .sbss.scc8660_finish_flag_dvp
                0x00000000200002c1        0x1 ./zf_device/zf_device_scc8660_dvp.o
                0x00000000200002c1                scc8660_finish_flag_dvp
 *fill*         0x00000000200002c2        0x2 
 .sbss.camera_type
                0x00000000200002c4        0x4 ./zf_device/zf_device_type.o
                0x00000000200002c4                camera_type
 .sbss.wireless_type
                0x00000000200002c8        0x4 ./zf_device/zf_device_type.o
                0x00000000200002c8                wireless_type
 .sbss.wireless_ch573_data
                0x00000000200002cc        0x1 ./zf_device/zf_device_wireless_ch573.o
 .sbss.wireless_uart_data
                0x00000000200002cd        0x1 ./zf_device/zf_device_wireless_uart.o
 *fill*         0x00000000200002ce        0x2 
 .sbss.system_clock
                0x00000000200002d0        0x4 ./zf_common/zf_common_clock.o
                0x00000000200002d0                system_clock
 .sbss.zf_debug_init_flag
                0x00000000200002d4        0x1 ./zf_common/zf_common_debug.o
                0x00000000200002d4                zf_debug_init_flag
 *fill*         0x00000000200002d5        0x3 
 .sbss.interrupt_nest_count
                0x00000000200002d8        0x4 ./zf_common/zf_common_interrupt.o
 .sbss.frame_seq_nb
                0x00000000200002dc        0x1 ./user_c/main.o
 *fill*         0x00000000200002dd        0x3 
 .sbss.status_reg
                0x00000000200002e0        0x4 ./user_c/main.o
 *fill*         0x00000000200002e4        0x4 
 .sbss.poll_tx_ts
                0x00000000200002e8        0x8 ./user_c/main.o
 .sbss.resp_rx_ts
                0x00000000200002f0        0x8 ./user_c/main.o
 .sbss.final_tx_ts
                0x00000000200002f8        0x8 ./user_c/main.o
 .sbss.EP0_DatabufHD
                0x0000000020000300        0x8 ./sdk/Peripheral/ch32v30x_usbotg_device.o
                0x0000000020000300                EP0_DatabufHD
 .sbss.pEP0_RAM_Addr
                0x0000000020000308        0x4 ./sdk/Peripheral/ch32v30x_usbotg_device.o
                0x0000000020000308                pEP0_RAM_Addr
 .sbss.pEP1_RAM_Addr
                0x000000002000030c        0x4 ./sdk/Peripheral/ch32v30x_usbotg_device.o
                0x000000002000030c                pEP1_RAM_Addr
 .sbss.pEP2_RAM_Addr
                0x0000000020000310        0x4 ./sdk/Peripheral/ch32v30x_usbotg_device.o
                0x0000000020000310                pEP2_RAM_Addr
 .sbss.pDescr   0x0000000020000314        0x4 ./sdk/Peripheral/ch32v30x_usbotg_device.o
                0x0000000020000314                pDescr
 .sbss.USBHD_Dev_SetupReqLen
                0x0000000020000318        0x2 ./sdk/Peripheral/ch32v30x_usbotg_device.o
                0x0000000020000318                USBHD_Dev_SetupReqLen
 .sbss.USBHD_Dev_SleepStatus
                0x000000002000031a        0x1 ./sdk/Peripheral/ch32v30x_usbotg_device.o
                0x000000002000031a                USBHD_Dev_SleepStatus
 .sbss.DevConfig
                0x000000002000031b        0x1 ./sdk/Peripheral/ch32v30x_usbotg_device.o
                0x000000002000031b                DevConfig
 .sbss.SetupReqCode
                0x000000002000031c        0x1 ./sdk/Peripheral/ch32v30x_usbotg_device.o
                0x000000002000031c                SetupReqCode
 *fill*         0x000000002000031d        0x1 
 .sbss.SetupReqLen
                0x000000002000031e        0x2 ./sdk/Peripheral/ch32v30x_usbotg_device.o
                0x000000002000031e                SetupReqLen
 .sbss.p_ms     0x0000000020000320        0x2 ./platform/port.o
 *fill*         0x0000000020000322        0x2 
 .sbss.port_deca_isr
                0x0000000020000324        0x4 ./platform/port.o
                0x0000000020000324                port_deca_isr
 .sbss.__malloc_free_list
                0x0000000020000328        0x4 d:/mounriver/mounriver_studio/toolchain/risc-v embedded gcc/bin/../lib/gcc/riscv-none-embed/8.2.0/../../../../riscv-none-embed/lib/rv32imac/ilp32\libg_nano.a(lib_a-nano-mallocr.o)
                0x0000000020000328                __malloc_free_list
 .sbss.__malloc_sbrk_start
                0x000000002000032c        0x4 d:/mounriver/mounriver_studio/toolchain/risc-v embedded gcc/bin/../lib/gcc/riscv-none-embed/8.2.0/../../../../riscv-none-embed/lib/rv32imac/ilp32\libg_nano.a(lib_a-nano-mallocr.o)
                0x000000002000032c                __malloc_sbrk_start
 .sbss.heap_end.1518
                0x0000000020000330        0x4 d:/mounriver/mounriver_studio/toolchain/risc-v embedded gcc/bin/../lib/gcc/riscv-none-embed/8.2.0/../../../../riscv-none-embed/lib/rv32imac/ilp32\libnosys.a(sbrk.o)
 *(.gnu.linkonce.sb.*)
 *(.bss*)
 .bss.bluetooth_ch9141_fifo
                0x0000000020000334       0x14 ./zf_device/zf_device_bluetooth_ch9141.o
 .bss.bluetooth_ch9141_fifo_ch2
                0x0000000020000348       0x14 ./zf_device/zf_device_bluetooth_ch9141_ch2.o
 .bss.wireless_ch573_fifo
                0x000000002000035c       0x14 ./zf_device/zf_device_wireless_ch573.o
 .bss.wireless_uart_fifo
                0x0000000020000370       0x14 ./zf_device/zf_device_wireless_uart.o
 .bss.rx_buffer
                0x0000000020000384       0x14 ./user_c/main.o
 .bss.dw1000local
                0x0000000020000398       0x38 ./decadriver/deca_device.o
 *(.gnu.linkonce.b.*)
 *(COMMON*)
 COMMON         0x00000000200003d0        0x4 d:/mounriver/mounriver_studio/toolchain/risc-v embedded gcc/bin/../lib/gcc/riscv-none-embed/8.2.0/../../../../riscv-none-embed/lib/rv32imac/ilp32\libg_nano.a(lib_a-reent.o)
                0x00000000200003d0                errno
                0x00000000200003d4                . = ALIGN (0x4)
                0x00000000200003d4                PROVIDE (_ebss = .)
                [!provide]                        PROVIDE (_end = _ebss)
                0x00000000200003d4                PROVIDE (end = .)

.stack          0x000000002000f800      0x800
                0x000000002000f800                . = ALIGN (0x4)
                [!provide]                        PROVIDE (_susrstack = .)
                0x0000000020010000                . = (. + __stack_size)
 *fill*         0x000000002000f800      0x800 
                0x0000000020010000                PROVIDE (_eusrstack = .)
OUTPUT(CarLocateUWB_Base.elf elf32-littleriscv)

.debug_info     0x0000000000000000    0x1bfd6
 .debug_info    0x0000000000000000      0xe6f ./zf_driver/zf_driver_gpio.o
 .debug_info    0x0000000000000e6f       0x26 ./zf_driver/zf_driver_irq.o
 .debug_info    0x0000000000000e95     0x1528 ./zf_driver/zf_driver_spi.o
 .debug_info    0x00000000000023bd     0x16ad ./zf_driver/zf_driver_uart.o
 .debug_info    0x0000000000003a6a      0xf0b ./zf_device/zf_device_bluetooth_ch9141.o
 .debug_info    0x0000000000004975      0xf0b ./zf_device/zf_device_bluetooth_ch9141_ch2.o
 .debug_info    0x0000000000005880      0xc59 ./zf_device/zf_device_camera.o
 .debug_info    0x00000000000064d9     0x112e ./zf_device/zf_device_mt9v03x_dvp.o
 .debug_info    0x0000000000007607     0x134d ./zf_device/zf_device_scc8660_dvp.o
 .debug_info    0x0000000000008954      0x115 ./zf_device/zf_device_type.o
 .debug_info    0x0000000000008a69      0xfca ./zf_device/zf_device_wireless_ch573.o
 .debug_info    0x0000000000009a33      0xff8 ./zf_device/zf_device_wireless_uart.o
 .debug_info    0x000000000000aa2b      0xbe3 ./zf_common/zf_common_clock.o
 .debug_info    0x000000000000b60e      0xd67 ./zf_common/zf_common_debug.o
 .debug_info    0x000000000000c375      0xbe3 ./zf_common/zf_common_fifo.o
 .debug_info    0x000000000000cf58      0xf61 ./zf_common/zf_common_interrupt.o
 .debug_info    0x000000000000deb9     0x18d4 ./user_c/isr.o
 .debug_info    0x000000000000f78d     0x16de ./user_c/main.o
 .debug_info    0x0000000000010e6b       0x22 ./sdk/Startup/startup_ch32v30x.o
 .debug_info    0x0000000000010e8d      0x337 ./sdk/Startup/system_ch32v30x.o
 .debug_info    0x00000000000111c4      0x35f ./sdk/Peripheral/ch32v30x_exti.o
 .debug_info    0x0000000000011523      0x71b ./sdk/Peripheral/ch32v30x_gpio.o
 .debug_info    0x0000000000011c3e      0xc6a ./sdk/Peripheral/ch32v30x_rcc.o
 .debug_info    0x00000000000128a8      0x95b ./sdk/Peripheral/ch32v30x_spi.o
 .debug_info    0x0000000000013203     0x1dde ./sdk/Peripheral/ch32v30x_tim.o
 .debug_info    0x0000000000014fe1      0xa4e ./sdk/Peripheral/ch32v30x_usart.o
 .debug_info    0x0000000000015a2f     0x13b9 ./sdk/Peripheral/ch32v30x_usbotg_device.o
 .debug_info    0x0000000000016de8      0x5e3 ./platform/deca_mutex.o
 .debug_info    0x00000000000173cb      0x113 ./platform/deca_sleep.o
 .debug_info    0x00000000000174de      0xcb8 ./platform/deca_spi.o
 .debug_info    0x0000000000018196      0xd1b ./platform/port.o
 .debug_info    0x0000000000018eb1     0x256d ./decadriver/deca_device.o
 .debug_info    0x000000000001b41e      0xbb8 ./decadriver/deca_params_init.o

.debug_abbrev   0x0000000000000000     0x4722
 .debug_abbrev  0x0000000000000000      0x2ad ./zf_driver/zf_driver_gpio.o
 .debug_abbrev  0x00000000000002ad       0x14 ./zf_driver/zf_driver_irq.o
 .debug_abbrev  0x00000000000002c1      0x300 ./zf_driver/zf_driver_spi.o
 .debug_abbrev  0x00000000000005c1      0x2e9 ./zf_driver/zf_driver_uart.o
 .debug_abbrev  0x00000000000008aa      0x266 ./zf_device/zf_device_bluetooth_ch9141.o
 .debug_abbrev  0x0000000000000b10      0x266 ./zf_device/zf_device_bluetooth_ch9141_ch2.o
 .debug_abbrev  0x0000000000000d76      0x27e ./zf_device/zf_device_camera.o
 .debug_abbrev  0x0000000000000ff4      0x31f ./zf_device/zf_device_mt9v03x_dvp.o
 .debug_abbrev  0x0000000000001313      0x31f ./zf_device/zf_device_scc8660_dvp.o
 .debug_abbrev  0x0000000000001632       0xb3 ./zf_device/zf_device_type.o
 .debug_abbrev  0x00000000000016e5      0x282 ./zf_device/zf_device_wireless_ch573.o
 .debug_abbrev  0x0000000000001967      0x293 ./zf_device/zf_device_wireless_uart.o
 .debug_abbrev  0x0000000000001bfa      0x278 ./zf_common/zf_common_clock.o
 .debug_abbrev  0x0000000000001e72      0x2c7 ./zf_common/zf_common_debug.o
 .debug_abbrev  0x0000000000002139      0x278 ./zf_common/zf_common_fifo.o
 .debug_abbrev  0x00000000000023b1      0x29b ./zf_common/zf_common_interrupt.o
 .debug_abbrev  0x000000000000264c      0x24e ./user_c/isr.o
 .debug_abbrev  0x000000000000289a      0x30a ./user_c/main.o
 .debug_abbrev  0x0000000000002ba4       0x12 ./sdk/Startup/startup_ch32v30x.o
 .debug_abbrev  0x0000000000002bb6      0x18e ./sdk/Startup/system_ch32v30x.o
 .debug_abbrev  0x0000000000002d44      0x157 ./sdk/Peripheral/ch32v30x_exti.o
 .debug_abbrev  0x0000000000002e9b      0x1da ./sdk/Peripheral/ch32v30x_gpio.o
 .debug_abbrev  0x0000000000003075      0x202 ./sdk/Peripheral/ch32v30x_rcc.o
 .debug_abbrev  0x0000000000003277      0x1b1 ./sdk/Peripheral/ch32v30x_spi.o
 .debug_abbrev  0x0000000000003428      0x1dc ./sdk/Peripheral/ch32v30x_tim.o
 .debug_abbrev  0x0000000000003604      0x1b1 ./sdk/Peripheral/ch32v30x_usart.o
 .debug_abbrev  0x00000000000037b5      0x2ac ./sdk/Peripheral/ch32v30x_usbotg_device.o
 .debug_abbrev  0x0000000000003a61      0x193 ./platform/deca_mutex.o
 .debug_abbrev  0x0000000000003bf4       0xbb ./platform/deca_sleep.o
 .debug_abbrev  0x0000000000003caf      0x28d ./platform/deca_spi.o
 .debug_abbrev  0x0000000000003f3c      0x2ca ./platform/port.o
 .debug_abbrev  0x0000000000004206      0x35c ./decadriver/deca_device.o
 .debug_abbrev  0x0000000000004562      0x1c0 ./decadriver/deca_params_init.o

.debug_aranges  0x0000000000000000     0x1290
 .debug_aranges
                0x0000000000000000       0x38 ./zf_driver/zf_driver_gpio.o
 .debug_aranges
                0x0000000000000038       0x20 ./zf_driver/zf_driver_irq.o
 .debug_aranges
                0x0000000000000058       0xb8 ./zf_driver/zf_driver_spi.o
 .debug_aranges
                0x0000000000000110       0x68 ./zf_driver/zf_driver_uart.o
 .debug_aranges
                0x0000000000000178       0x38 ./zf_device/zf_device_bluetooth_ch9141.o
 .debug_aranges
                0x00000000000001b0       0x38 ./zf_device/zf_device_bluetooth_ch9141_ch2.o
 .debug_aranges
                0x00000000000001e8       0x48 ./zf_device/zf_device_camera.o
 .debug_aranges
                0x0000000000000230       0x58 ./zf_device/zf_device_mt9v03x_dvp.o
 .debug_aranges
                0x0000000000000288       0x80 ./zf_device/zf_device_scc8660_dvp.o
 .debug_aranges
                0x0000000000000308       0x28 ./zf_device/zf_device_type.o
 .debug_aranges
                0x0000000000000330       0x48 ./zf_device/zf_device_wireless_ch573.o
 .debug_aranges
                0x0000000000000378       0x50 ./zf_device/zf_device_wireless_uart.o
 .debug_aranges
                0x00000000000003c8       0x30 ./zf_common/zf_common_clock.o
 .debug_aranges
                0x00000000000003f8       0x50 ./zf_common/zf_common_debug.o
 .debug_aranges
                0x0000000000000448       0x50 ./zf_common/zf_common_fifo.o
 .debug_aranges
                0x0000000000000498       0x60 ./zf_common/zf_common_interrupt.o
 .debug_aranges
                0x00000000000004f8       0xf8 ./user_c/isr.o
 .debug_aranges
                0x00000000000005f0       0x40 ./user_c/main.o
 .debug_aranges
                0x0000000000000630       0x30 ./sdk/Startup/startup_ch32v30x.o
 .debug_aranges
                0x0000000000000660       0x38 ./sdk/Startup/system_ch32v30x.o
 .debug_aranges
                0x0000000000000698       0x58 ./sdk/Peripheral/ch32v30x_exti.o
 .debug_aranges
                0x00000000000006f0       0xa8 ./sdk/Peripheral/ch32v30x_gpio.o
 .debug_aranges
                0x0000000000000798      0x1a8 ./sdk/Peripheral/ch32v30x_rcc.o
 .debug_aranges
                0x0000000000000940       0xd0 ./sdk/Peripheral/ch32v30x_spi.o
 .debug_aranges
                0x0000000000000a10      0x2f0 ./sdk/Peripheral/ch32v30x_tim.o
 .debug_aranges
                0x0000000000000d00      0x100 ./sdk/Peripheral/ch32v30x_usart.o
 .debug_aranges
                0x0000000000000e00       0x50 ./sdk/Peripheral/ch32v30x_usbotg_device.o
 .debug_aranges
                0x0000000000000e50       0x38 ./platform/deca_mutex.o
 .debug_aranges
                0x0000000000000e88       0x28 ./platform/deca_sleep.o
 .debug_aranges
                0x0000000000000eb0       0x38 ./platform/deca_spi.o
 .debug_aranges
                0x0000000000000ee8       0x88 ./platform/port.o
 .debug_aranges
                0x0000000000000f70      0x308 ./decadriver/deca_device.o
 .debug_aranges
                0x0000000000001278       0x18 ./decadriver/deca_params_init.o

.debug_ranges   0x0000000000000000     0x1070
 .debug_ranges  0x0000000000000000       0x28 ./zf_driver/zf_driver_gpio.o
 .debug_ranges  0x0000000000000028       0xa8 ./zf_driver/zf_driver_spi.o
 .debug_ranges  0x00000000000000d0       0x58 ./zf_driver/zf_driver_uart.o
 .debug_ranges  0x0000000000000128       0x28 ./zf_device/zf_device_bluetooth_ch9141.o
 .debug_ranges  0x0000000000000150       0x28 ./zf_device/zf_device_bluetooth_ch9141_ch2.o
 .debug_ranges  0x0000000000000178       0x38 ./zf_device/zf_device_camera.o
 .debug_ranges  0x00000000000001b0       0x48 ./zf_device/zf_device_mt9v03x_dvp.o
 .debug_ranges  0x00000000000001f8       0x70 ./zf_device/zf_device_scc8660_dvp.o
 .debug_ranges  0x0000000000000268       0x18 ./zf_device/zf_device_type.o
 .debug_ranges  0x0000000000000280       0x38 ./zf_device/zf_device_wireless_ch573.o
 .debug_ranges  0x00000000000002b8       0x40 ./zf_device/zf_device_wireless_uart.o
 .debug_ranges  0x00000000000002f8       0x20 ./zf_common/zf_common_clock.o
 .debug_ranges  0x0000000000000318       0x40 ./zf_common/zf_common_debug.o
 .debug_ranges  0x0000000000000358       0x40 ./zf_common/zf_common_fifo.o
 .debug_ranges  0x0000000000000398       0x50 ./zf_common/zf_common_interrupt.o
 .debug_ranges  0x00000000000003e8       0xe8 ./user_c/isr.o
 .debug_ranges  0x00000000000004d0       0x30 ./user_c/main.o
 .debug_ranges  0x0000000000000500       0x28 ./sdk/Startup/startup_ch32v30x.o
 .debug_ranges  0x0000000000000528       0x28 ./sdk/Startup/system_ch32v30x.o
 .debug_ranges  0x0000000000000550       0x48 ./sdk/Peripheral/ch32v30x_exti.o
 .debug_ranges  0x0000000000000598       0x98 ./sdk/Peripheral/ch32v30x_gpio.o
 .debug_ranges  0x0000000000000630      0x198 ./sdk/Peripheral/ch32v30x_rcc.o
 .debug_ranges  0x00000000000007c8       0xc0 ./sdk/Peripheral/ch32v30x_spi.o
 .debug_ranges  0x0000000000000888      0x2e0 ./sdk/Peripheral/ch32v30x_tim.o
 .debug_ranges  0x0000000000000b68       0xf0 ./sdk/Peripheral/ch32v30x_usart.o
 .debug_ranges  0x0000000000000c58       0x40 ./sdk/Peripheral/ch32v30x_usbotg_device.o
 .debug_ranges  0x0000000000000c98       0x28 ./platform/deca_mutex.o
 .debug_ranges  0x0000000000000cc0       0x18 ./platform/deca_sleep.o
 .debug_ranges  0x0000000000000cd8       0x28 ./platform/deca_spi.o
 .debug_ranges  0x0000000000000d00       0x78 ./platform/port.o
 .debug_ranges  0x0000000000000d78      0x2f8 ./decadriver/deca_device.o

.debug_line     0x0000000000000000    0x14f8d
 .debug_line    0x0000000000000000      0x616 ./zf_driver/zf_driver_gpio.o
 .debug_line    0x0000000000000616       0xa2 ./zf_driver/zf_driver_irq.o
 .debug_line    0x00000000000006b8     0x1a6d ./zf_driver/zf_driver_spi.o
 .debug_line    0x0000000000002125      0xca5 ./zf_driver/zf_driver_uart.o
 .debug_line    0x0000000000002dca      0x50c ./zf_device/zf_device_bluetooth_ch9141.o
 .debug_line    0x00000000000032d6      0x510 ./zf_device/zf_device_bluetooth_ch9141_ch2.o
 .debug_line    0x00000000000037e6      0x587 ./zf_device/zf_device_camera.o
 .debug_line    0x0000000000003d6d      0xb7e ./zf_device/zf_device_mt9v03x_dvp.o
 .debug_line    0x00000000000048eb      0xd85 ./zf_device/zf_device_scc8660_dvp.o
 .debug_line    0x0000000000005670       0xd3 ./zf_device/zf_device_type.o
 .debug_line    0x0000000000005743      0x5ae ./zf_device/zf_device_wireless_ch573.o
 .debug_line    0x0000000000005cf1      0x67e ./zf_device/zf_device_wireless_uart.o
 .debug_line    0x000000000000636f      0x5ef ./zf_common/zf_common_clock.o
 .debug_line    0x000000000000695e      0x5cc ./zf_common/zf_common_debug.o
 .debug_line    0x0000000000006f2a      0x631 ./zf_common/zf_common_fifo.o
 .debug_line    0x000000000000755b      0x4d5 ./zf_common/zf_common_interrupt.o
 .debug_line    0x0000000000007a30      0xcc0 ./user_c/isr.o
 .debug_line    0x00000000000086f0      0xb26 ./user_c/main.o
 .debug_line    0x0000000000009216      0x399 ./sdk/Startup/startup_ch32v30x.o
 .debug_line    0x00000000000095af      0x5fa ./sdk/Startup/system_ch32v30x.o
 .debug_line    0x0000000000009ba9      0x59d ./sdk/Peripheral/ch32v30x_exti.o
 .debug_line    0x000000000000a146      0xa6a ./sdk/Peripheral/ch32v30x_gpio.o
 .debug_line    0x000000000000abb0     0x12b7 ./sdk/Peripheral/ch32v30x_rcc.o
 .debug_line    0x000000000000be67      0xab3 ./sdk/Peripheral/ch32v30x_spi.o
 .debug_line    0x000000000000c91a     0x2267 ./sdk/Peripheral/ch32v30x_tim.o
 .debug_line    0x000000000000eb81      0xc93 ./sdk/Peripheral/ch32v30x_usart.o
 .debug_line    0x000000000000f814     0x142e ./sdk/Peripheral/ch32v30x_usbotg_device.o
 .debug_line    0x0000000000010c42      0x3b1 ./platform/deca_mutex.o
 .debug_line    0x0000000000010ff3      0x1f2 ./platform/deca_sleep.o
 .debug_line    0x00000000000111e5      0x56f ./platform/deca_spi.o
 .debug_line    0x0000000000011754      0x858 ./platform/port.o