Archive member included to satisfy reference by file (symbol)

D:\projects\mechanical_arm\ch32v307\EVT\EXAM\ETH\NetLib\libwchnet.a(eth_driver.o)
                              ./User/main.o (WCH_GetMac)
D:\projects\mechanical_arm\ch32v307\EVT\EXAM\ETH\NetLib\libwchnet.a(socket.o)
                              ./User/main.o (WCHNET_Init)
D:\projects\mechanical_arm\ch32v307\EVT\EXAM\ETH\NetLib\libwchnet.a(etharp.o)
                              D:\projects\mechanical_arm\ch32v307\EVT\EXAM\ETH\NetLib\libwchnet.a(socket.o) (etharp_request)
D:\projects\mechanical_arm\ch32v307\EVT\EXAM\ETH\NetLib\libwchnet.a(ethernetif.o)
                              D:\projects\mechanical_arm\ch32v307\EVT\EXAM\ETH\NetLib\libwchnet.a(socket.o) (low_level_init)
D:\projects\mechanical_arm\ch32v307\EVT\EXAM\ETH\NetLib\libwchnet.a(inet.o)
                              D:\projects\mechanical_arm\ch32v307\EVT\EXAM\ETH\NetLib\libwchnet.a(socket.o) (inet_ntoa)
D:\projects\mechanical_arm\ch32v307\EVT\EXAM\ETH\NetLib\libwchnet.a(ip.o)
                              D:\projects\mechanical_arm\ch32v307\EVT\EXAM\ETH\NetLib\libwchnet.a(etharp.o) (ip_input)
D:\projects\mechanical_arm\ch32v307\EVT\EXAM\ETH\NetLib\libwchnet.a(ip_addr.o)
                              D:\projects\mechanical_arm\ch32v307\EVT\EXAM\ETH\NetLib\libwchnet.a(socket.o) (ip_addr_isbroadcast)
D:\projects\mechanical_arm\ch32v307\EVT\EXAM\ETH\NetLib\libwchnet.a(ip_frag.o)
                              D:\projects\mechanical_arm\ch32v307\EVT\EXAM\ETH\NetLib\libwchnet.a(ethernetif.o) (ip_reass_tmr)
D:\projects\mechanical_arm\ch32v307\EVT\EXAM\ETH\NetLib\libwchnet.a(init.o)
                              D:\projects\mechanical_arm\ch32v307\EVT\EXAM\ETH\NetLib\libwchnet.a(ethernetif.o) (lwip_init)
D:\projects\mechanical_arm\ch32v307\EVT\EXAM\ETH\NetLib\libwchnet.a(mem.o)
                              D:\projects\mechanical_arm\ch32v307\EVT\EXAM\ETH\NetLib\libwchnet.a(init.o) (mem_init)
D:\projects\mechanical_arm\ch32v307\EVT\EXAM\ETH\NetLib\libwchnet.a(memp.o)
                              D:\projects\mechanical_arm\ch32v307\EVT\EXAM\ETH\NetLib\libwchnet.a(init.o) (memp_init)
D:\projects\mechanical_arm\ch32v307\EVT\EXAM\ETH\NetLib\libwchnet.a(netif.o)
                              D:\projects\mechanical_arm\ch32v307\EVT\EXAM\ETH\NetLib\libwchnet.a(socket.o) (netif_remove)
D:\projects\mechanical_arm\ch32v307\EVT\EXAM\ETH\NetLib\libwchnet.a(pbuf.o)
                              D:\projects\mechanical_arm\ch32v307\EVT\EXAM\ETH\NetLib\libwchnet.a(socket.o) (pbuf_header)
D:\projects\mechanical_arm\ch32v307\EVT\EXAM\ETH\NetLib\libwchnet.a(raw.o)
                              D:\projects\mechanical_arm\ch32v307\EVT\EXAM\ETH\NetLib\libwchnet.a(ip.o) (raw_input)
D:\projects\mechanical_arm\ch32v307\EVT\EXAM\ETH\NetLib\libwchnet.a(tcp.o)
                              D:\projects\mechanical_arm\ch32v307\EVT\EXAM\ETH\NetLib\libwchnet.a(socket.o) (tcp_bind)
D:\projects\mechanical_arm\ch32v307\EVT\EXAM\ETH\NetLib\libwchnet.a(tcp_in.o)
                              D:\projects\mechanical_arm\ch32v307\EVT\EXAM\ETH\NetLib\libwchnet.a(ip.o) (tcp_input)
D:\projects\mechanical_arm\ch32v307\EVT\EXAM\ETH\NetLib\libwchnet.a(tcp_out.o)
                              D:\projects\mechanical_arm\ch32v307\EVT\EXAM\ETH\NetLib\libwchnet.a(tcp.o) (tcp_enqueue)
D:\projects\mechanical_arm\ch32v307\EVT\EXAM\ETH\NetLib\libwchnet.a(udp.o)
                              D:\projects\mechanical_arm\ch32v307\EVT\EXAM\ETH\NetLib\libwchnet.a(ip.o) (udp_input)
D:\projects\mechanical_arm\ch32v307\EVT\EXAM\ETH\NetLib\libwchnet.a(ipcheck.o)
                              D:\projects\mechanical_arm\ch32v307\EVT\EXAM\ETH\NetLib\libwchnet.a(socket.o) (IPCheckParaInit)
D:\projects\mechanical_arm\ch32v307\EVT\EXAM\ETH\NetLib\libwchnet.a(wchnet_dhcp.o)
                              D:\projects\mechanical_arm\ch32v307\EVT\EXAM\ETH\NetLib\libwchnet.a(etharp.o) (dhcp_arp_reply)
D:\projects\mechanical_arm\ch32v307\EVT\EXAM\ETH\NetLib\libwchnet.a(wchnet_dns.o)
                              D:\projects\mechanical_arm\ch32v307\EVT\EXAM\ETH\NetLib\libwchnet.a(wchnet_dhcp.o) (dns_setserver)
D:\projects\mechanical_arm\ch32v307\EVT\EXAM\ETH\NetLib\libwchnet.a(icmp.o)
                              D:\projects\mechanical_arm\ch32v307\EVT\EXAM\ETH\NetLib\libwchnet.a(ip.o) (icmp_input)
D:\projects\mechanical_arm\ch32v307\EVT\EXAM\ETH\NetLib\libwchnet.a(inet_chksum.o)
                              D:\projects\mechanical_arm\ch32v307\EVT\EXAM\ETH\NetLib\libwchnet.a(tcp_in.o) (inet_chksum_pseudo)
d:/mounriver/mounriver_studio/toolchain/risc-v embedded gcc/bin/../lib/gcc/riscv-none-embed/8.2.0/../../../../riscv-none-embed/lib/rv32imac/ilp32\libprintf.a(wchprintf.o)
                              ./User/ch32v30x_it.o (printf)
d:/mounriver/mounriver_studio/toolchain/risc-v embedded gcc/bin/../lib/gcc/riscv-none-embed/8.2.0/rv32imac/ilp32\libgcc.a(save-restore.o)
[...]
Memory Configuration

Name             Origin             Length             Attributes
FLASH            0x0000000000000000 0x0000000000030000 xr
RAM              0x0000000020000000 0x0000000000020000 xrw
*default*        0x0000000000000000 0xffffffffffffffff

Linker script and memory map

LOAD ./User/ch32v30x_it.o
LOAD ./User/main.o
LOAD ./User/system_ch32v30x.o
LOAD ./Startup/startup_ch32v30x_D8C.o
LOAD ./Peripheral/src/ch32v30x_adc.o
LOAD ./Peripheral/src/ch32v30x_bkp.o
LOAD ./Peripheral/src/ch32v30x_can.o
LOAD ./Peripheral/src/ch32v30x_crc.o
LOAD ./Peripheral/src/ch32v30x_dac.o
LOAD ./Peripheral/src/ch32v30x_dbgmcu.o
LOAD ./Peripheral/src/ch32v30x_dma.o
LOAD ./Peripheral/src/ch32v30x_dvp.o
LOAD ./Peripheral/src/ch32v30x_eth.o
LOAD ./Peripheral/src/ch32v30x_exti.o
LOAD ./Peripheral/src/ch32v30x_flash.o
LOAD ./Peripheral/src/ch32v30x_fsmc.o
LOAD ./Peripheral/src/ch32v30x_gpio.o
LOAD ./Peripheral/src/ch32v30x_i2c.o
LOAD ./Peripheral/src/ch32v30x_iwdg.o
LOAD ./Peripheral/src/ch32v30x_misc.o
LOAD ./Peripheral/src/ch32v30x_opa.o
LOAD ./Peripheral/src/ch32v30x_pwr.o
LOAD ./Peripheral/src/ch32v30x_rcc.o
LOAD ./Peripheral/src/ch32v30x_rng.o
LOAD ./Peripheral/src/ch32v30x_rtc.o
LOAD ./Peripheral/src/ch32v30x_sdio.o
LOAD ./Peripheral/src/ch32v30x_spi.o
LOAD ./Peripheral/src/ch32v30x_tim.o
LOAD ./Peripheral/src/ch32v30x_usart.o
LOAD ./Peripheral/src/ch32v30x_wwdg.o
LOAD ./Debug/debug.o
LOAD ./Core/core_riscv.o
LOAD D:\projects\mechanical_arm\ch32v307\EVT\EXAM\ETH\NetLib\libwchnet.a
LOAD d:/mounriver/mounriver_studio/toolchain/risc-v embedded gcc/bin/../lib/gcc/riscv-none-embed/8.2.0/../../../../riscv-none-embed/lib/rv32imac/ilp32\libprintf.a
LOAD d:/mounriver/mounriver_studio/toolchain/risc-v embedded gcc/bin/../lib/gcc/riscv-none-embed/8.2.0/rv32imac/ilp32\libgcc.a
LOAD d:/mounriver/mounriver_studio/toolchain/risc-v embedded gcc/bin/../lib/gcc/riscv-none-embed/8.2.0/../../../../riscv-none-embed/lib/rv32imac/ilp32\libg_nano.a
LOAD d:/mounriver/mounriver_studio/toolchain/risc-v embedded gcc/bin/../lib/gcc/riscv-none-embed/8.2.0/../../../../riscv-none-embed/lib/rv32imac/ilp32\libc_nano.a
LOAD d:/mounriver/mounriver_studio/toolchain/risc-v embedded gcc/bin/../lib/gcc/riscv-none-embed/8.2.0/rv32imac/ilp32\libgcc.a
START GROUP
LOAD d:/mounriver/mounriver_studio/toolchain/risc-v embedded gcc/bin/../lib/gcc/riscv-none-embed/8.2.0/rv32imac/ilp32\libgcc.a
LOAD d:/mounriver/mounriver_studio/toolchain/risc-v embedded gcc/bin/../lib/gcc/riscv-none-embed/8.2.0/../../../../riscv-none-embed/lib/rv32imac/ilp32\libc_nano.a
LOAD d:/mounriver/mounriver_studio/toolchain/risc-v embedded gcc/bin/../lib/gcc/riscv-none-embed/8.2.0/../../../../riscv-none-embed/lib/rv32imac/ilp32\libnosys.a
END GROUP
START GROUP
LOAD d:/mounriver/mounriver_studio/toolchain/risc-v embedded gcc/bin/../lib/gcc/riscv-none-embed/8.2.0/rv32imac/ilp32\libgcc.a
LOAD d:/mounriver/mounriver_studio/toolchain/risc-v embedded gcc/bin/../lib/gcc/riscv-none-embed/8.2.0/../../../../riscv-none-embed/lib/rv32imac/ilp32\libc_nano.a
LOAD d:/mounriver/mounriver_studio/toolchain/risc-v embedded gcc/bin/../lib/gcc/riscv-none-embed/8.2.0/../../../../riscv-none-embed/lib/rv32imac/ilp32\libnosys.a
END GROUP
                0x0000000000000800                __stack_size = 0x800
                [!provide]                        PROVIDE (_stack_size = __stack_size)

.init           0x0000000000000000       0x38
                0x0000000000000000                _sinit = .
                0x0000000000000000                . = ALIGN (0x4)
 *(SORT_NONE(.init))
 .init          0x0000000000000000       0x38 ./Startup/startup_ch32v30x_D8C.o
                0x0000000000000000                _start
                0x0000000000000038                . = ALIGN (0x4)
                0x0000000000000038                _einit = .

.vector         0x0000000000000038      0x1c8
 *(.vector)
 .vector        0x0000000000000038      0x1a0 ./Startup/startup_ch32v30x_D8C.o
                0x0000000000000200                . = ALIGN (0x40)
 *fill*         0x00000000000001d8       0x28 

.text           0x0000000000000200     0x83d4
                0x0000000000000200                . = ALIGN (0x4)
 *(.text)
 .text          0x0000000000000200       0x60 d:/mounriver/mounriver_studio/toolchain/risc-v embedded gcc/bin/../lib/gcc/riscv-none-embed/8.2.0/rv32imac/ilp32\libgcc.a(save-restore.o)
                0x0000000000000200                __riscv_save_12
                0x0000000000000208                __riscv_save_9
                0x0000000000000208                __riscv_save_11
                0x0000000000000208                __riscv_save_10
                0x0000000000000208                __riscv_save_8
                0x0000000000000216                __riscv_save_4
                0x0000000000000216                __riscv_save_6
                0x0000000000000216                __riscv_save_5
                0x0000000000000216                __riscv_save_7
                0x0000000000000230                __riscv_save_3
                0x0000000000000230                __riscv_save_2
                0x0000000000000230                __riscv_save_1
                0x0000000000000230                __riscv_save_0
                0x000000000000023c                __riscv_restore_12
                0x0000000000000240                __riscv_restore_11
                0x0000000000000240                __riscv_restore_9
                0x0000000000000240                __riscv_restore_10
                0x0000000000000240                __riscv_restore_8
                0x000000000000024a                __riscv_restore_5
                0x000000000000024a                __riscv_restore_7
                0x000000000000024a                __riscv_restore_6
                0x000000000000024a                __riscv_restore_4
                0x0000000000000254                __riscv_restore_3
                0x0000000000000254                __riscv_restore_0
                0x0000000000000254                __riscv_restore_2
                0x0000000000000254                __riscv_restore_1
 .text          0x0000000000000260       0xa8 d:/mounriver/mounriver_studio/toolchain/risc-v embedded gcc/bin/../lib/gcc/riscv-none-embed/8.2.0/../../../../riscv-none-embed/lib/rv32imac/ilp32\libg_nano.a(lib_a-memset.o)
                0x0000000000000260                memset
 *(.text.*)
 .text.NMI_Handler
                0x0000000000000308        0x4 ./User/ch32v30x_it.o
                0x0000000000000308                NMI_Handler
 .text.HardFault_Handler
                0x000000000000030c       0x44 ./User/ch32v30x_it.o
                0x000000000000030c                HardFault_Handler
 .text.TIM2_IRQHandler
                0x0000000000000350       0x14 ./User/ch32v30x_it.o
                0x0000000000000350                TIM2_IRQHandler
 .text.Ethernet_LED_Configuration
                0x0000000000000364       0x56 ./User/main.o
                0x0000000000000364                Ethernet_LED_Configuration
 .text.Ethernet_LED_DATASET
                0x00000000000003ba       0x1c ./User/main.o
                0x00000000000003ba                Ethernet_LED_DATASET
 .text.mStopIfError
                0x00000000000003d6       0x12 ./User/main.o
                0x00000000000003d6                mStopIfError
 .text.WCHNET_LibInit
                0x00000000000003e8       0x46 ./User/main.o
                0x00000000000003e8                WCHNET_LibInit
 .text.SET_MCO  0x000000000000042e       0x46 ./User/main.o
                0x000000000000042e                SET_MCO
 .text.TIM2_Init
                0x0000000000000474       0x64 ./User/main.o
                0x0000000000000474                TIM2_Init
 .text.WCHNET_CreatTcpSocket
                0x00000000000004d8       0x8a ./User/main.o
                0x00000000000004d8                WCHNET_CreatTcpSocket
 .text.WCHNET_HandleSockInt
                0x0000000000000562       0x92 ./User/main.o
                0x0000000000000562                WCHNET_HandleSockInt
 .text.WCHNET_HandleGlobalInt
                0x00000000000005f4       0x7e ./User/main.o
                0x00000000000005f4                WCHNET_HandleGlobalInt
 .text.Config_Flash_SRAM
                0x0000000000000672       0x50 ./User/main.o
                0x0000000000000672                Config_Flash_SRAM
 .text.startup.main
                0x00000000000006c2       0x72 ./User/main.o
                0x00000000000006c2                main
 .text.SystemInit
                0x0000000000000734       0xf8 ./User/system_ch32v30x.o
                0x0000000000000734                SystemInit
 .text.vector_handler
                0x000000000000082c       0xaa ./Startup/startup_ch32v30x_D8C.o
                0x0000000000000830                Ecall_M_Mode_Handler
                0x0000000000000832                Ecall_U_Mode_Handler
                0x0000000000000834                Break_Point_Handler
                0x0000000000000836                SysTick_Handler
                0x0000000000000838                SW_Handler
                0x000000000000083a                WWDG_IRQHandler
                0x000000000000083c                PVD_IRQHandler
                0x000000000000083e                TAMPER_IRQHandler
                0x0000000000000840                RTC_IRQHandler
                0x0000000000000842                FLASH_IRQHandler
                0x0000000000000844                RCC_IRQHandler
                0x0000000000000846                EXTI0_IRQHandler
                0x0000000000000848                EXTI1_IRQHandler
                0x000000000000084a                EXTI2_IRQHandler
                0x000000000000084c                EXTI3_IRQHandler
                0x000000000000084e                EXTI4_IRQHandler
                0x0000000000000850                DMA1_Channel1_IRQHandler
                0x0000000000000852                DMA1_Channel2_IRQHandler
                0x0000000000000854                DMA1_Channel3_IRQHandler
                0x0000000000000856                DMA1_Channel4_IRQHandler
                0x0000000000000858                DMA1_Channel5_IRQHandler
                0x000000000000085a                DMA1_Channel6_IRQHandler
                0x000000000000085c                DMA1_Channel7_IRQHandler
                0x000000000000085e                ADC1_2_IRQHandler
                0x0000000000000860                USB_HP_CAN1_TX_IRQHandler
                0x0000000000000862                USB_LP_CAN1_RX0_IRQHandler
                0x0000000000000864                CAN1_RX1_IRQHandler
                0x0000000000000866                CAN1_SCE_IRQHandler
                0x0000000000000868                EXTI9_5_IRQHandler
                0x000000000000086a                TIM1_BRK_IRQHandler
                0x000000000000086c                TIM1_UP_IRQHandler
                0x000000000000086e                TIM1_TRG_COM_IRQHandler
                0x0000000000000870                TIM1_CC_IRQHandler
                0x0000000000000874                TIM3_IRQHandler
                0x0000000000000876                TIM4_IRQHandler
                0x0000000000000878                I2C1_EV_IRQHandler
                0x000000000000087a                I2C1_ER_IRQHandler
                0x000000000000087c                I2C2_EV_IRQHandler
                0x000000000000087e                I2C2_ER_IRQHandler
                0x0000000000000880                SPI1_IRQHandler
                0x0000000000000882                SPI2_IRQHandler
                0x0000000000000884                USART1_IRQHandler
                0x0000000000000886                USART2_IRQHandler
                0x0000000000000888                USART3_IRQHandler
                0x000000000000088a                EXTI15_10_IRQHandler
                0x000000000000088c                RTCAlarm_IRQHandler
                0x000000000000088e                TIM8_BRK_IRQHandler
                0x0000000000000890                TIM8_UP_IRQHandler
                0x0000000000000892                TIM8_TRG_COM_IRQHandler
                0x0000000000000894                TIM8_CC_IRQHandler
                0x0000000000000896                RNG_IRQHandler
                0x0000000000000898                FSMC_IRQHandler
                0x000000000000089a                SDIO_IRQHandler
                0x000000000000089c                TIM5_IRQHandler
                0x000000000000089e                SPI3_IRQHandler
                0x00000000000008a0                UART4_IRQHandler
                0x00000000000008a2                UART5_IRQHandler
                0x00000000000008a4                TIM6_IRQHandler
                0x00000000000008a6                TIM7_IRQHandler
                0x00000000000008a8                DMA2_Channel1_IRQHandler
                0x00000000000008aa                DMA2_Channel2_IRQHandler
                0x00000000000008ac                DMA2_Channel3_IRQHandler
                0x00000000000008ae                DMA2_Channel4_IRQHandler
                0x00000000000008b0                DMA2_Channel5_IRQHandler
                0x00000000000008b2                OTG_FS_IRQHandler
                0x00000000000008b4                UART6_IRQHandler
                0x00000000000008b6                UART7_IRQHandler
                0x00000000000008b8                UART8_IRQHandler
                0x00000000000008ba                TIM9_BRK_IRQHandler
                0x00000000000008bc                TIM9_UP_IRQHandler
                0x00000000000008be                TIM9_TRG_COM_IRQHandler
                0x00000000000008c0                TIM9_CC_IRQHandler
                0x00000000000008c2                TIM10_BRK_IRQHandler
                0x00000000000008c4                TIM10_UP_IRQHandler
                0x00000000000008c6                TIM10_TRG_COM_IRQHandler
                0x00000000000008c8                TIM10_CC_IRQHandler
                0x00000000000008ca                DMA2_Channel6_IRQHandler
                0x00000000000008cc                DMA2_Channel7_IRQHandler
                0x00000000000008ce                DMA2_Channel8_IRQHandler
                0x00000000000008d0                DMA2_Channel9_IRQHandler
                0x00000000000008d2                DMA2_Channel10_IRQHandler
                0x00000000000008d4                DMA2_Channel11_IRQHandler
 .text.handle_reset
                0x00000000000008d6       0x8e ./Startup/startup_ch32v30x_D8C.o
                0x00000000000008d6                handle_reset
 .text.ETH_DeInit
                0x0000000000000964       0x14 ./Peripheral/src/ch32v30x_eth.o
                0x0000000000000964                ETH_DeInit
 .text.ETH_StructInit
                0x0000000000000978       0xd8 ./Peripheral/src/ch32v30x_eth.o
                0x0000000000000978                ETH_StructInit
 .text.ETH_ReadPHYRegister
                0x0000000000000a50       0x58 ./Peripheral/src/ch32v30x_eth.o
                0x0000000000000a50                ETH_ReadPHYRegister
 .text.ETH_WritePHYRegister
                0x0000000000000aa8       0x52 ./Peripheral/src/ch32v30x_eth.o
                0x0000000000000aa8                ETH_WritePHYRegister
 .text.ETH_DMATxDescChainInit
                0x0000000000000afa       0x46 ./Peripheral/src/ch32v30x_eth.o
                0x0000000000000afa                ETH_DMATxDescChainInit
 .text.ETH_DMARxDescChainInit
                0x0000000000000b40       0x50 ./Peripheral/src/ch32v30x_eth.o
                0x0000000000000b40                ETH_DMARxDescChainInit
 .text.ETH_SoftwareReset
                0x0000000000000b90        0xe ./Peripheral/src/ch32v30x_eth.o
                0x0000000000000b90                ETH_SoftwareReset
 .text.ETH_FlushTransmitFIFO
                0x0000000000000b9e       0x10 ./Peripheral/src/ch32v30x_eth.o
                0x0000000000000b9e                ETH_FlushTransmitFIFO
 .text.ETH_Start
                0x0000000000000bae       0x38 ./Peripheral/src/ch32v30x_eth.o
                0x0000000000000bae                ETH_Start
 .text.ETH_DMAITConfig
                0x0000000000000be6       0x1e ./Peripheral/src/ch32v30x_eth.o
                0x0000000000000be6                ETH_DMAITConfig
 .text.ETH_GetCurrentTxBufferAddress
                0x0000000000000c04        0xc ./Peripheral/src/ch32v30x_eth.o
                0x0000000000000c04                ETH_GetCurrentTxBufferAddress
 .text.FLASH_Unlock
                0x0000000000000c10       0x1a ./Peripheral/src/ch32v30x_flash.o
                0x0000000000000c10                FLASH_Unlock
 .text.FLASH_Lock
                0x0000000000000c2a        0xe ./Peripheral/src/ch32v30x_flash.o
                0x0000000000000c2a                FLASH_Lock
 .text.FLASH_GetUserOptionByte
                0x0000000000000c38        0xa ./Peripheral/src/ch32v30x_flash.o
                0x0000000000000c38                FLASH_GetUserOptionByte
 .text.FLASH_GetBank1Status
                0x0000000000000c42       0x20 ./Peripheral/src/ch32v30x_flash.o
                0x0000000000000c42                FLASH_GetBank1Status
 .text.FLASH_WaitForLastOperation
                0x0000000000000c62       0x2a ./Peripheral/src/ch32v30x_flash.o
                0x0000000000000c62                FLASH_WaitForLastOperation
 .text.FLASH_ProgramOptionByteData
                0x0000000000000c8c      0x10e ./Peripheral/src/ch32v30x_flash.o
                0x0000000000000c8c                FLASH_ProgramOptionByteData
 .text.GPIO_Init
                0x0000000000000d9a       0xc2 ./Peripheral/src/ch32v30x_gpio.o
                0x0000000000000d9a                GPIO_Init
 .text.GPIO_SetBits
                0x0000000000000e5c        0x4 ./Peripheral/src/ch32v30x_gpio.o
                0x0000000000000e5c                GPIO_SetBits
 .text.GPIO_ResetBits
                0x0000000000000e60        0x4 ./Peripheral/src/ch32v30x_gpio.o
                0x0000000000000e60                GPIO_ResetBits
 .text.RCC_GetClocksFreq
                0x0000000000000e64      0x10e ./Peripheral/src/ch32v30x_rcc.o
                0x0000000000000e64                RCC_GetClocksFreq
 .text.RCC_AHBPeriphClockCmd
                0x0000000000000f72       0x1e ./Peripheral/src/ch32v30x_rcc.o
                0x0000000000000f72                RCC_AHBPeriphClockCmd
 .text.RCC_APB2PeriphClockCmd
                0x0000000000000f90       0x1e ./Peripheral/src/ch32v30x_rcc.o
                0x0000000000000f90                RCC_APB2PeriphClockCmd
 .text.RCC_APB1PeriphClockCmd
                0x0000000000000fae       0x1e ./Peripheral/src/ch32v30x_rcc.o
                0x0000000000000fae                RCC_APB1PeriphClockCmd
 .text.RCC_MCOConfig
                0x0000000000000fcc        0xa ./Peripheral/src/ch32v30x_rcc.o
                0x0000000000000fcc                RCC_MCOConfig
 .text.RCC_GetFlagStatus
                0x0000000000000fd6       0x2e ./Peripheral/src/ch32v30x_rcc.o
                0x0000000000000fd6                RCC_GetFlagStatus
 .text.RCC_PREDIV2Config
                0x0000000000001004       0x10 ./Peripheral/src/ch32v30x_rcc.o
                0x0000000000001004                RCC_PREDIV2Config
 .text.RCC_PLL3Config
                0x0000000000001014       0x12 ./Peripheral/src/ch32v30x_rcc.o
                0x0000000000001014                RCC_PLL3Config
 .text.RCC_PLL3Cmd
                0x0000000000001026       0x24 ./Peripheral/src/ch32v30x_rcc.o
                0x0000000000001026                RCC_PLL3Cmd
 .text.RCC_AHBPeriphResetCmd
                0x000000000000104a       0x1e ./Peripheral/src/ch32v30x_rcc.o
                0x000000000000104a                RCC_AHBPeriphResetCmd
 .text.TIM_TimeBaseInit
                0x0000000000001068       0xc0 ./Peripheral/src/ch32v30x_tim.o
                0x0000000000001068                TIM_TimeBaseInit
 .text.TIM_Cmd  0x0000000000001128       0x1c ./Peripheral/src/ch32v30x_tim.o
                0x0000000000001128                TIM_Cmd
 .text.TIM_ITConfig
                0x0000000000001144       0x16 ./Peripheral/src/ch32v30x_tim.o
                0x0000000000001144                TIM_ITConfig
 .text.TIM_ClearITPendingBit
                0x000000000000115a        0xe ./Peripheral/src/ch32v30x_tim.o
                0x000000000000115a                TIM_ClearITPendingBit
 .text.USART_Init
                0x0000000000001168       0xd8 ./Peripheral/src/ch32v30x_usart.o
                0x0000000000001168                USART_Init
 .text.USART_Cmd
                0x0000000000001240       0x1c ./Peripheral/src/ch32v30x_usart.o
                0x0000000000001240                USART_Cmd
 .text.USART_SendData
                0x000000000000125c        0xa ./Peripheral/src/ch32v30x_usart.o
                0x000000000000125c                USART_SendData
 .text.USART_GetFlagStatus
                0x0000000000001266        0xc ./Peripheral/src/ch32v30x_usart.o
                0x0000000000001266                USART_GetFlagStatus
 .text.Delay_Init
                0x0000000000001272       0x26 ./Debug/debug.o
                0x0000000000001272                Delay_Init
 .text.Delay_Ms
                0x0000000000001298       0x2e ./Debug/debug.o
                0x0000000000001298                Delay_Ms
 .text.USART_Printf_Init
                0x00000000000012c6       0x56 ./Debug/debug.o
                0x00000000000012c6                USART_Printf_Init
 .text._write   0x000000000000131c       0x4c ./Debug/debug.o
                0x000000000000131c                _write
 .text.__get_MEPC
                0x0000000000001368        0x6 ./Core/core_riscv.o
                0x0000000000001368                __get_MEPC
 .text.__get_MCAUSE
                0x000000000000136e        0x6 ./Core/core_riscv.o
                0x000000000000136e                __get_MCAUSE
 .text.__get_MTVAL
                0x0000000000001374        0x6 ./Core/core_riscv.o
                0x0000000000001374                __get_MTVAL
 .text.WCH_GetMac
                0x000000000000137a       0x20 D:\projects\mechanical_arm\ch32v307\EVT\EXAM\ETH\NetLib\libwchnet.a(eth_driver.o)
                0x000000000000137a                WCH_GetMac
 .text.ETH_TxPkt_ChainMode
                0x000000000000139a       0x3c D:\projects\mechanical_arm\ch32v307\EVT\EXAM\ETH\NetLib\libwchnet.a(eth_driver.o)
                0x000000000000139a                ETH_TxPkt_ChainMode
 .text.mac_send
                0x00000000000013d6       0x30 D:\projects\mechanical_arm\ch32v307\EVT\EXAM\ETH\NetLib\libwchnet.a(eth_driver.o)
                0x00000000000013d6                mac_send
 .text.ETH_Init
                0x0000000000001406      0x164 D:\projects\mechanical_arm\ch32v307\EVT\EXAM\ETH\NetLib\libwchnet.a(eth_driver.o)
                0x0000000000001406                ETH_Init
 .text.Ethernet_Configuration
                0x000000000000156a       0xac D:\projects\mechanical_arm\ch32v307\EVT\EXAM\ETH\NetLib\libwchnet.a(eth_driver.o)
                0x000000000000156a                Ethernet_Configuration
 .text.CH563TCPError
                0x0000000000001616        0x2 D:\projects\mechanical_arm\ch32v307\EVT\EXAM\ETH\NetLib\libwchnet.a(socket.o)
                0x0000000000001616                CH563TCPError
 .text.LwipTCPSendCallBack
                0x0000000000001618       0x3c D:\projects\mechanical_arm\ch32v307\EVT\EXAM\ETH\NetLib\libwchnet.a(socket.o)
                0x0000000000001618                LwipTCPSendCallBack
 .text.LwipTCPPollCallBack
                0x0000000000001654        0x4 D:\projects\mechanical_arm\ch32v307\EVT\EXAM\ETH\NetLib\libwchnet.a(socket.o)
                0x0000000000001654                LwipTCPPollCallBack
 .text.SocketIPRAWReceive
                0x0000000000001658       0xc2 D:\projects\mechanical_arm\ch32v307\EVT\EXAM\ETH\NetLib\libwchnet.a(socket.o)
                0x0000000000001658                SocketIPRAWReceive
 .text.SocketUdpReceive
                0x000000000000171a       0xfc D:\projects\mechanical_arm\ch32v307\EVT\EXAM\ETH\NetLib\libwchnet.a(socket.o)
                0x000000000000171a                SocketUdpReceive
 .text.WCHSocketTCPReceive
                0x0000000000001816      0x13a D:\projects\mechanical_arm\ch32v307\EVT\EXAM\ETH\NetLib\libwchnet.a(socket.o)
                0x0000000000001816                WCHSocketTCPReceive
 .text.LwipTcpConnectedCallBack
                0x0000000000001950       0x42 D:\projects\mechanical_arm\ch32v307\EVT\EXAM\ETH\NetLib\libwchnet.a(socket.o)
                0x0000000000001950                LwipTcpConnectedCallBack
 .text.ErrorEncode
                0x0000000000001992       0x1a D:\projects\mechanical_arm\ch32v307\EVT\EXAM\ETH\NetLib\libwchnet.a(socket.o)
                0x0000000000001992                ErrorEncode
 .text.MemShortCopy
                0x00000000000019ac       0x1e D:\projects\mechanical_arm\ch32v307\EVT\EXAM\ETH\NetLib\libwchnet.a(socket.o)
                0x00000000000019ac                MemShortCopy
 .text.WCHSocketInit
                0x00000000000019ca       0x4c D:\projects\mechanical_arm\ch32v307\EVT\EXAM\ETH\NetLib\libwchnet.a(socket.o)
                0x00000000000019ca                WCHSocketInit
 .text.WCHNET_Init
                0x0000000000001a16       0xec D:\projects\mechanical_arm\ch32v307\EVT\EXAM\ETH\NetLib\libwchnet.a(socket.o)
                0x0000000000001a16                WCHNET_Init
 .text.WCHNET_ConfigLIB
                0x0000000000001b02       0x1c D:\projects\mechanical_arm\ch32v307\EVT\EXAM\ETH\NetLib\libwchnet.a(socket.o)
                0x0000000000001b02                WCHNET_ConfigLIB
 .text.PhyDataLed_fun
                0x0000000000001b1e       0x40 D:\projects\mechanical_arm\ch32v307\EVT\EXAM\ETH\NetLib\libwchnet.a(socket.o)
                0x0000000000001b1e                PhyDataLed_fun
 .text.WCHNET_TimeIsr
                0x0000000000001b5e        0xc D:\projects\mechanical_arm\ch32v307\EVT\EXAM\ETH\NetLib\libwchnet.a(socket.o)
                0x0000000000001b5e                WCHNET_TimeIsr
 .text.WCHFindCorrectTCBPcb
                0x0000000000001b6a       0x5c D:\projects\mechanical_arm\ch32v307\EVT\EXAM\ETH\NetLib\libwchnet.a(socket.o)
                0x0000000000001b6a                WCHFindCorrectTCBPcb
 .text.WCHNET_SocketCreat
                0x0000000000001bc6      0x1b0 D:\projects\mechanical_arm\ch32v307\EVT\EXAM\ETH\NetLib\libwchnet.a(socket.o)
                0x0000000000001bc6                WCHNET_SocketCreat
 .text.tcp_recved_socket
                0x0000000000001d76       0x28 D:\projects\mechanical_arm\ch32v307\EVT\EXAM\ETH\NetLib\libwchnet.a(socket.o)
                0x0000000000001d76                tcp_recved_socket
 .text.WCHNET_SocketRecv
                0x0000000000001d9e      0x1ce D:\projects\mechanical_arm\ch32v307\EVT\EXAM\ETH\NetLib\libwchnet.a(socket.o)
                0x0000000000001d9e                WCHNET_SocketRecv
 .text.WCHNET_SocketRecvLen
                0x0000000000001f6c       0x26 D:\projects\mechanical_arm\ch32v307\EVT\EXAM\ETH\NetLib\libwchnet.a(socket.o)
                0x0000000000001f6c                WCHNET_SocketRecvLen
 .text.SocketIPRawSend
                0x0000000000001f92       0xe8 D:\projects\mechanical_arm\ch32v307\EVT\EXAM\ETH\NetLib\libwchnet.a(socket.o)
                0x0000000000001f92                SocketIPRawSend
 .text.SocketUdpSend
                0x000000000000207a       0xcc D:\projects\mechanical_arm\ch32v307\EVT\EXAM\ETH\NetLib\libwchnet.a(socket.o)
                0x000000000000207a                SocketUdpSend
 .text.WCHScokedIntHandle
                0x0000000000002146       0x62 D:\projects\mechanical_arm\ch32v307\EVT\EXAM\ETH\NetLib\libwchnet.a(socket.o)
                0x0000000000002146                WCHScokedIntHandle
 .text.LwipRemoveTcpPcb
                0x00000000000021a8       0xa2 D:\projects\mechanical_arm\ch32v307\EVT\EXAM\ETH\NetLib\libwchnet.a(socket.o)
                0x00000000000021a8                LwipRemoveTcpPcb
 .text.WCHNET_QueryGlobalInt
                0x000000000000224a       0x2c D:\projects\mechanical_arm\ch32v307\EVT\EXAM\ETH\NetLib\libwchnet.a(socket.o)
                0x000000000000224a                WCHNET_QueryGlobalInt
 .text.WCHNET_GetGlobalInt
                0x0000000000002276        0xe D:\projects\mechanical_arm\ch32v307\EVT\EXAM\ETH\NetLib\libwchnet.a(socket.o)
                0x0000000000002276                WCHNET_GetGlobalInt
 .text.WCHNET_GetSocketInt
                0x0000000000002284       0x24 D:\projects\mechanical_arm\ch32v307\EVT\EXAM\ETH\NetLib\libwchnet.a(socket.o)
                0x0000000000002284                WCHNET_GetSocketInt
 .text.CH563IPSetSocketRecvInit
                0x00000000000022a8       0x2a D:\projects\mechanical_arm\ch32v307\EVT\EXAM\ETH\NetLib\libwchnet.a(socket.o)
                0x00000000000022a8                CH563IPSetSocketRecvInit
 .text.WCHNET_MainTask
                0x00000000000022d2       0x28 D:\projects\mechanical_arm\ch32v307\EVT\EXAM\ETH\NetLib\libwchnet.a(socket.o)
                0x00000000000022d2                WCHNET_MainTask
 .text.SocketTcpSend
                0x00000000000022fa      0x110 D:\projects\mechanical_arm\ch32v307\EVT\EXAM\ETH\NetLib\libwchnet.a(socket.o)
                0x00000000000022fa                SocketTcpSend
 .text.WCHNET_SocketSend
                0x000000000000240a       0x54 D:\projects\mechanical_arm\ch32v307\EVT\EXAM\ETH\NetLib\libwchnet.a(socket.o)
                0x000000000000240a                WCHNET_SocketSend
 .text.WCHNET_GetPHYStatus
                0x000000000000245e        0x6 D:\projects\mechanical_arm\ch32v307\EVT\EXAM\ETH\NetLib\libwchnet.a(socket.o)
                0x000000000000245e                WCHNET_GetPHYStatus
 .text.WCHNET_SocketConnect
                0x0000000000002464       0x6c D:\projects\mechanical_arm\ch32v307\EVT\EXAM\ETH\NetLib\libwchnet.a(socket.o)
                0x0000000000002464                WCHNET_SocketConnect
 .text.QueryPingEnable
                0x00000000000024d0        0x4 D:\projects\mechanical_arm\ch32v307\EVT\EXAM\ETH\NetLib\libwchnet.a(socket.o)
                0x00000000000024d0                QueryPingEnable
 .text.LwipUnreachPort
                0x00000000000024d4       0x16 D:\projects\mechanical_arm\ch32v307\EVT\EXAM\ETH\NetLib\libwchnet.a(socket.o)
                0x00000000000024d4                LwipUnreachPort
 .text.LwipArpCheck
                0x00000000000024ea        0x8 D:\projects\mechanical_arm\ch32v307\EVT\EXAM\ETH\NetLib\libwchnet.a(socket.o)
                0x00000000000024ea                LwipArpCheck
 .text.find_entry
                0x00000000000024f2      0x17a D:\projects\mechanical_arm\ch32v307\EVT\EXAM\ETH\NetLib\libwchnet.a(etharp.o)
 .text.update_arp_entry
                0x000000000000266c       0xac D:\projects\mechanical_arm\ch32v307\EVT\EXAM\ETH\NetLib\libwchnet.a(etharp.o)
 .text.etharp_tmr
                0x0000000000002718       0x4a D:\projects\mechanical_arm\ch32v307\EVT\EXAM\ETH\NetLib\libwchnet.a(etharp.o)
                0x0000000000002718                etharp_tmr
 .text.etharp_ip_input
                0x0000000000002762       0x36 D:\projects\mechanical_arm\ch32v307\EVT\EXAM\ETH\NetLib\libwchnet.a(etharp.o)
                0x0000000000002762                etharp_ip_input
 .text.etharp_arp_input
                0x0000000000002798      0x15a D:\projects\mechanical_arm\ch32v307\EVT\EXAM\ETH\NetLib\libwchnet.a(etharp.o)
                0x0000000000002798                etharp_arp_input
 .text.etharp_request
                0x00000000000028f2       0xd8 D:\projects\mechanical_arm\ch32v307\EVT\EXAM\ETH\NetLib\libwchnet.a(etharp.o)
                0x00000000000028f2                etharp_request
 .text.etharp_query
                0x00000000000029ca       0xe0 D:\projects\mechanical_arm\ch32v307\EVT\EXAM\ETH\NetLib\libwchnet.a(etharp.o)
                0x00000000000029ca                etharp_query
 .text.etharp_output
                0x0000000000002aaa      0x13a D:\projects\mechanical_arm\ch32v307\EVT\EXAM\ETH\NetLib\libwchnet.a(etharp.o)
                0x0000000000002aaa                etharp_output
 .text.ethernet_input
                0x0000000000002be4       0x58 D:\projects\mechanical_arm\ch32v307\EVT\EXAM\ETH\NetLib\libwchnet.a(etharp.o)
                0x0000000000002be4                ethernet_input
 .text.low_level_output
                0x0000000000002c3c       0xa4 D:\projects\mechanical_arm\ch32v307\EVT\EXAM\ETH\NetLib\libwchnet.a(ethernetif.o)
 .text.low_level_init
                0x0000000000002ce0       0x72 D:\projects\mechanical_arm\ch32v307\EVT\EXAM\ETH\NetLib\libwchnet.a(ethernetif.o)
                0x0000000000002ce0                low_level_init
 .text.ethernetif_init
                0x0000000000002d52       0x32 D:\projects\mechanical_arm\ch32v307\EVT\EXAM\ETH\NetLib\libwchnet.a(ethernetif.o)
                0x0000000000002d52                ethernetif_init
 .text.ethernetif_input
                0x0000000000002d84      0x188 D:\projects\mechanical_arm\ch32v307\EVT\EXAM\ETH\NetLib\libwchnet.a(ethernetif.o)
                0x0000000000002d84                ethernetif_input
 .text.SetupNetif
                0x0000000000002f0c       0xa4 D:\projects\mechanical_arm\ch32v307\EVT\EXAM\ETH\NetLib\libwchnet.a(ethernetif.o)
                0x0000000000002f0c                SetupNetif
 .text.LwIPPeriodicHandle
                0x0000000000002fb0       0xf4 D:\projects\mechanical_arm\ch32v307\EVT\EXAM\ETH\NetLib\libwchnet.a(ethernetif.o)
                0x0000000000002fb0                LwIPPeriodicHandle
 .text.htons    0x00000000000030a4        0xe D:\projects\mechanical_arm\ch32v307\EVT\EXAM\ETH\NetLib\libwchnet.a(inet.o)
                0x00000000000030a4                htons
 .text.ntohs    0x00000000000030b2        0xe D:\projects\mechanical_arm\ch32v307\EVT\EXAM\ETH\NetLib\libwchnet.a(inet.o)
                0x00000000000030b2                ntohs
 .text.htonl    0x00000000000030c0       0x24 D:\projects\mechanical_arm\ch32v307\EVT\EXAM\ETH\NetLib\libwchnet.a(inet.o)
                0x00000000000030c0                htonl
 .text.ntohl    0x00000000000030e4        0xa D:\projects\mechanical_arm\ch32v307\EVT\EXAM\ETH\NetLib\libwchnet.a(inet.o)
                0x00000000000030e4                ntohl
 .text.ip_route
                0x00000000000030ee       0x4c D:\projects\mechanical_arm\ch32v307\EVT\EXAM\ETH\NetLib\libwchnet.a(ip.o)
                0x00000000000030ee                ip_route
 .text.ip_input
                0x000000000000313a      0x2b6 D:\projects\mechanical_arm\ch32v307\EVT\EXAM\ETH\NetLib\libwchnet.a(ip.o)
                0x000000000000313a                ip_input
 .text.ip_output_if
                0x00000000000033f0      0x15a D:\projects\mechanical_arm\ch32v307\EVT\EXAM\ETH\NetLib\libwchnet.a(ip.o)
                0x00000000000033f0                ip_output_if
 .text.ip_output
                0x000000000000354a       0x36 D:\projects\mechanical_arm\ch32v307\EVT\EXAM\ETH\NetLib\libwchnet.a(ip.o)
                0x000000000000354a                ip_output
 .text.ip_addr_isbroadcast
                0x0000000000003580       0x4a D:\projects\mechanical_arm\ch32v307\EVT\EXAM\ETH\NetLib\libwchnet.a(ip_addr.o)
                0x0000000000003580                ip_addr_isbroadcast
 .text.ip_reass_tmr
                0x00000000000035ca       0xe6 D:\projects\mechanical_arm\ch32v307\EVT\EXAM\ETH\NetLib\libwchnet.a(ip_frag.o)
                0x00000000000035ca                ip_reass_tmr
 .text.ip_reass
                0x00000000000036b0      0x3d6 D:\projects\mechanical_arm\ch32v307\EVT\EXAM\ETH\NetLib\libwchnet.a(ip_frag.o)
                0x00000000000036b0                ip_reass
 .text.ip_frag  0x0000000000003a86      0x176 D:\projects\mechanical_arm\ch32v307\EVT\EXAM\ETH\NetLib\libwchnet.a(ip_frag.o)
                0x0000000000003a86                ip_frag
 .text.lwip_init
                0x0000000000003bfc       0x14 D:\projects\mechanical_arm\ch32v307\EVT\EXAM\ETH\NetLib\libwchnet.a(init.o)
                0x0000000000003bfc                lwip_init
 .text.mem_init
                0x0000000000003c10       0x3a D:\projects\mechanical_arm\ch32v307\EVT\EXAM\ETH\NetLib\libwchnet.a(mem.o)
                0x0000000000003c10                mem_init
 .text.mem_free
                0x0000000000003c4a       0x84 D:\projects\mechanical_arm\ch32v307\EVT\EXAM\ETH\NetLib\libwchnet.a(mem.o)
                0x0000000000003c4a                mem_free
 .text.mem_realloc
                0x0000000000003cce       0xc6 D:\projects\mechanical_arm\ch32v307\EVT\EXAM\ETH\NetLib\libwchnet.a(mem.o)
                0x0000000000003cce                mem_realloc
 .text.mem_malloc
                0x0000000000003d94       0xcc D:\projects\mechanical_arm\ch32v307\EVT\EXAM\ETH\NetLib\libwchnet.a(mem.o)
                0x0000000000003d94                mem_malloc
 .text.memp_init
                0x0000000000003e60       0x4c D:\projects\mechanical_arm\ch32v307\EVT\EXAM\ETH\NetLib\libwchnet.a(memp.o)
                0x0000000000003e60                memp_init
 .text.memp_malloc
                0x0000000000003eac       0x1c D:\projects\mechanical_arm\ch32v307\EVT\EXAM\ETH\NetLib\libwchnet.a(memp.o)
                0x0000000000003eac                memp_malloc
 .text.memp_free
                0x0000000000003ec8       0x14 D:\projects\mechanical_arm\ch32v307\EVT\EXAM\ETH\NetLib\libwchnet.a(memp.o)
                0x0000000000003ec8                memp_free
 .text.netif_set_ipaddr
                0x0000000000003edc       0x96 D:\projects\mechanical_arm\ch32v307\EVT\EXAM\ETH\NetLib\libwchnet.a(netif.o)
                0x0000000000003edc                netif_set_ipaddr
 .text.netif_set_addr
                0x0000000000003f72       0x4e D:\projects\mechanical_arm\ch32v307\EVT\EXAM\ETH\NetLib\libwchnet.a(netif.o)
                0x0000000000003f72                netif_set_addr
 .text.netif_add
                0x0000000000003fc0       0x5a D:\projects\mechanical_arm\ch32v307\EVT\EXAM\ETH\NetLib\libwchnet.a(netif.o)
                0x0000000000003fc0                netif_add
 .text.netif_set_default
                0x000000000000401a        0x6 D:\projects\mechanical_arm\ch32v307\EVT\EXAM\ETH\NetLib\libwchnet.a(netif.o)
                0x000000000000401a                netif_set_default
 .text.netif_is_up
                0x0000000000004020        0x8 D:\projects\mechanical_arm\ch32v307\EVT\EXAM\ETH\NetLib\libwchnet.a(netif.o)
                0x0000000000004020                netif_is_up
 .text.pbuf_header
                0x0000000000004028       0x6e D:\projects\mechanical_arm\ch32v307\EVT\EXAM\ETH\NetLib\libwchnet.a(pbuf.o)
                0x0000000000004028                pbuf_header
 .text.pbuf_free
                0x0000000000004096       0x4e D:\projects\mechanical_arm\ch32v307\EVT\EXAM\ETH\NetLib\libwchnet.a(pbuf.o)
                0x0000000000004096                pbuf_free
 .text.pbuf_alloc
                0x00000000000040e4      0x13c D:\projects\mechanical_arm\ch32v307\EVT\EXAM\ETH\NetLib\libwchnet.a(pbuf.o)
                0x00000000000040e4                pbuf_alloc
 .text.pbuf_realloc
                0x0000000000004220       0x58 D:\projects\mechanical_arm\ch32v307\EVT\EXAM\ETH\NetLib\libwchnet.a(pbuf.o)
                0x0000000000004220                pbuf_realloc
 .text.pbuf_clen
                0x0000000000004278       0x12 D:\projects\mechanical_arm\ch32v307\EVT\EXAM\ETH\NetLib\libwchnet.a(pbuf.o)
                0x0000000000004278                pbuf_clen
 .text.pbuf_ref
                0x000000000000428a        0xa D:\projects\mechanical_arm\ch32v307\EVT\EXAM\ETH\NetLib\libwchnet.a(pbuf.o)
                0x000000000000428a                pbuf_ref
 .text.pbuf_cat
                0x0000000000004294       0x1c D:\projects\mechanical_arm\ch32v307\EVT\EXAM\ETH\NetLib\libwchnet.a(pbuf.o)
                0x0000000000004294                pbuf_cat
 .text.pbuf_chain
                0x00000000000042b0       0x14 D:\projects\mechanical_arm\ch32v307\EVT\EXAM\ETH\NetLib\libwchnet.a(pbuf.o)
                0x00000000000042b0                pbuf_chain
 .text.pbuf_copy
                0x00000000000042c4       0x9c D:\projects\mechanical_arm\ch32v307\EVT\EXAM\ETH\NetLib\libwchnet.a(pbuf.o)
                0x00000000000042c4                pbuf_copy
 .text.raw_input
                0x0000000000004360       0x68 D:\projects\mechanical_arm\ch32v307\EVT\EXAM\ETH\NetLib\libwchnet.a(raw.o)
                0x0000000000004360                raw_input
 .text.raw_bind
                0x00000000000043c8       0x1e D:\projects\mechanical_arm\ch32v307\EVT\EXAM\ETH\NetLib\libwchnet.a(raw.o)
                0x00000000000043c8                raw_bind
 .text.raw_connect
                0x00000000000043e6       0x1e D:\projects\mechanical_arm\ch32v307\EVT\EXAM\ETH\NetLib\libwchnet.a(raw.o)
                0x00000000000043e6                raw_connect
 .text.raw_recv
                0x0000000000004404        0x6 D:\projects\mechanical_arm\ch32v307\EVT\EXAM\ETH\NetLib\libwchnet.a(raw.o)
                0x0000000000004404                raw_recv
 .text.raw_sendto
                0x000000000000440a       0x7e D:\projects\mechanical_arm\ch32v307\EVT\EXAM\ETH\NetLib\libwchnet.a(raw.o)
                0x000000000000440a                raw_sendto
 .text.raw_send
                0x0000000000004488       0x10 D:\projects\mechanical_arm\ch32v307\EVT\EXAM\ETH\NetLib\libwchnet.a(raw.o)
                0x0000000000004488                raw_send
 .text.raw_new  0x0000000000004498       0x30 D:\projects\mechanical_arm\ch32v307\EVT\EXAM\ETH\NetLib\libwchnet.a(raw.o)
                0x0000000000004498                raw_new
 .text.tcp_new_port
                0x00000000000044c8       0x5c D:\projects\mechanical_arm\ch32v307\EVT\EXAM\ETH\NetLib\libwchnet.a(tcp.o)
 .text.tcp_bind
                0x0000000000004524      0x116 D:\projects\mechanical_arm\ch32v307\EVT\EXAM\ETH\NetLib\libwchnet.a(tcp.o)
                0x0000000000004524                tcp_bind
 .text.tcp_update_rcv_ann_wnd
                0x000000000000463a       0x40 D:\projects\mechanical_arm\ch32v307\EVT\EXAM\ETH\NetLib\libwchnet.a(tcp.o)
                0x000000000000463a                tcp_update_rcv_ann_wnd
 .text.tcp_recved
                0x000000000000467a       0x44 D:\projects\mechanical_arm\ch32v307\EVT\EXAM\ETH\NetLib\libwchnet.a(tcp.o)
                0x000000000000467a                tcp_recved
 .text.tcp_seg_free
                0x00000000000046be       0x2a D:\projects\mechanical_arm\ch32v307\EVT\EXAM\ETH\NetLib\libwchnet.a(tcp.o)
                0x00000000000046be                tcp_seg_free
 .text.tcp_segs_free
                0x00000000000046e8       0x1e D:\projects\mechanical_arm\ch32v307\EVT\EXAM\ETH\NetLib\libwchnet.a(tcp.o)
                0x00000000000046e8                tcp_segs_free
 .text.tcp_seg_copy
                0x0000000000004706       0x28 D:\projects\mechanical_arm\ch32v307\EVT\EXAM\ETH\NetLib\libwchnet.a(tcp.o)
                0x0000000000004706                tcp_seg_copy
 .text.tcp_arg  0x000000000000472e        0x4 D:\projects\mechanical_arm\ch32v307\EVT\EXAM\ETH\NetLib\libwchnet.a(tcp.o)
                0x000000000000472e                tcp_arg
 .text.tcp_recv
                0x0000000000004732        0x6 D:\projects\mechanical_arm\ch32v307\EVT\EXAM\ETH\NetLib\libwchnet.a(tcp.o)
                0x0000000000004732                tcp_recv
 .text.tcp_sent
                0x0000000000004738        0x6 D:\projects\mechanical_arm\ch32v307\EVT\EXAM\ETH\NetLib\libwchnet.a(tcp.o)
                0x0000000000004738                tcp_sent
 .text.tcp_err  0x000000000000473e        0x6 D:\projects\mechanical_arm\ch32v307\EVT\EXAM\ETH\NetLib\libwchnet.a(tcp.o)
                0x000000000000473e                tcp_err
 .text.tcp_poll
                0x0000000000004744        0xa D:\projects\mechanical_arm\ch32v307\EVT\EXAM\ETH\NetLib\libwchnet.a(tcp.o)
                0x0000000000004744                tcp_poll
 .text.tcp_pcb_purge
                0x000000000000474e       0x4c D:\projects\mechanical_arm\ch32v307\EVT\EXAM\ETH\NetLib\libwchnet.a(tcp.o)
                0x000000000000474e                tcp_pcb_purge
 .text.tcp_slowtmr
                0x000000000000479a      0x270 D:\projects\mechanical_arm\ch32v307\EVT\EXAM\ETH\NetLib\libwchnet.a(tcp.o)
                0x000000000000479a                tcp_slowtmr
 .text.RemoveTimeWaiTCP
                0x0000000000004a0a       0x32 D:\projects\mechanical_arm\ch32v307\EVT\EXAM\ETH\NetLib\libwchnet.a(tcp.o)
                0x0000000000004a0a                RemoveTimeWaiTCP
 .text.tcp_pcb_remove
                0x0000000000004a3c       0x72 D:\projects\mechanical_arm\ch32v307\EVT\EXAM\ETH\NetLib\libwchnet.a(tcp.o)
                0x0000000000004a3c                tcp_pcb_remove
 .text.tcp_close
                0x0000000000004aae       0xb2 D:\projects\mechanical_arm\ch32v307\EVT\EXAM\ETH\NetLib\libwchnet.a(tcp.o)
                0x0000000000004aae                tcp_close
 .text.tcp_recv_null
                0x0000000000004b60       0x30 D:\projects\mechanical_arm\ch32v307\EVT\EXAM\ETH\NetLib\libwchnet.a(tcp.o)
                0x0000000000004b60                tcp_recv_null
 .text.tcp_fasttmr
                0x0000000000004b90       0x62 D:\projects\mechanical_arm\ch32v307\EVT\EXAM\ETH\NetLib\libwchnet.a(tcp.o)
                0x0000000000004b90                tcp_fasttmr
 .text.tcp_tmr  0x0000000000004bf2       0x22 D:\projects\mechanical_arm\ch32v307\EVT\EXAM\ETH\NetLib\libwchnet.a(tcp.o)
                0x0000000000004bf2                tcp_tmr
 .text.tcp_abandon
                0x0000000000004c14       0x98 D:\projects\mechanical_arm\ch32v307\EVT\EXAM\ETH\NetLib\libwchnet.a(tcp.o)
                0x0000000000004c14                tcp_abandon
 .text.tcp_next_iss
                0x0000000000004cac       0x10 D:\projects\mechanical_arm\ch32v307\EVT\EXAM\ETH\NetLib\libwchnet.a(tcp.o)
                0x0000000000004cac                tcp_next_iss
 .text.tcp_alloc
                0x0000000000004cbc      0x130 D:\projects\mechanical_arm\ch32v307\EVT\EXAM\ETH\NetLib\libwchnet.a(tcp.o)
                0x0000000000004cbc                tcp_alloc
 .text.tcp_new  0x0000000000004dec       0x10 D:\projects\mechanical_arm\ch32v307\EVT\EXAM\ETH\NetLib\libwchnet.a(tcp.o)
                0x0000000000004dec                tcp_new
 .text.tcp_eff_send_mss
                0x0000000000004dfc       0x2e D:\projects\mechanical_arm\ch32v307\EVT\EXAM\ETH\NetLib\libwchnet.a(tcp.o)
                0x0000000000004dfc                tcp_eff_send_mss
 .text.tcp_connect
                0x0000000000004e2a       0xe6 D:\projects\mechanical_arm\ch32v307\EVT\EXAM\ETH\NetLib\libwchnet.a(tcp.o)
                0x0000000000004e2a                tcp_connect
 .text.tcp_oos_insert_segment
                0x0000000000004f10       0xce D:\projects\mechanical_arm\ch32v307\EVT\EXAM\ETH\NetLib\libwchnet.a(tcp_in.o)
 .text.tcp_receive
                0x0000000000004fde      0x8c8 D:\projects\mechanical_arm\ch32v307\EVT\EXAM\ETH\NetLib\libwchnet.a(tcp_in.o)
 .text.tcp_parseopt.isra.0
                0x00000000000058a6       0xa2 D:\projects\mechanical_arm\ch32v307\EVT\EXAM\ETH\NetLib\libwchnet.a(tcp_in.o)
 .text.tcp_input
                0x0000000000005948      0x9b2 D:\projects\mechanical_arm\ch32v307\EVT\EXAM\ETH\NetLib\libwchnet.a(tcp_in.o)
                0x0000000000005948                tcp_input
 .text.tcp_output_set_header.isra.0.constprop.1
                0x00000000000062fa       0xcc D:\projects\mechanical_arm\ch32v307\EVT\EXAM\ETH\NetLib\libwchnet.a(tcp_out.o)
 .text.tcp_enqueue
                0x00000000000063c6      0x43c D:\projects\mechanical_arm\ch32v307\EVT\EXAM\ETH\NetLib\libwchnet.a(tcp_out.o)
                0x00000000000063c6                tcp_enqueue
 .text.tcp_send_ctrl
                0x0000000000006802       0x16 D:\projects\mechanical_arm\ch32v307\EVT\EXAM\ETH\NetLib\libwchnet.a(tcp_out.o)
                0x0000000000006802                tcp_send_ctrl
 .text.tcp_write
                0x0000000000006818       0x30 D:\projects\mechanical_arm\ch32v307\EVT\EXAM\ETH\NetLib\libwchnet.a(tcp_out.o)
                0x0000000000006818                tcp_write
 .text.tcp_send_empty_ack
                0x0000000000006848       0x6c D:\projects\mechanical_arm\ch32v307\EVT\EXAM\ETH\NetLib\libwchnet.a(tcp_out.o)
                0x0000000000006848                tcp_send_empty_ack
 .text.tcp_output
                0x00000000000068b4      0x356 D:\projects\mechanical_arm\ch32v307\EVT\EXAM\ETH\NetLib\libwchnet.a(tcp_out.o)
                0x00000000000068b4                tcp_output
 .text.tcp_rst  0x0000000000006c0a      0x104 D:\projects\mechanical_arm\ch32v307\EVT\EXAM\ETH\NetLib\libwchnet.a(tcp_out.o)
                0x0000000000006c0a                tcp_rst
 .text.tcp_rexmit_rto
                0x0000000000006d0e       0x34 D:\projects\mechanical_arm\ch32v307\EVT\EXAM\ETH\NetLib\libwchnet.a(tcp_out.o)
                0x0000000000006d0e                tcp_rexmit_rto
 .text.tcp_rexmit
                0x0000000000006d42       0x78 D:\projects\mechanical_arm\ch32v307\EVT\EXAM\ETH\NetLib\libwchnet.a(tcp_out.o)
                0x0000000000006d42                tcp_rexmit
 .text.tcp_rexmit_fast
                0x0000000000006dba       0x5e D:\projects\mechanical_arm\ch32v307\EVT\EXAM\ETH\NetLib\libwchnet.a(tcp_out.o)
                0x0000000000006dba                tcp_rexmit_fast
 .text.tcp_keepalive
                0x0000000000006e18       0x5e D:\projects\mechanical_arm\ch32v307\EVT\EXAM\ETH\NetLib\libwchnet.a(tcp_out.o)
                0x0000000000006e18                tcp_keepalive
 .text.tcp_zero_window_probe
                0x0000000000006e76       0xd0 D:\projects\mechanical_arm\ch32v307\EVT\EXAM\ETH\NetLib\libwchnet.a(tcp_out.o)
                0x0000000000006e76                tcp_zero_window_probe
 .text.udp_input
                0x0000000000006f46      0x23a D:\projects\mechanical_arm\ch32v307\EVT\EXAM\ETH\NetLib\libwchnet.a(udp.o)
                0x0000000000006f46                udp_input
 .text.udp_bind
                0x0000000000007180       0x9a D:\projects\mechanical_arm\ch32v307\EVT\EXAM\ETH\NetLib\libwchnet.a(udp.o)
                0x0000000000007180                udp_bind
 .text.udp_sendto_if
                0x000000000000721a       0xd8 D:\projects\mechanical_arm\ch32v307\EVT\EXAM\ETH\NetLib\libwchnet.a(udp.o)
                0x000000000000721a                udp_sendto_if
 .text.udp_sendto
                0x00000000000072f2       0x2e D:\projects\mechanical_arm\ch32v307\EVT\EXAM\ETH\NetLib\libwchnet.a(udp.o)
                0x00000000000072f2                udp_sendto
 .text.udp_send
                0x0000000000007320       0x12 D:\projects\mechanical_arm\ch32v307\EVT\EXAM\ETH\NetLib\libwchnet.a(udp.o)
                0x0000000000007320                udp_send
 .text.udp_connect
                0x0000000000007332       0x7e D:\projects\mechanical_arm\ch32v307\EVT\EXAM\ETH\NetLib\libwchnet.a(udp.o)
                0x0000000000007332                udp_connect
 .text.udp_recv
                0x00000000000073b0        0x6 D:\projects\mechanical_arm\ch32v307\EVT\EXAM\ETH\NetLib\libwchnet.a(udp.o)
                0x00000000000073b0                udp_recv
 .text.udp_new  0x00000000000073b6       0x24 D:\projects\mechanical_arm\ch32v307\EVT\EXAM\ETH\NetLib\libwchnet.a(udp.o)
                0x00000000000073b6                udp_new
 .text.IPCheckParaInit
                0x00000000000073da       0x1a D:\projects\mechanical_arm\ch32v307\EVT\EXAM\ETH\NetLib\libwchnet.a(ipcheck.o)
                0x00000000000073da                IPCheckParaInit
 .text.SelIPARPSend
                0x00000000000073f4       0x34 D:\projects\mechanical_arm\ch32v307\EVT\EXAM\ETH\NetLib\libwchnet.a(ipcheck.o)
                0x00000000000073f4                SelIPARPSend
 .text.IPCheckTmr
                0x0000000000007428       0x3e D:\projects\mechanical_arm\ch32v307\EVT\EXAM\ETH\NetLib\libwchnet.a(ipcheck.o)
                0x0000000000007428                IPCheckTmr
 .text.ArpCheck
                0x0000000000007466       0x24 D:\projects\mechanical_arm\ch32v307\EVT\EXAM\ETH\NetLib\libwchnet.a(ipcheck.o)
                0x0000000000007466                ArpCheck
 .text.IPConflictHandle
                0x000000000000748a       0x26 D:\projects\mechanical_arm\ch32v307\EVT\EXAM\ETH\NetLib\libwchnet.a(ipcheck.o)
                0x000000000000748a                IPConflictHandle
 .text.dhcp_set_state
                0x00000000000074b0        0xe D:\projects\mechanical_arm\ch32v307\EVT\EXAM\ETH\NetLib\libwchnet.a(wchnet_dhcp.o)
 .text.dhcp_option
                0x00000000000074be       0x20 D:\projects\mechanical_arm\ch32v307\EVT\EXAM\ETH\NetLib\libwchnet.a(wchnet_dhcp.o)
 .text.dhcp_option_byte
                0x00000000000074de       0x12 D:\projects\mechanical_arm\ch32v307\EVT\EXAM\ETH\NetLib\libwchnet.a(wchnet_dhcp.o)
 .text.dhcp_option_long
                0x00000000000074f0       0x48 D:\projects\mechanical_arm\ch32v307\EVT\EXAM\ETH\NetLib\libwchnet.a(wchnet_dhcp.o)
 .text.dhcp_option_trailer
                0x0000000000007538       0x34 D:\projects\mechanical_arm\ch32v307\EVT\EXAM\ETH\NetLib\libwchnet.a(wchnet_dhcp.o)
 .text.dhcp_create_request
                0x000000000000756c      0x17e D:\projects\mechanical_arm\ch32v307\EVT\EXAM\ETH\NetLib\libwchnet.a(wchnet_dhcp.o)
 .text.dhcp_delete_request
                0x00000000000076ea       0x20 D:\projects\mechanical_arm\ch32v307\EVT\EXAM\ETH\NetLib\libwchnet.a(wchnet_dhcp.o)
 .text.dhcp_arp_reply
                0x000000000000770a      0x184 D:\projects\mechanical_arm\ch32v307\EVT\EXAM\ETH\NetLib\libwchnet.a(wchnet_dhcp.o)
                0x000000000000770a                dhcp_arp_reply
 .text.icmp_send_response.isra.0
                0x000000000000788e       0x76 D:\projects\mechanical_arm\ch32v307\EVT\EXAM\ETH\NetLib\libwchnet.a(icmp.o)
 .text.icmp_input
                0x0000000000007904      0x250 D:\projects\mechanical_arm\ch32v307\EVT\EXAM\ETH\NetLib\libwchnet.a(icmp.o)
                0x0000000000007904                icmp_input
 .text.icmp_dest_unreach
                0x0000000000007b54       0x14 D:\projects\mechanical_arm\ch32v307\EVT\EXAM\ETH\NetLib\libwchnet.a(icmp.o)
                0x0000000000007b54                icmp_dest_unreach
 .text.icmp_time_exceeded
                0x0000000000007b68       0x14 D:\projects\mechanical_arm\ch32v307\EVT\EXAM\ETH\NetLib\libwchnet.a(icmp.o)
                0x0000000000007b68                icmp_time_exceeded
 .text.lwip_standard_chksum
                0x0000000000007b7c       0x7e D:\projects\mechanical_arm\ch32v307\EVT\EXAM\ETH\NetLib\libwchnet.a(inet_chksum.o)
 .text.inet_chksum_pseudo
                0x0000000000007bfa       0xf8 D:\projects\mechanical_arm\ch32v307\EVT\EXAM\ETH\NetLib\libwchnet.a(inet_chksum.o)
                0x0000000000007bfa                inet_chksum_pseudo
 .text.inet_chksum
                0x0000000000007cf2       0x14 D:\projects\mechanical_arm\ch32v307\EVT\EXAM\ETH\NetLib\libwchnet.a(inet_chksum.o)
                0x0000000000007cf2                inet_chksum
 .text.inet_chksum_pbuf
                0x0000000000007d06       0x6a D:\projects\mechanical_arm\ch32v307\EVT\EXAM\ETH\NetLib\libwchnet.a(inet_chksum.o)
                0x0000000000007d06                inet_chksum_pbuf
 .text.printchar
                0x0000000000007d70       0x4c d:/mounriver/mounriver_studio/toolchain/risc-v embedded gcc/bin/../lib/gcc/riscv-none-embed/8.2.0/../../../../riscv-none-embed/lib/rv32imac/ilp32\libprintf.a(wchprintf.o)
                0x0000000000007d70                printchar
 .text.prints   0x0000000000007dbc       0xe0 d:/mounriver/mounriver_studio/toolchain/risc-v embedded gcc/bin/../lib/gcc/riscv-none-embed/8.2.0/../../../../riscv-none-embed/lib/rv32imac/ilp32\libprintf.a(wchprintf.o)
                0x0000000000007dbc                prints
 .text.printInt
                0x0000000000007e9c       0xf4 d:/mounriver/mounriver_studio/toolchain/risc-v embedded gcc/bin/../lib/gcc/riscv-none-embed/8.2.0/../../../../riscv-none-embed/lib/rv32imac/ilp32\libprintf.a(wchprintf.o)
                0x0000000000007e9c                printInt
 .text.printLongLongInt
                0x0000000000007f90        0x4 d:/mounriver/mounriver_studio/toolchain/risc-v embedded gcc/bin/../lib/gcc/riscv-none-embed/8.2.0/../../../../riscv-none-embed/lib/rv32imac/ilp32\libprintf.a(wchprintf.o)
                0x0000000000007f90                printLongLongInt
 .text.printDouble
                0x0000000000007f94        0x4 d:/mounriver/mounriver_studio/toolchain/risc-v embedded gcc/bin/../lib/gcc/riscv-none-embed/8.2.0/../../../../riscv-none-embed/lib/rv32imac/ilp32\libprintf.a(wchprintf.o)
                0x0000000000007f94                printDouble
 .text.print    0x0000000000007f98      0x33c d:/mounriver/mounriver_studio/toolchain/risc-v embedded gcc/bin/../lib/gcc/riscv-none-embed/8.2.0/../../../../riscv-none-embed/lib/rv32imac/ilp32\libprintf.a(wchprintf.o)
                0x0000000000007f98                print
 .text.printf   0x00000000000082d4       0x24 d:/mounriver/mounriver_studio/toolchain/risc-v embedded gcc/bin/../lib/gcc/riscv-none-embed/8.2.0/../../../../riscv-none-embed/lib/rv32imac/ilp32\libprintf.a(wchprintf.o)
                0x00000000000082d4                printf
 .text.puts     0x00000000000082f8       0x54 d:/mounriver/mounriver_studio/toolchain/risc-v embedded gcc/bin/../lib/gcc/riscv-none-embed/8.2.0/../../../../riscv-none-embed/lib/rv32imac/ilp32\libprintf.a(wchprintf.o)
                0x00000000000082f8                puts
 .text.memcpy   0x000000000000834c       0xb6 d:/mounriver/mounriver_studio/toolchain/risc-v embedded gcc/bin/../lib/gcc/riscv-none-embed/8.2.0/../../../../riscv-none-embed/lib/rv32imac/ilp32\libg_nano.a(lib_a-memcpy.o)
                0x000000000000834c                memcpy
 *(.rodata)
 *(.rodata*)
 *fill*         0x0000000000008402        0x2 
 .rodata.HardFault_Handler.str1.4
                0x0000000000008404       0x42 ./User/ch32v30x_it.o
 *fill*         0x0000000000008446        0x2 
 .rodata.MemNum
                0x0000000000008448       0x10 ./User/main.o
                0x0000000000008448                MemNum
 .rodata.MemSize
                0x0000000000008458       0x10 ./User/main.o
                0x0000000000008458                MemSize
 .rodata.WCHNET_CreatTcpSocket.str1.4
                0x0000000000008468       0x18 ./User/main.o
 .rodata.WCHNET_HandleGlobalInt.str1.4
                0x0000000000008480       0x3e ./User/main.o
 *fill*         0x00000000000084be        0x2 
 .rodata.WCHNET_HandleSockInt.str1.4
                0x00000000000084c0       0x50 ./User/main.o
 .rodata.mStopIfError.str1.4
                0x0000000000008510        0xe ./User/main.o
 *fill*         0x000000000000851e        0x2 
 .rodata.main.str1.4
                0x0000000000008520       0x28 ./User/main.o
 .rodata.ErrTable
                0x0000000000008548       0x10 D:\projects\mechanical_arm\ch32v307\EVT\EXAM\ETH\NetLib\libwchnet.a(socket.o)
                0x0000000000008548                ErrTable
 .rodata.etharp_output.str1.4
                0x0000000000008558       0x1f D:\projects\mechanical_arm\ch32v307\EVT\EXAM\ETH\NetLib\libwchnet.a(etharp.o)
 *fill*         0x0000000000008577        0x1 
 .rodata.tcp_close
                0x0000000000008578       0x20 D:\projects\mechanical_arm\ch32v307\EVT\EXAM\ETH\NetLib\libwchnet.a(tcp.o)
 .rodata.tcp_backoff
                0x0000000000008598       0x14 D:\projects\mechanical_arm\ch32v307\EVT\EXAM\ETH\NetLib\libwchnet.a(tcp.o)
                0x0000000000008598                tcp_backoff
 .rodata.tcp_input
                0x00000000000085ac       0x20 D:\projects\mechanical_arm\ch32v307\EVT\EXAM\ETH\NetLib\libwchnet.a(tcp_in.o)
 .rodata.print.str1.4
                0x00000000000085cc        0x8 d:/mounriver/mounriver_studio/toolchain/risc-v embedded gcc/bin/../lib/gcc/riscv-none-embed/8.2.0/../../../../riscv-none-embed/lib/rv32imac/ilp32\libprintf.a(wchprintf.o)
                                          0x7 (size before relaxing)
 *(.glue_7)
 *(.glue_7t)
 *(.gnu.linkonce.t.*)
                0x00000000000085d4                . = ALIGN (0x4)

.rela.dyn       0x00000000000085d4        0x0
 .rela.text.HardFault_Handler
                0x00000000000085d4        0x0 ./User/ch32v30x_it.o
 .rela.text.mStopIfError
                0x00000000000085d4        0x0 ./User/ch32v30x_it.o
 .rela.text.WCHNET_CreatTcpSocket
                0x00000000000085d4        0x0 ./User/ch32v30x_it.o
 .rela.text.WCHNET_HandleSockInt
                0x00000000000085d4        0x0 ./User/ch32v30x_it.o
 .rela.text.startup.main
                0x00000000000085d4        0x0 ./User/ch32v30x_it.o
 .rela.init     0x00000000000085d4        0x0 ./User/ch32v30x_it.o
 .rela.vector   0x00000000000085d4        0x0 ./User/ch32v30x_it.o
 .rela.text.handle_reset
                0x00000000000085d4        0x0 ./User/ch32v30x_it.o
 .rela.text.ETH_DMATxDescChainInit
                0x00000000000085d4        0x0 ./User/ch32v30x_it.o
 .rela.text.ETH_DMARxDescChainInit
                0x00000000000085d4        0x0 ./User/ch32v30x_it.o
 .rela.text.ETH_GetCurrentTxBufferAddress
                0x00000000000085d4        0x0 ./User/ch32v30x_it.o
 .rela.text.ETH_TxPkt_ChainMode
                0x00000000000085d4        0x0 ./User/ch32v30x_it.o
 .rela.text.WCHSocketInit
                0x00000000000085d4        0x0 ./User/ch32v30x_it.o
 .rela.text.WCHNET_Init
                0x00000000000085d4        0x0 ./User/ch32v30x_it.o
 .rela.text.WCHFindCorrectTCBPcb
                0x00000000000085d4        0x0 ./User/ch32v30x_it.o
 .rela.text.WCHNET_SocketCreat
                0x00000000000085d4        0x0 ./User/ch32v30x_it.o
 .rela.text.WCHNET_SocketRecv
                0x00000000000085d4        0x0 ./User/ch32v30x_it.o
 .rela.text.WCHNET_SocketRecvLen
                0x00000000000085d4        0x0 ./User/ch32v30x_it.o
 .rela.text.SocketIPRawSend
                0x00000000000085d4        0x0 ./User/ch32v30x_it.o
 .rela.text.SocketUdpSend
                0x00000000000085d4        0x0 ./User/ch32v30x_it.o
 .rela.text.LwipRemoveTcpPcb
                0x00000000000085d4        0x0 ./User/ch32v30x_it.o
 .rela.text.WCHNET_QueryGlobalInt
                0x00000000000085d4        0x0 ./User/ch32v30x_it.o
 .rela.text.WCHNET_GetSocketInt
                0x00000000000085d4        0x0 ./User/ch32v30x_it.o
 .rela.text.CH563IPSetSocketRecvInit
                0x00000000000085d4        0x0 ./User/ch32v30x_it.o
 .rela.text.SocketTcpSend
                0x00000000000085d4        0x0 ./User/ch32v30x_it.o
 .rela.text.WCHNET_SocketSend
                0x00000000000085d4        0x0 ./User/ch32v30x_it.o
 .rela.text.WCHNET_SocketConnect
                0x00000000000085d4        0x0 ./User/ch32v30x_it.o
 .rela.sdata.arp_table
                0x00000000000085d4        0x0 ./User/ch32v30x_it.o
 .rela.text.low_level_output
                0x00000000000085d4        0x0 ./User/ch32v30x_it.o
 .rela.text.low_level_init
                0x00000000000085d4        0x0 ./User/ch32v30x_it.o
 .rela.text.mem_init
                0x00000000000085d4        0x0 ./User/ch32v30x_it.o
 .rela.text.memp_init
                0x00000000000085d4        0x0 ./User/ch32v30x_it.o
 .rela.text.prints
                0x00000000000085d4        0x0 ./User/ch32v30x_it.o
 .rela.text.printInt
                0x00000000000085d4        0x0 ./User/ch32v30x_it.o
 .rela.text.print
                0x00000000000085d4        0x0 ./User/ch32v30x_it.o
 .rela.text.printf
                0x00000000000085d4        0x0 ./User/ch32v30x_it.o

.fini           0x00000000000085d4        0x0
 *(SORT_NONE(.fini))
                0x00000000000085d4                . = ALIGN (0x4)
                [!provide]                        PROVIDE (_etext = .)
                [!provide]                        PROVIDE (_eitcm = .)

.preinit_array  0x00000000000085d4        0x0
                [!provide]                        PROVIDE (__preinit_array_start = .)
 *(.preinit_array)
                [!provide]                        PROVIDE (__preinit_array_end = .)

.init_array     0x00000000000085d4        0x0
                [!provide]                        PROVIDE (__init_array_start = .)
 *(SORT_BY_INIT_PRIORITY(.init_array.*) SORT_BY_INIT_PRIORITY(.ctors.*))
 *(.init_array EXCLUDE_FILE(*crtend?.o *crtend.o *crtbegin?.o *crtbegin.o) .ctors)
                [!provide]                        PROVIDE (__init_array_end = .)

.fini_array     0x00000000000085d4        0x0
                [!provide]                        PROVIDE (__fini_array_start = .)
 *(SORT_BY_INIT_PRIORITY(.fini_array.*) SORT_BY_INIT_PRIORITY(.dtors.*))
 *(.fini_array EXCLUDE_FILE(*crtend?.o *crtend.o *crtbegin?.o *crtbegin.o) .dtors)
                [!provide]                        PROVIDE (__fini_array_end = .)

.ctors
 *crtbegin.o(.ctors)
 *crtbegin?.o(.ctors)
 *(EXCLUDE_FILE(*crtend?.o *crtend.o) .ctors)
 *(SORT_BY_NAME(.ctors.*))
 *(.ctors)

.dtors
 *crtbegin.o(.dtors)
 *crtbegin?.o(.dtors)
 *(EXCLUDE_FILE(*crtend?.o *crtend.o) .dtors)
 *(SORT_BY_NAME(.dtors.*))
 *(.dtors)

.dalign         0x0000000020000000        0x0 load address 0x00000000000085d4
                0x0000000020000000                . = ALIGN (0x4)
                0x0000000020000000                PROVIDE (_data_vma = .)

.dlalign        0x00000000000085d4        0x0
                0x00000000000085d4                . = ALIGN (0x4)
                0x00000000000085d4                PROVIDE (_data_lma = .)

.data           0x0000000020000000       0x68 load address 0x00000000000085d4
 *(.gnu.linkonce.r.*)
 *(.data .data.*)
 .data.APBAHBPrescTable
                0x0000000020000000       0x10 ./Peripheral/src/ch32v30x_rcc.o
 *(.gnu.linkonce.d.*)
                0x0000000020000010                . = ALIGN (0x8)
                0x0000000020000810                PROVIDE (__global_pointer$ = (. + 0x800))
 *(.sdata .sdata.*)
 .sdata.DESIP   0x0000000020000010        0x4 ./User/main.o
                0x0000000020000010                DESIP
 .sdata.GWIPAddr
                0x0000000020000014        0x4 ./User/main.o
                0x0000000020000014                GWIPAddr
 .sdata.IPAddr  0x0000000020000018        0x4 ./User/main.o
                0x0000000020000018                IPAddr
 .sdata.IPMask  0x000000002000001c        0x4 ./User/main.o
                0x000000002000001c                IPMask
 .sdata.desport
                0x0000000020000020        0x2 ./User/main.o
                0x0000000020000020                desport
 .sdata.srcport
                0x0000000020000022        0x2 ./User/main.o
                0x0000000020000022                srcport
 .sdata.SystemCoreClock
                0x0000000020000024        0x4 ./User/system_ch32v30x.o
                0x0000000020000024                SystemCoreClock
 .sdata.ADCPrescTable
                0x0000000020000028        0x4 ./Peripheral/src/ch32v30x_rcc.o
 .sdata.arp_table
                0x000000002000002c        0x4 D:\projects\mechanical_arm\ch32v307\EVT\EXAM\ETH\NetLib\libwchnet.a(etharp.o)
                0x000000002000002c                arp_table
 .sdata.memp_num
                0x0000000020000030        0x4 D:\projects\mechanical_arm\ch32v307\EVT\EXAM\ETH\NetLib\libwchnet.a(memp.o)
                0x0000000020000030                memp_num
 .sdata.memp_sizes
                0x0000000020000034        0x4 D:\projects\mechanical_arm\ch32v307\EVT\EXAM\ETH\NetLib\libwchnet.a(memp.o)
                0x0000000020000034                memp_sizes
 .sdata.iss.6791
                0x0000000020000038        0x4 D:\projects\mechanical_arm\ch32v307\EVT\EXAM\ETH\NetLib\libwchnet.a(tcp.o)
 .sdata.port.6623
                0x000000002000003c        0x2 D:\projects\mechanical_arm\ch32v307\EVT\EXAM\ETH\NetLib\libwchnet.a(tcp.o)
 *fill*         0x000000002000003e        0x2 
 .sdata.xid.6638
                0x0000000020000040        0x4 D:\projects\mechanical_arm\ch32v307\EVT\EXAM\ETH\NetLib\libwchnet.a(wchnet_dhcp.o)
 *(.sdata2.*)
 .sdata2.ethbroadcast
                0x0000000020000044        0x6 D:\projects\mechanical_arm\ch32v307\EVT\EXAM\ETH\NetLib\libwchnet.a(etharp.o)
                0x0000000020000044                ethbroadcast
 *fill*         0x000000002000004a        0x2 
 .sdata2.ethzero
                0x000000002000004c        0x6 D:\projects\mechanical_arm\ch32v307\EVT\EXAM\ETH\NetLib\libwchnet.a(etharp.o)
                0x000000002000004c                ethzero
 *fill*         0x0000000020000052        0x2 
 .sdata2.ip_addr_any
                0x0000000020000054        0x4 D:\projects\mechanical_arm\ch32v307\EVT\EXAM\ETH\NetLib\libwchnet.a(ip_addr.o)
                0x0000000020000054                ip_addr_any
 .sdata2.ip_addr_broadcast
                0x0000000020000058        0x4 D:\projects\mechanical_arm\ch32v307\EVT\EXAM\ETH\NetLib\libwchnet.a(ip_addr.o)
                0x0000000020000058                ip_addr_broadcast
 .sdata2.tcp_persist_backoff
                0x000000002000005c        0x7 D:\projects\mechanical_arm\ch32v307\EVT\EXAM\ETH\NetLib\libwchnet.a(tcp.o)
                0x000000002000005c                tcp_persist_backoff
 *(.gnu.linkonce.s.*)
                0x0000000020000068                . = ALIGN (0x8)
 *fill*         0x0000000020000063        0x5 
 *(.srodata.cst16)
 *(.srodata.cst8)
 *(.srodata.cst4)
 *(.srodata.cst2)
 *(.srodata .srodata.*)
                0x0000000020000068                . = ALIGN (0x4)
                0x0000000020000068                PROVIDE (_edata = .)

.bss            0x0000000020000068     0xc3c8 load address 0x000000000000863c
                0x0000000020000068                . = ALIGN (0x4)
                0x0000000020000068                PROVIDE (_sbss = .)
 *(.sbss*)
 .sbss.p_ms     0x0000000020000068        0x2 ./Debug/debug.o
 .sbss.p_us     0x000000002000006a        0x1 ./Debug/debug.o
 *fill*         0x000000002000006b        0x1 
 .sbss.phydata  0x000000002000006c        0x4 D:\projects\mechanical_arm\ch32v307\EVT\EXAM\ETH\NetLib\libwchnet.a(socket.o)
                0x000000002000006c                phydata
 .sbss.phydatatime
                0x0000000020000070        0x4 D:\projects\mechanical_arm\ch32v307\EVT\EXAM\ETH\NetLib\libwchnet.a(socket.o)
                0x0000000020000070                phydatatime
 .sbss.tcppackt
                0x0000000020000074        0x4 D:\projects\mechanical_arm\ch32v307\EVT\EXAM\ETH\NetLib\libwchnet.a(socket.o)
                0x0000000020000074                tcppackt
 .sbss.etharp_cached_entry
                0x0000000020000078        0x1 D:\projects\mechanical_arm\ch32v307\EVT\EXAM\ETH\NetLib\libwchnet.a(etharp.o)
 *fill*         0x0000000020000079        0x3 
 .sbss.ARPTimer
                0x000000002000007c        0x4 D:\projects\mechanical_arm\ch32v307\EVT\EXAM\ETH\NetLib\libwchnet.a(ethernetif.o)
                0x000000002000007c                ARPTimer
 .sbss.DHCPTestTimer
                0x0000000020000080        0x4 D:\projects\mechanical_arm\ch32v307\EVT\EXAM\ETH\NetLib\libwchnet.a(ethernetif.o)
                0x0000000020000080                DHCPTestTimer
 .sbss.DHCPcoarseTimer
                0x0000000020000084        0x4 D:\projects\mechanical_arm\ch32v307\EVT\EXAM\ETH\NetLib\libwchnet.a(ethernetif.o)
                0x0000000020000084                DHCPcoarseTimer
 .sbss.DHCPfineTimer
                0x0000000020000088        0x4 D:\projects\mechanical_arm\ch32v307\EVT\EXAM\ETH\NetLib\libwchnet.a(ethernetif.o)
                0x0000000020000088                DHCPfineTimer
 .sbss.DNSTimer
                0x000000002000008c        0x4 D:\projects\mechanical_arm\ch32v307\EVT\EXAM\ETH\NetLib\libwchnet.a(ethernetif.o)
                0x000000002000008c                DNSTimer
 .sbss.DataLED  0x0000000020000090        0x1 D:\projects\mechanical_arm\ch32v307\EVT\EXAM\ETH\NetLib\libwchnet.a(ethernetif.o)
                0x0000000020000090                DataLED
 *fill*         0x0000000020000091        0x3 
 .sbss.IPFragTimer
                0x0000000020000094        0x4 D:\projects\mechanical_arm\ch32v307\EVT\EXAM\ETH\NetLib\libwchnet.a(ethernetif.o)
                0x0000000020000094                IPFragTimer
 .sbss.LocalTime
                0x0000000020000098        0x4 D:\projects\mechanical_arm\ch32v307\EVT\EXAM\ETH\NetLib\libwchnet.a(ethernetif.o)
                0x0000000020000098                LocalTime
 .sbss.MacRevcNull
                0x000000002000009c        0x1 D:\projects\mechanical_arm\ch32v307\EVT\EXAM\ETH\NetLib\libwchnet.a(ethernetif.o)
 *fill*         0x000000002000009d        0x3 
 .sbss.SuccessPackets
                0x00000000200000a0        0x4 D:\projects\mechanical_arm\ch32v307\EVT\EXAM\ETH\NetLib\libwchnet.a(ethernetif.o)
                0x00000000200000a0                SuccessPackets
 .sbss.TCPTimer
                0x00000000200000a4        0x4 D:\projects\mechanical_arm\ch32v307\EVT\EXAM\ETH\NetLib\libwchnet.a(ethernetif.o)
                0x00000000200000a4                TCPTimer
 .sbss.WCHGWIPAddr
                0x00000000200000a8        0x4 D:\projects\mechanical_arm\ch32v307\EVT\EXAM\ETH\NetLib\libwchnet.a(ethernetif.o)
                0x00000000200000a8                WCHGWIPAddr
 .sbss.WCHIPAddr
                0x00000000200000ac        0x4 D:\projects\mechanical_arm\ch32v307\EVT\EXAM\ETH\NetLib\libwchnet.a(ethernetif.o)
                0x00000000200000ac                WCHIPAddr
 .sbss.WCHIPMask
                0x00000000200000b0        0x4 D:\projects\mechanical_arm\ch32v307\EVT\EXAM\ETH\NetLib\libwchnet.a(ethernetif.o)
                0x00000000200000b0                WCHIPMask
 .sbss.WCHMACAddr
                0x00000000200000b4        0x4 D:\projects\mechanical_arm\ch32v307\EVT\EXAM\ETH\NetLib\libwchnet.a(ethernetif.o)
                0x00000000200000b4                WCHMACAddr
 .sbss.current_header
                0x00000000200000b8        0x4 D:\projects\mechanical_arm\ch32v307\EVT\EXAM\ETH\NetLib\libwchnet.a(ip.o)
                0x00000000200000b8                current_header
 .sbss.current_netif
                0x00000000200000bc        0x4 D:\projects\mechanical_arm\ch32v307\EVT\EXAM\ETH\NetLib\libwchnet.a(ip.o)
                0x00000000200000bc                current_netif
 .sbss.ip_id.6659
                0x00000000200000c0        0x2 D:\projects\mechanical_arm\ch32v307\EVT\EXAM\ETH\NetLib\libwchnet.a(ip.o)
 .sbss.ip_reass_pbufcount
                0x00000000200000c2        0x2 D:\projects\mechanical_arm\ch32v307\EVT\EXAM\ETH\NetLib\libwchnet.a(ip_frag.o)
 .sbss.reassdatagrams
                0x00000000200000c4        0x4 D:\projects\mechanical_arm\ch32v307\EVT\EXAM\ETH\NetLib\libwchnet.a(ip_frag.o)
 .sbss.lfree    0x00000000200000c8        0x4 D:\projects\mechanical_arm\ch32v307\EVT\EXAM\ETH\NetLib\libwchnet.a(mem.o)
 .sbss.ram      0x00000000200000cc        0x4 D:\projects\mechanical_arm\ch32v307\EVT\EXAM\ETH\NetLib\libwchnet.a(mem.o)
 .sbss.ram_end  0x00000000200000d0        0x4 D:\projects\mechanical_arm\ch32v307\EVT\EXAM\ETH\NetLib\libwchnet.a(mem.o)
 .sbss.netif_default
                0x00000000200000d4        0x4 D:\projects\mechanical_arm\ch32v307\EVT\EXAM\ETH\NetLib\libwchnet.a(netif.o)
                0x00000000200000d4                netif_default
 .sbss.netif_list
                0x00000000200000d8        0x4 D:\projects\mechanical_arm\ch32v307\EVT\EXAM\ETH\NetLib\libwchnet.a(netif.o)
                0x00000000200000d8                netif_list
 .sbss.netifnum.6387
                0x00000000200000dc        0x1 D:\projects\mechanical_arm\ch32v307\EVT\EXAM\ETH\NetLib\libwchnet.a(netif.o)
 *fill*         0x00000000200000dd        0x3 
 .sbss.raw_pcbs
                0x00000000200000e0        0x4 D:\projects\mechanical_arm\ch32v307\EVT\EXAM\ETH\NetLib\libwchnet.a(raw.o)
 .sbss.tcp_active_pcbs
                0x00000000200000e4        0x4 D:\projects\mechanical_arm\ch32v307\EVT\EXAM\ETH\NetLib\libwchnet.a(tcp.o)
                0x00000000200000e4                tcp_active_pcbs
 .sbss.tcp_bound_pcbs
                0x00000000200000e8        0x4 D:\projects\mechanical_arm\ch32v307\EVT\EXAM\ETH\NetLib\libwchnet.a(tcp.o)
                0x00000000200000e8                tcp_bound_pcbs
 .sbss.tcp_listen_pcbs
                0x00000000200000ec        0x4 D:\projects\mechanical_arm\ch32v307\EVT\EXAM\ETH\NetLib\libwchnet.a(tcp.o)
                0x00000000200000ec                tcp_listen_pcbs
 .sbss.tcp_ticks
                0x00000000200000f0        0x4 D:\projects\mechanical_arm\ch32v307\EVT\EXAM\ETH\NetLib\libwchnet.a(tcp.o)
                0x00000000200000f0                tcp_ticks
 .sbss.tcp_timer
                0x00000000200000f4        0x1 D:\projects\mechanical_arm\ch32v307\EVT\EXAM\ETH\NetLib\libwchnet.a(tcp.o)
 *fill*         0x00000000200000f5        0x3 
 .sbss.tcp_tmp_pcb
                0x00000000200000f8        0x4 D:\projects\mechanical_arm\ch32v307\EVT\EXAM\ETH\NetLib\libwchnet.a(tcp.o)
                0x00000000200000f8                tcp_tmp_pcb
 .sbss.tcp_tw_pcbs
                0x00000000200000fc        0x4 D:\projects\mechanical_arm\ch32v307\EVT\EXAM\ETH\NetLib\libwchnet.a(tcp.o)
                0x00000000200000fc                tcp_tw_pcbs
 .sbss.ackno    0x0000000020000100        0x4 D:\projects\mechanical_arm\ch32v307\EVT\EXAM\ETH\NetLib\libwchnet.a(tcp_in.o)
 .sbss.flags    0x0000000020000104        0x1 D:\projects\mechanical_arm\ch32v307\EVT\EXAM\ETH\NetLib\libwchnet.a(tcp_in.o)
 *fill*         0x0000000020000105        0x3 
 .sbss.iphdr    0x0000000020000108        0x4 D:\projects\mechanical_arm\ch32v307\EVT\EXAM\ETH\NetLib\libwchnet.a(tcp_in.o)
 .sbss.recv_data
                0x000000002000010c        0x4 D:\projects\mechanical_arm\ch32v307\EVT\EXAM\ETH\NetLib\libwchnet.a(tcp_in.o)
 .sbss.recv_flags
                0x0000000020000110        0x1 D:\projects\mechanical_arm\ch32v307\EVT\EXAM\ETH\NetLib\libwchnet.a(tcp_in.o)
 *fill*         0x0000000020000111        0x3 
 .sbss.seqno    0x0000000020000114        0x4 D:\projects\mechanical_arm\ch32v307\EVT\EXAM\ETH\NetLib\libwchnet.a(tcp_in.o)
 .sbss.tcp_input_pcb
                0x0000000020000118        0x4 D:\projects\mechanical_arm\ch32v307\EVT\EXAM\ETH\NetLib\libwchnet.a(tcp_in.o)
                0x0000000020000118                tcp_input_pcb
 .sbss.tcphdr   0x000000002000011c        0x4 D:\projects\mechanical_arm\ch32v307\EVT\EXAM\ETH\NetLib\libwchnet.a(tcp_in.o)
 .sbss.tcplen   0x0000000020000120        0x2 D:\projects\mechanical_arm\ch32v307\EVT\EXAM\ETH\NetLib\libwchnet.a(tcp_in.o)
 *fill*         0x0000000020000122        0x2 
 .sbss.udp_pcbs
                0x0000000020000124        0x4 D:\projects\mechanical_arm\ch32v307\EVT\EXAM\ETH\NetLib\libwchnet.a(udp.o)
                0x0000000020000124                udp_pcbs
 .sbss.ArpCheckTime
                0x0000000020000128        0x4 D:\projects\mechanical_arm\ch32v307\EVT\EXAM\ETH\NetLib\libwchnet.a(ipcheck.o)
                0x0000000020000128                ArpCheckTime
 *(.gnu.linkonce.sb.*)
 *(.bss*)
 .bss.KeepLiveCfg
                0x000000002000012c        0xc D:\projects\mechanical_arm\ch32v307\EVT\EXAM\ETH\NetLib\libwchnet.a(socket.o)
                0x000000002000012c                KeepLiveCfg
 .bss.NetInf    0x0000000020000138       0x44 D:\projects\mechanical_arm\ch32v307\EVT\EXAM\ETH\NetLib\libwchnet.a(socket.o)
                0x0000000020000138                NetInf
 .bss.WCHCfg    0x000000002000017c       0x14 D:\projects\mechanical_arm\ch32v307\EVT\EXAM\ETH\NetLib\libwchnet.a(socket.o)
                0x000000002000017c                WCHCfg
 .bss.DHCPCtrl  0x0000000020000190       0x18 D:\projects\mechanical_arm\ch32v307\EVT\EXAM\ETH\NetLib\libwchnet.a(ethernetif.o)
                0x0000000020000190                DHCPCtrl
 .bss.RxCtrl    0x00000000200001a8       0xd0 D:\projects\mechanical_arm\ch32v307\EVT\EXAM\ETH\NetLib\libwchnet.a(ethernetif.o)
                0x00000000200001a8                RxCtrl
 .bss.TXCtrl    0x0000000020000278       0x14 D:\projects\mechanical_arm\ch32v307\EVT\EXAM\ETH\NetLib\libwchnet.a(ethernetif.o)
                0x0000000020000278                TXCtrl
 .bss.WCHNetIf  0x000000002000028c       0x38 D:\projects\mechanical_arm\ch32v307\EVT\EXAM\ETH\NetLib\libwchnet.a(ethernetif.o)
                0x000000002000028c                WCHNetIf
 .bss.dhcp_host_name
                0x00000000200002c4       0x32 D:\projects\mechanical_arm\ch32v307\EVT\EXAM\ETH\NetLib\libwchnet.a(ethernetif.o)
                0x00000000200002c4                dhcp_host_name
 *fill*         0x00000000200002f6        0x2 
 .bss.memp_tab  0x00000000200002f8       0x20 D:\projects\mechanical_arm\ch32v307\EVT\EXAM\ETH\NetLib\libwchnet.a(memp.o)
 .bss.inseg     0x0000000020000318       0x14 D:\projects\mechanical_arm\ch32v307\EVT\EXAM\ETH\NetLib\libwchnet.a(tcp_in.o)
 .bss.SelARP    0x000000002000032c        0xc D:\projects\mechanical_arm\ch32v307\EVT\EXAM\ETH\NetLib\libwchnet.a(ipcheck.o)
                0x000000002000032c                SelARP
 .bss.DNSInf    0x0000000020000338       0x14 D:\projects\mechanical_arm\ch32v307\EVT\EXAM\ETH\NetLib\libwchnet.a(wchnet_dns.o)
                0x0000000020000338                DNSInf
 *(.gnu.linkonce.b.*)
 *(COMMON*)
 COMMON         0x000000002000034c     0xc0d4 ./User/main.o
                0x000000002000034c                MACAddr
                0x0000000020000354                MACRxBuf
                0x0000000020003eb4                SocketId
                0x0000000020003eb8                MyBuf
                0x00000000200044f8                Mem_Heap_Memory
                0x000000002000570c                Memp_Memory
                0x0000000020008260                DMATxDscrTab
                0x0000000020008280                DMARxDscrTab
                0x0000000020008320                MACTxBuf
                0x0000000020008f00                Mem_ArpTable
                0x0000000020009040                SocketInf
                0x0000000020009220                SocketRecvBuf
 COMMON         0x000000002000c420       0x10 ./Peripheral/src/ch32v30x_eth.o
                0x000000002000c420                DMAPTPRxDescToGet
                0x000000002000c424                DMARxDescToGet
                0x000000002000c428                DMATxDescToSet
                0x000000002000c42c                DMAPTPTxDescToSet
                0x000000002000c430                . = ALIGN (0x4)
                0x000000002000c430                PROVIDE (_ebss = .)
                0x000000002000c430                PROVIDE (_end = _ebss)
                [!provide]                        PROVIDE (end = .)

.stack          0x000000002001f800      0x800
                0x000000002001f800                PROVIDE (_heap_end = .)
                0x000000002001f800                . = ALIGN (0x4)
                [!provide]                        PROVIDE (_susrstack = .)
                0x0000000020020000                . = (. + __stack_size)
 *fill*         0x000000002001f800      0x800 
                0x0000000020020000                PROVIDE (_eusrstack = .)
OUTPUT(TcpClient.elf elf32-littleriscv)

.debug_info     0x0000000000000000     0xef10
 .debug_info    0x0000000000000000      0xde7 ./User/ch32v30x_it.o
 .debug_info    0x0000000000000de7     0x219a ./User/main.o
 .debug_info    0x0000000000002f81      0xb63 ./User/system_ch32v30x.o
 .debug_info    0x0000000000003ae4       0x22 ./Startup/startup_ch32v30x_D8C.o
 .debug_info    0x0000000000003b06     0x270d ./Peripheral/src/ch32v30x_eth.o
 .debug_info    0x0000000000006213     0x1360 ./Peripheral/src/ch32v30x_flash.o
 .debug_info    0x0000000000007573     0x1093 ./Peripheral/src/ch32v30x_gpio.o
 .debug_info    0x0000000000008606     0x155d ./Peripheral/src/ch32v30x_rcc.o
 .debug_info    0x0000000000009b63     0x2a18 ./Peripheral/src/ch32v30x_tim.o
 .debug_info    0x000000000000c57b     0x1420 ./Peripheral/src/ch32v30x_usart.o
 .debug_info    0x000000000000d99b      0xf1c ./Debug/debug.o
 .debug_info    0x000000000000e8b7      0x659 ./Core/core_riscv.o

.debug_abbrev   0x0000000000000000     0x250d
 .debug_abbrev  0x0000000000000000      0x281 ./User/ch32v30x_it.o
 .debug_abbrev  0x0000000000000281      0x52a ./User/main.o
 .debug_abbrev  0x00000000000007ab      0x2c0 ./User/system_ch32v30x.o
 .debug_abbrev  0x0000000000000a6b       0x12 ./Startup/startup_ch32v30x_D8C.o
 .debug_abbrev  0x0000000000000a7d      0x49c ./Peripheral/src/ch32v30x_eth.o
 .debug_abbrev  0x0000000000000f19      0x43d ./Peripheral/src/ch32v30x_flash.o
 .debug_abbrev  0x0000000000001356      0x31a ./Peripheral/src/ch32v30x_gpio.o
 .debug_abbrev  0x0000000000001670      0x351 ./Peripheral/src/ch32v30x_rcc.o
 .debug_abbrev  0x00000000000019c1      0x421 ./Peripheral/src/ch32v30x_tim.o
 .debug_abbrev  0x0000000000001de2      0x325 ./Peripheral/src/ch32v30x_usart.o
 .debug_abbrev  0x0000000000002107      0x2f9 ./Debug/debug.o
 .debug_abbrev  0x0000000000002400      0x10d ./Core/core_riscv.o

.debug_aranges  0x0000000000000000      0xc98
 .debug_aranges
                0x0000000000000000       0x38 ./User/ch32v30x_it.o
 .debug_aranges
                0x0000000000000038       0x78 ./User/main.o
 .debug_aranges
                0x00000000000000b0       0x28 ./User/system_ch32v30x.o
 .debug_aranges
                0x00000000000000d8       0x30 ./Startup/startup_ch32v30x_D8C.o
 .debug_aranges
                0x0000000000000108      0x300 ./Peripheral/src/ch32v30x_eth.o
 .debug_aranges
                0x0000000000000408       0xe8 ./Peripheral/src/ch32v30x_flash.o
 .debug_aranges
                0x00000000000004f0       0xa8 ./Peripheral/src/ch32v30x_gpio.o
 .debug_aranges
                0x0000000000000598      0x1a8 ./Peripheral/src/ch32v30x_rcc.o
 .debug_aranges
                0x0000000000000740      0x2d0 ./Peripheral/src/ch32v30x_tim.o
 .debug_aranges
                0x0000000000000a10      0x100 ./Peripheral/src/ch32v30x_usart.o
 .debug_aranges
                0x0000000000000b10       0x48 ./Debug/debug.o
 .debug_aranges
                0x0000000000000b58      0x140 ./Core/core_riscv.o

.debug_ranges   0x0000000000000000      0xd30
 .debug_ranges  0x0000000000000000       0x28 ./User/ch32v30x_it.o
 .debug_ranges  0x0000000000000028       0xb0 ./User/main.o
 .debug_ranges  0x00000000000000d8       0x38 ./User/system_ch32v30x.o
 .debug_ranges  0x0000000000000110       0x28 ./Startup/startup_ch32v30x_D8C.o
 .debug_ranges  0x0000000000000138      0x390 ./Peripheral/src/ch32v30x_eth.o
 .debug_ranges  0x00000000000004c8       0xd8 ./Peripheral/src/ch32v30x_flash.o
 .debug_ranges  0x00000000000005a0       0x98 ./Peripheral/src/ch32v30x_gpio.o
 .debug_ranges  0x0000000000000638      0x198 ./Peripheral/src/ch32v30x_rcc.o
 .debug_ranges  0x00000000000007d0      0x308 ./Peripheral/src/ch32v30x_tim.o
 .debug_ranges  0x0000000000000ad8       0xf0 ./Peripheral/src/ch32v30x_usart.o
 .debug_ranges  0x0000000000000bc8       0x38 ./Debug/debug.o
 .debug_ranges  0x0000000000000c00      0x130 ./Core/core_riscv.o

.debug_line     0x0000000000000000     0xe392
 .debug_line    0x0000000000000000      0x403 ./User/ch32v30x_it.o
 .debug_line    0x0000000000000403      0xca4 ./User/main.o
 .debug_line    0x00000000000010a7      0x72c ./User/system_ch32v30x.o
 .debug_line    0x00000000000017d3      0x348 ./Startup/startup_ch32v30x_D8C.o
 .debug_line    0x0000000000001b1b     0x3234 ./Peripheral/src/ch32v30x_eth.o
 .debug_line    0x0000000000004d4f     0x1cad ./Peripheral/src/ch32v30x_flash.o
 .debug_line    0x00000000000069fc      0xdde ./Peripheral/src/ch32v30x_gpio.o
 .debug_line    0x00000000000077da     0x181e ./Peripheral/src/ch32v30x_rcc.o
 .debug_line    0x0000000000008ff8     0x3442 ./Peripheral/src/ch32v30x_tim.o
 .debug_line    0x000000000000c43a     0x10d7 ./Peripheral/src/ch32v30x_usart.o
 .debug_line    0x000000000000d511      0x719 ./Debug/debug.o
 .debug_line    0x000000000000dc2a      0x768 ./Core/core_riscv.o

.debug_str      0x0000000000000000     0x4544
 .debug_str     0x0000000000000000      0x7ac ./User/ch32v30x_it.o
                                        0x836 (size before relaxing)
 .debug_str     0x00000000000007ac      0xcbd ./User/main.o
                                       0x148c (size before relaxing)
 .debug_str     0x0000000000001469       0xf0 ./User/system_ch32v30x.o
                                        0x6a9 (size before relaxing)
 .debug_str     0x0000000000001559       0x5c ./Startup/startup_ch32v30x_D8C.o
                                         0x9b (size before relaxing)
 .debug_str     0x00000000000015b5     0x1272 ./Peripheral/src/ch32v30x_eth.o
                                       0x192a (size before relaxing)
 .debug_str     0x0000000000002827      0x41f ./Peripheral/src/ch32v30x_flash.o
                                        0xa84 (size before relaxing)
 .debug_str     0x0000000000002c46      0x25a ./Peripheral/src/ch32v30x_gpio.o
                                        0x997 (size before relaxing)
 .debug_str     0x0000000000002ea0      0x57e ./Peripheral/src/ch32v30x_rcc.o
                                        0xce7 (size before relaxing)
 .debug_str     0x000000000000341e      0xa31 ./Peripheral/src/ch32v30x_tim.o
                                       0x12a1 (size before relaxing)
 .debug_str     0x0000000000003e4f      0x444 ./Peripheral/src/ch32v30x_usart.o
                                        0xb3d (size before relaxing)
 .debug_str     0x0000000000004293       0xc0 ./Debug/debug.o
                                        0x925 (size before relaxing)
 .debug_str     0x0000000000004353      0x1f1 ./Core/core_riscv.o
                                        0x3a2 (size before relaxing)

.comment        0x0000000000000000       0x33
 .comment       0x0000000000000000       0x33 ./User/ch32v30x_it.o
                                         0x34 (size before relaxing)
 .comment       0x0000000000000033       0x34 ./User/main.o
 .comment       0x0000000000000033       0x34 ./User/system_ch32v30x.o
 .comment       0x0000000000000033       0x34 ./Peripheral/src/ch32v30x_eth.o
 .comment       0x0000000000000033       0x34 ./Peripheral/src/ch32v30x_flash.o
 .comment       0x0000000000000033       0x34 ./Peripheral/src/ch32v30x_gpio.o
 .comment       0x0000000000000033       0x34 ./Peripheral/src/ch32v30x_rcc.o
 .comment       0x0000000000000033       0x34 ./Peripheral/src/ch32v30x_tim.o
 .comment       0x0000000000000033       0x34 ./Peripheral/src/ch32v30x_usart.o
 .comment       0x0000000000000033       0x34 ./Debug/debug.o
 .comment       0x0000000000000033       0x34 ./Core/core_riscv.o
 .comment       0x0000000000000033       0x34 D:\projects\mechanical_arm\ch32v307\EVT\EXAM\ETH\NetLib\libwchnet.a(eth_driver.o)
 .comment       0x0000000000000033       0x34 D:\projects\mechanical_arm\ch32v307\EVT\EXAM\ETH\NetLib\libwchnet.a(socket.o)
 .comment       0x0000000000000033       0x34 D:\projects\mechanical_arm\ch32v307\EVT\EXAM\ETH\NetLib\libwchnet.a(etharp.o)
 .comment       0x0000000000000033       0x34 D:\projects\mechanical_arm\ch32v307\EVT\EXAM\ETH\NetLib\libwchnet.a(ethernetif.o)
 .comment       0x0000000000000033       0x34 D:\projects\mechanical_arm\ch32v307\EVT\EXAM\ETH\NetLib\libwchnet.a(inet.o)
 .comment       0x0000000000000033       0x34 D:\projects\mechanical_arm\ch32v307\EVT\EXAM\ETH\NetLib\libwchnet.a(ip.o)
 .comment       0x0000000000000033       0x34 D:\projects\mechanical_arm\ch32v307\EVT\EXAM\ETH\NetLib\libwchnet.a(ip_addr.o)
 .comment       0x0000000000000033       0x34 D:\projects\mechanical_arm\ch32v307\EVT\EXAM\ETH\NetLib\libwchnet.a(ip_frag.o)
 .comment       0x0000000000000033       0x34 D:\projects\mechanical_arm\ch32v307\EVT\EXAM\ETH\NetLib\libwchnet.a(init.o)
 .comment       0x0000000000000033       0x34 D:\projects\mechanical_arm\ch32v307\EVT\EXAM\ETH\NetLib\libwchnet.a(mem.o)
 .comment       0x0000000000000033       0x34 D:\projects\mechanical_arm\ch32v307\EVT\EXAM\ETH\NetLib\libwchnet.a(memp.o)
 .comment       0x0000000000000033       0x34 D:\projects\mechanical_arm\ch32v307\EVT\EXAM\ETH\NetLib\libwchnet.a(netif.o)
 .comment       0x0000000000000033       0x34 D:\projects\mechanical_arm\ch32v307\EVT\EXAM\ETH\NetLib\libwchnet.a(pbuf.o)
 .comment       0x0000000000000033       0x34 D:\projects\mechanical_arm\ch32v307\EVT\EXAM\ETH\NetLib\libwchnet.a(raw.o)
 .comment       0x0000000000000033       0x34 D:\projects\mechanical_arm\ch32v307\EVT\EXAM\ETH\NetLib\libwchnet.a(tcp.o)
 .comment       0x0000000000000033       0x34 D:\projects\mechanical_arm\ch32v307\EVT\EXAM\ETH\NetLib\libwchnet.a(tcp_in.o)
 .comment       0x0000000000000033       0x34 D:\projects\mechanical_arm\ch32v307\EVT\EXAM\ETH\NetLib\libwchnet.a(tcp_out.o)
 .comment       0x0000000000000033       0x34 D:\projects\mechanical_arm\ch32v307\EVT\EXAM\ETH\NetLib\libwchnet.a(udp.o)
 .comment       0x0000000000000033       0x34 D:\projects\mechanical_arm\ch32v307\EVT\EXAM\ETH\NetLib\libwchnet.a(ipcheck.o)
 .comment       0x0000000000000033       0x34 D:\projects\mechanical_arm\ch32v307\EVT\EXAM\ETH\NetLib\libwchnet.a(wchnet_dhcp.o)
 .comment       0x0000000000000033       0x34 D:\projects\mechanical_arm\ch32v307\EVT\EXAM\ETH\NetLib\libwchnet.a(wchnet_dns.o)
 .comment       0x0000000000000033       0x34 D:\projects\mechanical_arm\ch32v307\EVT\EXAM\ETH\NetLib\libwchnet.a(icmp.o)
 .comment       0x0000000000000033       0x34 D:\projects\mechanical_arm\ch32v307\EVT\EXAM\ETH\NetLib\libwchnet.a(inet_chksum.o)
 .comment       0x0000000000000033       0x34 d:/mounriver/mounriver_studio/toolchain/risc-v embedded gcc/bin/../lib/gcc/riscv-none-embed/8.2.0/../../../../riscv-none-embed/lib/rv32imac/ilp32\libprintf.a(wchprintf.o)

.debug_frame    0x0000000000000000     0x1ba8
 .debug_frame   0x0000000000000000       0x50 ./User/ch32v30x_it.o
 .debug_frame   0x0000000000000050      0x16c ./User/main.o
 .debug_frame   0x00000000000001bc       0x3c ./User/system_ch32v30x.o
 .debug_frame   0x00000000000001f8      0x6a4 ./Peripheral/src/ch32v30x_eth.o
 .debug_frame   0x000000000000089c      0x2dc ./Peripheral/src/ch32v30x_flash.o
 .debug_frame   0x0000000000000b78      0x150 ./Peripheral/src/ch32v30x_gpio.o
 .debug_frame   0x0000000000000cc8      0x340 ./Peripheral/src/ch32v30x_rcc.o
 .debug_frame   0x0000000000001008      0x66c ./Peripheral/src/ch32v30x_tim.o
 .debug_frame   0x0000000000001674      0x210 ./Peripheral/src/ch32v30x_usart.o
 .debug_frame   0x0000000000001884       0xa4 ./Debug/debug.o
 .debug_frame   0x0000000000001928      0x260 ./Core/core_riscv.o